Archive member included to satisfy reference by file (symbol)

../lib/libDaisy/build/libdaisy.a(daisy_pod.o)
                              build/SynthV8.o (daisy::DaisyPod::StartAudio(void (*)(float const*, float*, unsigned int)))
../lib/libDaisy/build/libdaisy.a(daisy_seed.o)
                              build/SynthV8.o (daisy::DaisySeed::Configure())
../lib/libDaisy/build/libdaisy.a(codec_ak4556.o)
                              ../lib/libDaisy/build/libdaisy.a(daisy_seed.o) (daisy::Ak4556::Init(daisy::Pin))
../lib/libDaisy/build/libdaisy.a(codec_wm8731.o)
                              ../lib/libDaisy/build/libdaisy.a(daisy_seed.o) (daisy::Wm8731::Init(daisy::Wm8731::Config const&, daisy::I2CHandle))
../lib/libDaisy/build/libdaisy.a(sdram.o)
                              ../lib/libDaisy/build/libdaisy.a(daisy_seed.o) (SdramHandle::Init())
../lib/libDaisy/build/libdaisy.a(audio.o)
                              ../lib/libDaisy/build/libdaisy.a(daisy_seed.o) (daisy::AudioHandle::Init(daisy::AudioHandle::Config const&, daisy::SaiHandle))
../lib/libDaisy/build/libdaisy.a(ctrl.o)
                              ../lib/libDaisy/build/libdaisy.a(daisy_pod.o) (daisy::AnalogControl::Init(unsigned short*, float, bool, bool, float))
../lib/libDaisy/build/libdaisy.a(encoder.o)
                              ../lib/libDaisy/build/libdaisy.a(daisy_pod.o) (daisy::Encoder::Init(daisy::Pin, daisy::Pin, daisy::Pin, float))
../lib/libDaisy/build/libdaisy.a(logger.o)
                              build/SynthV8.o (daisy::Logger<(daisy::LoggerDestination)1>::PrintLine(char const*, ...))
../lib/libDaisy/build/libdaisy.a(midi.o)
                              build/SynthV8.o (daisy::MidiUartTransport::Config::Config())
../lib/libDaisy/build/libdaisy.a(midi_parser.o)
                              ../lib/libDaisy/build/libdaisy.a(daisy_pod.o) (daisy::MidiParser::Reset())
../lib/libDaisy/build/libdaisy.a(parameter.o)
                              build/SynthV8.o (daisy::Parameter::Init(daisy::AnalogControl, float, float, daisy::Parameter::Curve))
../lib/libDaisy/build/libdaisy.a(rgb_led.o)
                              ../lib/libDaisy/build/libdaisy.a(daisy_pod.o) (daisy::RgbLed::Init(daisy::Pin, daisy::Pin, daisy::Pin, bool))
../lib/libDaisy/build/libdaisy.a(switch.o)
                              ../lib/libDaisy/build/libdaisy.a(daisy_pod.o) (daisy::Switch::Init(daisy::Pin, float))
../lib/libDaisy/build/libdaisy.a(usb.o)
                              ../lib/libDaisy/build/libdaisy.a(logger.o) (daisy::UsbHandle::Init(daisy::UsbHandle::UsbPeriph))
../lib/libDaisy/build/libdaisy.a(adc.o)
                              ../lib/libDaisy/build/libdaisy.a(daisy_pod.o) (daisy::AdcChannelConfig::InitSingle(daisy::Pin, daisy::AdcChannelConfig::ConversionSpeed))
../lib/libDaisy/build/libdaisy.a(gpio.o)
                              ../lib/libDaisy/build/libdaisy.a(daisy_seed.o) (daisy::GPIO::Init(daisy::GPIO::Config const&))
../lib/libDaisy/build/libdaisy.a(i2c.o)
                              build/SynthV8.o (daisy::I2CHandle::Init(daisy::I2CHandle::Config const&))
../lib/libDaisy/build/libdaisy.a(qspi.o)
                              ../lib/libDaisy/build/libdaisy.a(daisy_seed.o) (daisy::QSPIHandle::Init(daisy::QSPIHandle::Config const&))
../lib/libDaisy/build/libdaisy.a(sai.o)
                              ../lib/libDaisy/build/libdaisy.a(daisy_seed.o) (daisy::SaiHandle::Init(daisy::SaiHandle::Config const&))
../lib/libDaisy/build/libdaisy.a(uart.o)
                              ../lib/libDaisy/build/libdaisy.a(daisy_pod.o) (daisy::UartHandler::Init(daisy::UartHandler::Config const&))
../lib/libDaisy/build/libdaisy.a(dma.o)
                              ../lib/libDaisy/build/libdaisy.a(uart.o) (dsy_dma_invalidate_cache_for_buffer)
../lib/libDaisy/build/libdaisy.a(system.o)
                              ../lib/libDaisy/build/libdaisy.a(daisy_seed.o) (daisy::System::DeInit())
../lib/libDaisy/build/libdaisy.a(system_stm32h7xx.o)
                              build/startup_stm32h750xx.o (SystemInit)
../lib/libDaisy/build/libdaisy.a(usbd_cdc_if.o)
                              ../lib/libDaisy/build/libdaisy.a(usb.o) (CDC_Transmit_FS)
../lib/libDaisy/build/libdaisy.a(usbd_conf.o)
                              ../lib/libDaisy/build/libdaisy.a(system.o) (hpcd_USB_OTG_HS)
../lib/libDaisy/build/libdaisy.a(usbd_desc.o)
                              ../lib/libDaisy/build/libdaisy.a(usb.o) (HS_Desc)
../lib/libDaisy/build/libdaisy.a(usbh_conf.o)
                              ../lib/libDaisy/build/libdaisy.a(system.o) (hhcd_USB_OTG_HS)
../lib/libDaisy/build/libdaisy.a(color.o)
                              ../lib/libDaisy/build/libdaisy.a(daisy_pod.o) (daisy::Color::Init(daisy::Color::PresetColor))
../lib/libDaisy/build/libdaisy.a(oled_fonts.o)
                              build/SynthV8.o (Font_11x18)
../lib/libDaisy/build/libdaisy.a(stm32h7xx_hal.o)
                              ../lib/libDaisy/build/libdaisy.a(system.o) (HAL_Init)
[...]
Memory Configuration

Name             Origin             Length             Attributes
FLASH            0x0000000008000000 0x0000000000020000 xr
DTCMRAM          0x0000000020000000 0x0000000000020000 xrw
SRAM             0x0000000024000000 0x0000000000080000 xrw
RAM_D2           0x0000000030000000 0x0000000000048000 xrw
RAM_D3           0x0000000038000000 0x0000000000010000 xrw
BACKUP_SRAM      0x0000000038800000 0x0000000000001000 xrw
ITCMRAM          0x0000000000000000 0x0000000000010000 xrw
SDRAM            0x00000000c0000000 0x0000000004000000 xrw
QSPIFLASH        0x0000000090000000 0x0000000000800000 xr
*default*        0x0000000000000000 0xffffffffffffffff

Linker script and memory map

LOAD /Library/DaisyToolchain/0.2.0/arm/bin/../lib/gcc/arm-none-eabi/10.3.1/thumb/v7e-m+dp/hard/crti.o
LOAD /Library/DaisyToolchain/0.2.0/arm/bin/../lib/gcc/arm-none-eabi/10.3.1/thumb/v7e-m+dp/hard/crtbegin.o
LOAD /Library/DaisyToolchain/0.2.0/arm/bin/../lib/gcc/arm-none-eabi/10.3.1/../../../../arm-none-eabi/lib/thumb/v7e-m+dp/hard/crt0.o
LOAD build/startup_stm32h750xx.o
LOAD build/SynthV8.o
LOAD ../lib/libDaisy/build/libdaisy.a
LOAD /Library/DaisyToolchain/0.2.0/arm/bin/../lib/gcc/arm-none-eabi/10.3.1/../../../../arm-none-eabi/lib/thumb/v7e-m+dp/hard/libnosys.a
LOAD ../lib/DaisySP/build/libdaisysp.a
LOAD ../lib/DaisySP/DaisySP-LGPL/build/libdaisysp-lgpl.a
LOAD /Library/DaisyToolchain/0.2.0/arm/bin/../lib/gcc/arm-none-eabi/10.3.1/../../../../arm-none-eabi/lib/thumb/v7e-m+dp/hard/libstdc++_nano.a
LOAD /Library/DaisyToolchain/0.2.0/arm/bin/../lib/gcc/arm-none-eabi/10.3.1/../../../../arm-none-eabi/lib/thumb/v7e-m+dp/hard/libm.a
LOAD /Library/DaisyToolchain/0.2.0/arm/bin/../lib/gcc/arm-none-eabi/10.3.1/../../../../arm-none-eabi/lib/thumb/v7e-m+dp/hard/libc_nano.a
START GROUP
LOAD /Library/DaisyToolchain/0.2.0/arm/bin/../lib/gcc/arm-none-eabi/10.3.1/thumb/v7e-m+dp/hard/libgcc.a
LOAD /Library/DaisyToolchain/0.2.0/arm/bin/../lib/gcc/arm-none-eabi/10.3.1/../../../../arm-none-eabi/lib/thumb/v7e-m+dp/hard/libc_nano.a
END GROUP
START GROUP
LOAD /Library/DaisyToolchain/0.2.0/arm/bin/../lib/gcc/arm-none-eabi/10.3.1/thumb/v7e-m+dp/hard/libgcc.a
LOAD /Library/DaisyToolchain/0.2.0/arm/bin/../lib/gcc/arm-none-eabi/10.3.1/../../../../arm-none-eabi/lib/thumb/v7e-m+dp/hard/libc_nano.a
LOAD /Library/DaisyToolchain/0.2.0/arm/bin/../lib/gcc/arm-none-eabi/10.3.1/../../../../arm-none-eabi/lib/thumb/v7e-m+dp/hard/libnosys.a
END GROUP
START GROUP
LOAD /Library/DaisyToolchain/0.2.0/arm/bin/../lib/gcc/arm-none-eabi/10.3.1/thumb/v7e-m+dp/hard/libgcc.a
LOAD /Library/DaisyToolchain/0.2.0/arm/bin/../lib/gcc/arm-none-eabi/10.3.1/../../../../arm-none-eabi/lib/thumb/v7e-m+dp/hard/libc_nano.a
LOAD /Library/DaisyToolchain/0.2.0/arm/bin/../lib/gcc/arm-none-eabi/10.3.1/../../../../arm-none-eabi/lib/thumb/v7e-m+dp/hard/libnosys.a
END GROUP
LOAD /Library/DaisyToolchain/0.2.0/arm/bin/../lib/gcc/arm-none-eabi/10.3.1/thumb/v7e-m+dp/hard/crtend.o
LOAD /Library/DaisyToolchain/0.2.0/arm/bin/../lib/gcc/arm-none-eabi/10.3.1/thumb/v7e-m+dp/hard/crtn.o
                0x0000000020020000                _estack = 0x20020000

.isr_vector     0x0000000008000000      0x298
                0x0000000008000000                . = ALIGN (0x4)
 *(.isr_vector)
 .isr_vector    0x0000000008000000      0x298 build/startup_stm32h750xx.o
                0x0000000008000000                g_pfnVectors
                0x0000000008000298                . = ALIGN (0x4)

.text           0x00000000080002a0    0x1b22c
                0x00000000080002a0                . = ALIGN (0x4)
                0x00000000080002a0                _stext = .
 *(.text)
 .text          0x00000000080002a0       0x40 /Library/DaisyToolchain/0.2.0/arm/bin/../lib/gcc/arm-none-eabi/10.3.1/thumb/v7e-m+dp/hard/crtbegin.o
 .text          0x00000000080002e0       0x10 /Library/DaisyToolchain/0.2.0/arm/bin/../lib/gcc/arm-none-eabi/10.3.1/../../../../arm-none-eabi/lib/thumb/v7e-m+dp/hard/libc_nano.a(lib_a-strlen.o)
                0x00000000080002e0                strlen
 .text          0x00000000080002f0       0xa0 /Library/DaisyToolchain/0.2.0/arm/bin/../lib/gcc/arm-none-eabi/10.3.1/../../../../arm-none-eabi/lib/thumb/v7e-m+dp/hard/libc_nano.a(lib_a-memchr.o)
                0x00000000080002f0                memchr
 .text          0x0000000008000390      0x378 /Library/DaisyToolchain/0.2.0/arm/bin/../lib/gcc/arm-none-eabi/10.3.1/thumb/v7e-m+dp/hard/libgcc.a(_arm_addsubdf3.o)
                0x0000000008000390                __aeabi_drsub
                0x0000000008000398                __subdf3
                0x0000000008000398                __aeabi_dsub
                0x000000000800039c                __aeabi_dadd
                0x000000000800039c                __adddf3
                0x0000000008000614                __aeabi_ui2d
                0x0000000008000614                __floatunsidf
                0x0000000008000634                __floatsidf
                0x0000000008000634                __aeabi_i2d
                0x0000000008000658                __extendsfdf2
                0x0000000008000658                __aeabi_f2d
                0x000000000800069c                __aeabi_ul2d
                0x000000000800069c                __floatundidf
                0x00000000080006ac                __aeabi_l2d
                0x00000000080006ac                __floatdidf
 .text          0x0000000008000708       0x30 /Library/DaisyToolchain/0.2.0/arm/bin/../lib/gcc/arm-none-eabi/10.3.1/thumb/v7e-m+dp/hard/libgcc.a(_aeabi_uldivmod.o)
                0x0000000008000708                __aeabi_uldivmod
 .text          0x0000000008000738      0x2d0 /Library/DaisyToolchain/0.2.0/arm/bin/../lib/gcc/arm-none-eabi/10.3.1/thumb/v7e-m+dp/hard/libgcc.a(_udivmoddi4.o)
                0x0000000008000738                __udivmoddi4
 .text          0x0000000008000a08        0x4 /Library/DaisyToolchain/0.2.0/arm/bin/../lib/gcc/arm-none-eabi/10.3.1/thumb/v7e-m+dp/hard/libgcc.a(_dvmd_tls.o)
                0x0000000008000a08                __aeabi_ldiv0
                0x0000000008000a08                __aeabi_idiv0
 *(.text*)
 .text.Default_Handler
                0x0000000008000a0c        0xc build/startup_stm32h750xx.o
                0x0000000008000a0c                SAI1_IRQHandler
                0x0000000008000a0c                HASH_RNG_IRQHandler
                0x0000000008000a0c                EXTI2_IRQHandler
                0x0000000008000a0c                TIM8_CC_IRQHandler
                0x0000000008000a0c                HRTIM1_Master_IRQHandler
                0x0000000008000a0c                DebugMon_Handler
                0x0000000008000a0c                TIM1_CC_IRQHandler
                0x0000000008000a0c                BDMA_Channel6_IRQHandler
                0x0000000008000a0c                DMA2_Stream5_IRQHandler
                0x0000000008000a0c                HRTIM1_FLT_IRQHandler
                0x0000000008000a0c                JPEG_IRQHandler
                0x0000000008000a0c                BDMA_Channel1_IRQHandler
                0x0000000008000a0c                HRTIM1_TIMD_IRQHandler
                0x0000000008000a0c                TAMP_STAMP_IRQHandler
                0x0000000008000a0c                PendSV_Handler
                0x0000000008000a0c                NMI_Handler
                0x0000000008000a0c                EXTI3_IRQHandler
                0x0000000008000a0c                LPTIM4_IRQHandler
                0x0000000008000a0c                TIM8_TRG_COM_TIM14_IRQHandler
                0x0000000008000a0c                LPTIM2_IRQHandler
                0x0000000008000a0c                DFSDM1_FLT1_IRQHandler
                0x0000000008000a0c                DMAMUX2_OVR_IRQHandler
                0x0000000008000a0c                TIM8_UP_TIM13_IRQHandler
                0x0000000008000a0c                I2C3_ER_IRQHandler
                0x0000000008000a0c                DFSDM1_FLT2_IRQHandler
                0x0000000008000a0c                MDMA_IRQHandler
                0x0000000008000a0c                LPTIM3_IRQHandler
                0x0000000008000a0c                HSEM1_IRQHandler
                0x0000000008000a0c                EXTI0_IRQHandler
                0x0000000008000a0c                FPU_IRQHandler
                0x0000000008000a0c                OTG_HS_WKUP_IRQHandler
                0x0000000008000a0c                FDCAN1_IT1_IRQHandler
                0x0000000008000a0c                UsageFault_Handler
                0x0000000008000a0c                LTDC_ER_IRQHandler
                0x0000000008000a0c                HRTIM1_TIME_IRQHandler
                0x0000000008000a0c                TIM6_DAC_IRQHandler
                0x0000000008000a0c                DCMI_IRQHandler
                0x0000000008000a0c                HRTIM1_TIMC_IRQHandler
                0x0000000008000a0c                SAI2_IRQHandler
                0x0000000008000a0c                DFSDM1_FLT3_IRQHandler
                0x0000000008000a0c                TIM17_IRQHandler
                0x0000000008000a0c                CRYP_IRQHandler
                0x0000000008000a0c                BDMA_Channel7_IRQHandler
                0x0000000008000a0c                LPTIM5_IRQHandler
                0x0000000008000a0c                ADC3_IRQHandler
                0x0000000008000a0c                DMA2_Stream0_IRQHandler
                0x0000000008000a0c                BDMA_Channel2_IRQHandler
                0x0000000008000a0c                DMAMUX1_OVR_IRQHandler
                0x0000000008000a0c                TIM16_IRQHandler
                0x0000000008000a0c                BDMA_Channel5_IRQHandler
                0x0000000008000a0c                RCC_IRQHandler
                0x0000000008000a0c                TIM8_BRK_TIM12_IRQHandler
                0x0000000008000a0c                TIM1_TRG_COM_IRQHandler
                0x0000000008000a0c                Default_Handler
                0x0000000008000a0c                ECC_IRQHandler
                0x0000000008000a0c                CEC_IRQHandler
                0x0000000008000a0c                EXTI15_10_IRQHandler
                0x0000000008000a0c                BDMA_Channel0_IRQHandler
                0x0000000008000a0c                ADC_IRQHandler
                0x0000000008000a0c                DMA1_Stream7_IRQHandler
                0x0000000008000a0c                HRTIM1_TIMA_IRQHandler
                0x0000000008000a0c                TIM7_IRQHandler
                0x0000000008000a0c                SDMMC1_IRQHandler
                0x0000000008000a0c                DMA2_Stream7_IRQHandler
                0x0000000008000a0c                TIM15_IRQHandler
                0x0000000008000a0c                PVD_AVD_IRQHandler
                0x0000000008000a0c                EXTI9_5_IRQHandler
                0x0000000008000a0c                RTC_WKUP_IRQHandler
                0x0000000008000a0c                LTDC_IRQHandler
                0x0000000008000a0c                SAI3_IRQHandler
                0x0000000008000a0c                ETH_WKUP_IRQHandler
                0x0000000008000a0c                SPDIF_RX_IRQHandler
                0x0000000008000a0c                MemManage_Handler
                0x0000000008000a0c                SVC_Handler
                0x0000000008000a0c                CRS_IRQHandler
                0x0000000008000a0c                EXTI4_IRQHandler
                0x0000000008000a0c                HRTIM1_TIMB_IRQHandler
                0x0000000008000a0c                FDCAN2_IT1_IRQHandler
                0x0000000008000a0c                ETH_IRQHandler
                0x0000000008000a0c                TIM1_UP_IRQHandler
                0x0000000008000a0c                BDMA_Channel4_IRQHandler
                0x0000000008000a0c                WWDG_IRQHandler
                0x0000000008000a0c                SPI6_IRQHandler
                0x0000000008000a0c                I2C4_EV_IRQHandler
                0x0000000008000a0c                MDIOS_IRQHandler
                0x0000000008000a0c                FDCAN2_IT0_IRQHandler
                0x0000000008000a0c                FDCAN1_IT0_IRQHandler
                0x0000000008000a0c                OTG_FS_WKUP_IRQHandler
                0x0000000008000a0c                DMA2D_IRQHandler
                0x0000000008000a0c                TIM1_BRK_IRQHandler
                0x0000000008000a0c                EXTI1_IRQHandler
                0x0000000008000a0c                SDMMC2_IRQHandler
                0x0000000008000a0c                BDMA_Channel3_IRQHandler
                0x0000000008000a0c                MDIOS_WKUP_IRQHandler
                0x0000000008000a0c                DFSDM1_FLT0_IRQHandler
                0x0000000008000a0c                SAI4_IRQHandler
                0x0000000008000a0c                I2C2_ER_IRQHandler
                0x0000000008000a0c                DMA2_Stream1_IRQHandler
                0x0000000008000a0c                FLASH_IRQHandler
                0x0000000008000a0c                BusFault_Handler
                0x0000000008000a0c                WAKEUP_PIN_IRQHandler
                0x0000000008000a0c                I2C1_ER_IRQHandler
                0x0000000008000a0c                FMC_IRQHandler
                0x0000000008000a0c                FDCAN_CAL_IRQHandler
                0x0000000008000a0c                SWPMI1_IRQHandler
                0x0000000008000a0c                COMP1_IRQHandler
                0x0000000008000a0c                LPTIM1_IRQHandler
                0x0000000008000a0c                I2C4_ER_IRQHandler
                0x0000000008000a0c                DMA2_Stream6_IRQHandler
                0x0000000008000a0c                RTC_Alarm_IRQHandler
 .text.Reset_Handler
                0x0000000008000a18       0x44 build/startup_stm32h750xx.o
                0x0000000008000a18                Reset_Handler
 .text._ZN5daisy9ParameterD2Ev
                0x0000000008000a5c        0x4 build/SynthV8.o
                0x0000000008000a5c                daisy::Parameter::~Parameter()
                0x0000000008000a5c                daisy::Parameter::~Parameter()
 .text._ZN5daisy8DaisyPodD2Ev
                0x0000000008000a60        0x4 build/SynthV8.o
                0x0000000008000a60                daisy::DaisyPod::~DaisyPod()
                0x0000000008000a60                daisy::DaisyPod::~DaisyPod()
 .text._ZN7daisysp5AdEnvD2Ev
                0x0000000008000a64        0x4 build/SynthV8.o
                0x0000000008000a64                daisysp::AdEnv::~AdEnv()
                0x0000000008000a64                daisysp::AdEnv::~AdEnv()
 .text._ZN7daisysp10OscillatorD2Ev
                0x0000000008000a68        0x4 build/SynthV8.o
                0x0000000008000a68                daisysp::Oscillator::~Oscillator()
                0x0000000008000a68                daisysp::Oscillator::~Oscillator()
 .text._ZN5daisy11OledDisplayINS_13SSD130xDriverILj128ELj64ENS_19SSD130xI2CTransportEEEE4FillEb
                0x0000000008000a6c       0x10 build/SynthV8.o
                0x0000000008000a6c                daisy::OledDisplay<daisy::SSD130xDriver<128u, 64u, daisy::SSD130xI2CTransport> >::Fill(bool)
 .text._ZN5daisy11OledDisplayINS_13SSD130xDriverILj128ELj64ENS_19SSD130xI2CTransportEEEED2Ev
                0x0000000008000a7c        0x4 build/SynthV8.o
                0x0000000008000a7c                daisy::OledDisplay<daisy::SSD130xDriver<128u, 64u, daisy::SSD130xI2CTransport> >::~OledDisplay()
                0x0000000008000a7c                daisy::OledDisplay<daisy::SSD130xDriver<128u, 64u, daisy::SSD130xI2CTransport> >::~OledDisplay()
 .text._ZNK5daisy11OledDisplayINS_13SSD130xDriverILj128ELj64ENS_19SSD130xI2CTransportEEEE6HeightEv
                0x0000000008000a80        0x4 build/SynthV8.o
                0x0000000008000a80                daisy::OledDisplay<daisy::SSD130xDriver<128u, 64u, daisy::SSD130xI2CTransport> >::Height() const
 .text._ZNK5daisy11OledDisplayINS_13SSD130xDriverILj128ELj64ENS_19SSD130xI2CTransportEEEE5WidthEv
                0x0000000008000a84        0x4 build/SynthV8.o
                0x0000000008000a84                daisy::OledDisplay<daisy::SSD130xDriver<128u, 64u, daisy::SSD130xI2CTransport> >::Width() const
 .text._ZN5daisy11MidiHandlerINS_16MidiUsbTransportEED2Ev
                0x0000000008000a88        0x4 build/SynthV8.o
                0x0000000008000a88                daisy::MidiHandler<daisy::MidiUsbTransport>::~MidiHandler()
                0x0000000008000a88                daisy::MidiHandler<daisy::MidiUsbTransport>::~MidiHandler()
 *fill*         0x0000000008000a8c        0x4 
 .text._ZL13AudioCallbackPKfPfj
                0x0000000008000a90      0x254 build/SynthV8.o
 .text._ZN5daisy11OledDisplayINS_13SSD130xDriverILj128ELj64ENS_19SSD130xI2CTransportEEEED0Ev
                0x0000000008000ce4       0x10 build/SynthV8.o
                0x0000000008000ce4                daisy::OledDisplay<daisy::SSD130xDriver<128u, 64u, daisy::SSD130xI2CTransport> >::~OledDisplay()
 .text._ZN5daisy11OledDisplayINS_13SSD130xDriverILj128ELj64ENS_19SSD130xI2CTransportEEEE6UpdateEv
                0x0000000008000cf4       0xac build/SynthV8.o
                0x0000000008000cf4                daisy::OledDisplay<daisy::SSD130xDriver<128u, 64u, daisy::SSD130xI2CTransport> >::Update()
 .text._ZN5daisy25OneBitGraphicsDisplayImplINS_11OledDisplayINS_13SSD130xDriverILj128ELj64ENS_19SSD130xI2CTransportEEEEEE9WriteCharEc7FontDefb
                0x0000000008000da0      0x1a0 build/SynthV8.o
                0x0000000008000da0                daisy::OneBitGraphicsDisplayImpl<daisy::OledDisplay<daisy::SSD130xDriver<128u, 64u, daisy::SSD130xI2CTransport> > >::WriteChar(char, FontDef, bool)
 .text._ZN5daisy11OledDisplayINS_13SSD130xDriverILj128ELj64ENS_19SSD130xI2CTransportEEEE9DrawPixelEjjb
                0x0000000008000f40       0x44 build/SynthV8.o
                0x0000000008000f40                daisy::OledDisplay<daisy::SSD130xDriver<128u, 64u, daisy::SSD130xI2CTransport> >::DrawPixel(unsigned int, unsigned int, bool)
 .text._ZN5daisy25OneBitGraphicsDisplayImplINS_11OledDisplayINS_13SSD130xDriverILj128ELj64ENS_19SSD130xI2CTransportEEEEEE8DrawLineEjjjjb
                0x0000000008000f84       0xfc build/SynthV8.o
                0x0000000008000f84                daisy::OneBitGraphicsDisplayImpl<daisy::OledDisplay<daisy::SSD130xDriver<128u, 64u, daisy::SSD130xI2CTransport> > >::DrawLine(unsigned int, unsigned int, unsigned int, unsigned int, bool)
 .text._ZN5daisy25OneBitGraphicsDisplayImplINS_11OledDisplayINS_13SSD130xDriverILj128ELj64ENS_19SSD130xI2CTransportEEEEEE7DrawArcEjjjiib
                0x0000000008001080      0x478 build/SynthV8.o
                0x0000000008001080                daisy::OneBitGraphicsDisplayImpl<daisy::OledDisplay<daisy::SSD130xDriver<128u, 64u, daisy::SSD130xI2CTransport> > >::DrawArc(unsigned int, unsigned int, unsigned int, int, int, bool)
 .text._ZN5daisy25OneBitGraphicsDisplayImplINS_11OledDisplayINS_13SSD130xDriverILj128ELj64ENS_19SSD130xI2CTransportEEEEEE11WriteStringEPKc7FontDefb
                0x00000000080014f8      0x1c0 build/SynthV8.o
                0x00000000080014f8                daisy::OneBitGraphicsDisplayImpl<daisy::OledDisplay<daisy::SSD130xDriver<128u, 64u, daisy::SSD130xI2CTransport> > >::WriteString(char const*, FontDef, bool)
 .text._ZN5daisy25OneBitGraphicsDisplayImplINS_11OledDisplayINS_13SSD130xDriverILj128ELj64ENS_19SSD130xI2CTransportEEEEEE18WriteStringAlignedEPKcRK7FontDefNS_9RectangleENS_9AlignmentEb
                0x00000000080016b8      0x3ec build/SynthV8.o
                0x00000000080016b8                daisy::OneBitGraphicsDisplayImpl<daisy::OledDisplay<daisy::SSD130xDriver<128u, 64u, daisy::SSD130xI2CTransport> > >::WriteStringAligned(char const*, FontDef const&, daisy::Rectangle, daisy::Alignment, bool)
 .text._ZN5daisy25OneBitGraphicsDisplayImplINS_11OledDisplayINS_13SSD130xDriverILj128ELj64ENS_19SSD130xI2CTransportEEEEEE8DrawRectEjjjjbb
                0x0000000008001aa4      0x418 build/SynthV8.o
                0x0000000008001aa4                daisy::OneBitGraphicsDisplayImpl<daisy::OledDisplay<daisy::SSD130xDriver<128u, 64u, daisy::SSD130xI2CTransport> > >::DrawRect(unsigned int, unsigned int, unsigned int, unsigned int, bool, bool)
 .text._Z11DisplayViewv
                0x0000000008001ebc      0x448 build/SynthV8.o
                0x0000000008001ebc                DisplayView()
 .text._ZN5daisy13SSD130xDriverILj128ELj64ENS_19SSD130xI2CTransportEE4InitENS2_6ConfigE
                0x0000000008002304      0x250 build/SynthV8.o
                0x0000000008002304                daisy::SSD130xDriver<128u, 64u, daisy::SSD130xI2CTransport>::Init(daisy::SSD130xDriver<128u, 64u, daisy::SSD130xI2CTransport>::Config)
 .text.startup.main
                0x0000000008002554      0x1e8 build/SynthV8.o
                0x0000000008002554                main
 .text.startup._GLOBAL__sub_I_adRelease
                0x000000000800273c      0x18c build/SynthV8.o
 .text._ZN5daisy8DaisyPod10StartAudioEPFvPKfPfjE
                0x00000000080028c8        0x4 ../lib/libDaisy/build/libdaisy.a(daisy_pod.o)
                0x00000000080028c8                daisy::DaisyPod::StartAudio(void (*)(float const*, float*, unsigned int))
 .text._ZN5daisy8DaisyPod17SetAudioBlockSizeEj
                0x00000000080028cc       0x2c ../lib/libDaisy/build/libdaisy.a(daisy_pod.o)
                0x00000000080028cc                daisy::DaisyPod::SetAudioBlockSize(unsigned int)
 .text._ZN5daisy8DaisyPod14AudioBlockSizeEv
                0x00000000080028f8        0x4 ../lib/libDaisy/build/libdaisy.a(daisy_pod.o)
                0x00000000080028f8                daisy::DaisyPod::AudioBlockSize()
 .text._ZN5daisy8DaisyPod15AudioSampleRateEv
                0x00000000080028fc        0x4 ../lib/libDaisy/build/libdaisy.a(daisy_pod.o)
                0x00000000080028fc                daisy::DaisyPod::AudioSampleRate()
 .text._ZN5daisy8DaisyPod8StartAdcEv
                0x0000000008002900        0x8 ../lib/libDaisy/build/libdaisy.a(daisy_pod.o)
                0x0000000008002900                daisy::DaisyPod::StartAdc()
 .text._ZN5daisy8DaisyPod21ProcessAnalogControlsEv
                0x0000000008002908       0x18 ../lib/libDaisy/build/libdaisy.a(daisy_pod.o)
                0x0000000008002908                daisy::DaisyPod::ProcessAnalogControls()
 .text._ZN5daisy8DaisyPod22ProcessDigitalControlsEv
                0x0000000008002920       0x20 ../lib/libDaisy/build/libdaisy.a(daisy_pod.o)
                0x0000000008002920                daisy::DaisyPod::ProcessDigitalControls()
 .text._ZN5daisy8DaisyPod9InitKnobsEv
                0x0000000008002940       0xf4 ../lib/libDaisy/build/libdaisy.a(daisy_pod.o)
                0x0000000008002940                daisy::DaisyPod::InitKnobs()
 .text._ZN5daisy8DaisyPod4InitEb
                0x0000000008002a34      0x1bc ../lib/libDaisy/build/libdaisy.a(daisy_pod.o)
                0x0000000008002a34                daisy::DaisyPod::Init(bool)
 .text._ZN5daisy9DaisySeed9ConfigureEv
                0x0000000008002bf0        0x4 ../lib/libDaisy/build/libdaisy.a(daisy_seed.o)
                0x0000000008002bf0                daisy::DaisySeed::Configure()
 .text._ZN5daisy9DaisySeed10StartAudioEPFvPKfPfjE
                0x0000000008002bf4        0x8 ../lib/libDaisy/build/libdaisy.a(daisy_seed.o)
                0x0000000008002bf4                daisy::DaisySeed::StartAudio(void (*)(float const*, float*, unsigned int))
 .text._ZN5daisy9DaisySeed15AudioSampleRateEv
                0x0000000008002bfc        0x8 ../lib/libDaisy/build/libdaisy.a(daisy_seed.o)
                0x0000000008002bfc                daisy::DaisySeed::AudioSampleRate()
 .text._ZN5daisy9DaisySeed17SetAudioBlockSizeEj
                0x0000000008002c04       0x38 ../lib/libDaisy/build/libdaisy.a(daisy_seed.o)
                0x0000000008002c04                daisy::DaisySeed::SetAudioBlockSize(unsigned int)
 .text._ZN5daisy9DaisySeed14AudioBlockSizeEv
                0x0000000008002c3c        0xc ../lib/libDaisy/build/libdaisy.a(daisy_seed.o)
                0x0000000008002c3c                daisy::DaisySeed::AudioBlockSize()
 .text._ZNK5daisy9DaisySeed17AudioCallbackRateEv
                0x0000000008002c48        0x8 ../lib/libDaisy/build/libdaisy.a(daisy_seed.o)
                0x0000000008002c48                daisy::DaisySeed::AudioCallbackRate() const
 .text._ZN5daisy9DaisySeed17CheckBoardVersionEv
                0x0000000008002c50       0x6c ../lib/libDaisy/build/libdaisy.a(daisy_seed.o)
                0x0000000008002c50                daisy::DaisySeed::CheckBoardVersion()
 .text._ZN5daisy9DaisySeed14ConfigureAudioEv
                0x0000000008002cbc      0x110 ../lib/libDaisy/build/libdaisy.a(daisy_seed.o)
                0x0000000008002cbc                daisy::DaisySeed::ConfigureAudio()
 .text._ZN5daisy9DaisySeed4InitEb
                0x0000000008002dcc      0x104 ../lib/libDaisy/build/libdaisy.a(daisy_seed.o)
                0x0000000008002dcc                daisy::DaisySeed::Init(bool)
 .text._ZN5daisy6Ak45564InitENS_3PinE
                0x0000000008002ed0       0x44 ../lib/libDaisy/build/libdaisy.a(codec_ak4556.o)
                0x0000000008002ed0                daisy::Ak4556::Init(daisy::Pin)
 .text._ZN5daisy6Wm873120WriteControlRegisterEht
                0x0000000008002f14       0x3c ../lib/libDaisy/build/libdaisy.a(codec_wm8731.o)
                0x0000000008002f14                daisy::Wm8731::WriteControlRegister(unsigned char, unsigned short)
 .text._ZN5daisy6Wm87314InitERKNS0_6ConfigENS_9I2CHandleE
                0x0000000008002f50      0x1bc ../lib/libDaisy/build/libdaisy.a(codec_wm8731.o)
                0x0000000008002f50                daisy::Wm8731::Init(daisy::Wm8731::Config const&, daisy::I2CHandle)
 .text._ZN11SdramHandle10DeviceInitEv
                0x000000000800310c       0x98 ../lib/libDaisy/build/libdaisy.a(sdram.o)
                0x000000000800310c                SdramHandle::DeviceInit()
 .text._ZN11SdramHandle4InitEv
                0x00000000080031a4       0x7c ../lib/libDaisy/build/libdaisy.a(sdram.o)
                0x00000000080031a4                SdramHandle::Init()
 .text.HAL_SDRAM_MspInit
                0x0000000008003220      0x1a8 ../lib/libDaisy/build/libdaisy.a(sdram.o)
                0x0000000008003220                HAL_SDRAM_MspInit
 .text._ZN5daisy11AudioHandle4Impl16InternalCallbackEPlS2_j
                0x00000000080033c8      0xbbc ../lib/libDaisy/build/libdaisy.a(audio.o)
                0x00000000080033c8                daisy::AudioHandle::Impl::InternalCallback(long*, long*, unsigned int)
 .text._ZN5daisy11AudioHandle4InitERKNS0_6ConfigENS_9SaiHandleE
                0x0000000008003f84       0x70 ../lib/libDaisy/build/libdaisy.a(audio.o)
                0x0000000008003f84                daisy::AudioHandle::Init(daisy::AudioHandle::Config const&, daisy::SaiHandle)
 .text._ZNK5daisy11AudioHandle9GetConfigEv
                0x0000000008003ff4        0x8 ../lib/libDaisy/build/libdaisy.a(audio.o)
                0x0000000008003ff4                daisy::AudioHandle::GetConfig() const
 .text._ZN5daisy11AudioHandle12SetBlockSizeEj
                0x0000000008003ffc       0x1c ../lib/libDaisy/build/libdaisy.a(audio.o)
                0x0000000008003ffc                daisy::AudioHandle::SetBlockSize(unsigned int)
 .text._ZN5daisy11AudioHandle13GetSampleRateEv
                0x0000000008004018        0x8 ../lib/libDaisy/build/libdaisy.a(audio.o)
                0x0000000008004018                daisy::AudioHandle::GetSampleRate()
 .text._ZN5daisy11AudioHandle5StartEPFvPKfPfjE
                0x0000000008004020       0x2c ../lib/libDaisy/build/libdaisy.a(audio.o)
                0x0000000008004020                daisy::AudioHandle::Start(void (*)(float const*, float*, unsigned int))
 .text.startup._GLOBAL__sub_I__ZN5daisy11AudioHandle4Impl4InitENS0_6ConfigENS_9SaiHandleE
                0x000000000800404c       0x24 ../lib/libDaisy/build/libdaisy.a(audio.o)
 .text._ZN5daisy13AnalogControl4InitEPtfbbf
                0x0000000008004070       0x64 ../lib/libDaisy/build/libdaisy.a(ctrl.o)
                0x0000000008004070                daisy::AnalogControl::Init(unsigned short*, float, bool, bool, float)
 .text._ZN5daisy13AnalogControl7ProcessEv
                0x00000000080040d4       0x48 ../lib/libDaisy/build/libdaisy.a(ctrl.o)
                0x00000000080040d4                daisy::AnalogControl::Process()
 .text._ZN5daisy13AnalogControl13SetSampleRateEf
                0x000000000800411c       0x58 ../lib/libDaisy/build/libdaisy.a(ctrl.o)
                0x000000000800411c                daisy::AnalogControl::SetSampleRate(float)
 .text._ZN5daisy7Encoder4InitENS_3PinES1_S1_f
                0x0000000008004174       0x5c ../lib/libDaisy/build/libdaisy.a(encoder.o)
                0x0000000008004174                daisy::Encoder::Init(daisy::Pin, daisy::Pin, daisy::Pin, float)
 .text._ZN5daisy7Encoder8DebounceEv
                0x00000000080041d0       0x7c ../lib/libDaisy/build/libdaisy.a(encoder.o)
                0x00000000080041d0                daisy::Encoder::Debounce()
 .text._ZN5daisy9UsbHandleD2Ev
                0x000000000800424c        0x4 ../lib/libDaisy/build/libdaisy.a(logger.o)
                0x000000000800424c                daisy::UsbHandle::~UsbHandle()
                0x000000000800424c                daisy::UsbHandle::~UsbHandle()
 .text._ZN5daisy6LoggerILNS_17LoggerDestinationE1EE11TransmitBufEv
                0x0000000008004250       0x60 ../lib/libDaisy/build/libdaisy.a(logger.o)
                0x0000000008004250                daisy::Logger<(daisy::LoggerDestination)1>::TransmitBuf()
 .text._ZN5daisy6LoggerILNS_17LoggerDestinationE1EE13AppendNewLineEv
                0x00000000080042b0       0x60 ../lib/libDaisy/build/libdaisy.a(logger.o)
                0x00000000080042b0                daisy::Logger<(daisy::LoggerDestination)1>::AppendNewLine()
 .text._ZN5daisy6LoggerILNS_17LoggerDestinationE1EE10PrintLineVEPKcSt9__va_list
                0x0000000008004310       0x30 ../lib/libDaisy/build/libdaisy.a(logger.o)
                0x0000000008004310                daisy::Logger<(daisy::LoggerDestination)1>::PrintLineV(char const*, std::__va_list)
 .text._ZN5daisy6LoggerILNS_17LoggerDestinationE1EE9PrintLineEPKcz
                0x0000000008004340       0x1c ../lib/libDaisy/build/libdaisy.a(logger.o)
                0x0000000008004340                daisy::Logger<(daisy::LoggerDestination)1>::PrintLine(char const*, ...)
 .text._ZN5daisy6LoggerILNS_17LoggerDestinationE1EE8StartLogEb
                0x000000000800435c       0x40 ../lib/libDaisy/build/libdaisy.a(logger.o)
                0x000000000800435c                daisy::Logger<(daisy::LoggerDestination)1>::StartLog(bool)
 .text.startup._GLOBAL__sub_I__ZN5daisy10LoggerImplILNS_17LoggerDestinationE1EE11usb_handle_E
                0x000000000800439c       0x2c ../lib/libDaisy/build/libdaisy.a(logger.o)
 .text._ZN5daisy17MidiUartTransport6ConfigC2Ev
                0x00000000080043c8       0x24 ../lib/libDaisy/build/libdaisy.a(midi.o)
                0x00000000080043c8                daisy::MidiUartTransport::Config::Config()
                0x00000000080043c8                daisy::MidiUartTransport::Config::Config()
 .text._ZN5daisy10MidiParser5ResetEv
                0x00000000080043ec        0xc ../lib/libDaisy/build/libdaisy.a(midi_parser.o)
                0x00000000080043ec                daisy::MidiParser::Reset()
 .text._ZN5daisy9Parameter4InitENS_13AnalogControlEffNS0_5CurveE
                0x00000000080043f8       0x60 ../lib/libDaisy/build/libdaisy.a(parameter.o)
                0x00000000080043f8                daisy::Parameter::Init(daisy::AnalogControl, float, float, daisy::Parameter::Curve)
 .text._ZN5daisy9Parameter7ProcessEv
                0x0000000008004458       0xac ../lib/libDaisy/build/libdaisy.a(parameter.o)
                0x0000000008004458                daisy::Parameter::Process()
 .text._ZN5daisy6RgbLed4InitENS_3PinES1_S1_b
                0x0000000008004504       0x50 ../lib/libDaisy/build/libdaisy.a(rgb_led.o)
                0x0000000008004504                daisy::RgbLed::Init(daisy::Pin, daisy::Pin, daisy::Pin, bool)
 .text._ZN5daisy6RgbLed8SetColorENS_5ColorE
                0x0000000008004554       0x2c ../lib/libDaisy/build/libdaisy.a(rgb_led.o)
                0x0000000008004554                daisy::RgbLed::SetColor(daisy::Color)
 .text._ZN5daisy6RgbLed6UpdateEv
                0x0000000008004580       0x1c ../lib/libDaisy/build/libdaisy.a(rgb_led.o)
                0x0000000008004580                daisy::RgbLed::Update()
 .text._ZN5daisy6Switch4InitENS_3PinEf
                0x000000000800459c       0x30 ../lib/libDaisy/build/libdaisy.a(switch.o)
                0x000000000800459c                daisy::Switch::Init(daisy::Pin, float)
 .text._ZN5daisy6Switch8DebounceEv
                0x00000000080045cc       0x54 ../lib/libDaisy/build/libdaisy.a(switch.o)
                0x00000000080045cc                daisy::Switch::Debounce()
 .text.DummyRxCallback
                0x0000000008004620        0x4 ../lib/libDaisy/build/libdaisy.a(usb.o)
                0x0000000008004620                DummyRxCallback
 .text._ZN5daisy9UsbHandle4InitENS0_9UsbPeriphE
                0x0000000008004624      0x10c ../lib/libDaisy/build/libdaisy.a(usb.o)
                0x0000000008004624                daisy::UsbHandle::Init(daisy::UsbHandle::UsbPeriph)
 .text._ZN5daisy9UsbHandle16TransmitInternalEPhj
                0x0000000008004730       0x14 ../lib/libDaisy/build/libdaisy.a(usb.o)
                0x0000000008004730                daisy::UsbHandle::TransmitInternal(unsigned char*, unsigned int)
 .text.OTG_FS_EP1_OUT_IRQHandler
                0x0000000008004744        0xc ../lib/libDaisy/build/libdaisy.a(usb.o)
                0x0000000008004744                OTG_FS_EP1_OUT_IRQHandler
 .text.OTG_FS_EP1_IN_IRQHandler
                0x0000000008004750        0xc ../lib/libDaisy/build/libdaisy.a(usb.o)
                0x0000000008004750                OTG_FS_EP1_IN_IRQHandler
 .text.OTG_FS_IRQHandler
                0x000000000800475c        0xc ../lib/libDaisy/build/libdaisy.a(usb.o)
                0x000000000800475c                OTG_FS_IRQHandler
 .text._ZN5daisy16AdcChannelConfig10InitSingleENS_3PinENS0_15ConversionSpeedE
                0x0000000008004768       0x20 ../lib/libDaisy/build/libdaisy.a(adc.o)
                0x0000000008004768                daisy::AdcChannelConfig::InitSingle(daisy::Pin, daisy::AdcChannelConfig::ConversionSpeed)
 .text._ZN5daisy9AdcHandle4InitEPNS_16AdcChannelConfigEjNS0_12OverSamplingE
                0x0000000008004788      0x410 ../lib/libDaisy/build/libdaisy.a(adc.o)
                0x0000000008004788                daisy::AdcHandle::Init(daisy::AdcChannelConfig*, unsigned int, daisy::AdcHandle::OverSampling)
 .text._ZN5daisy9AdcHandle5StartEv
                0x0000000008004b98       0x2c ../lib/libDaisy/build/libdaisy.a(adc.o)
                0x0000000008004b98                daisy::AdcHandle::Start()
 .text._ZNK5daisy9AdcHandle6GetPtrEh
                0x0000000008004bc4       0x14 ../lib/libDaisy/build/libdaisy.a(adc.o)
                0x0000000008004bc4                daisy::AdcHandle::GetPtr(unsigned char) const
 .text.HAL_ADC_MspInit
                0x0000000008004bd8       0xa4 ../lib/libDaisy/build/libdaisy.a(adc.o)
                0x0000000008004bd8                HAL_ADC_MspInit
 .text.DMA1_Stream2_IRQHandler
                0x0000000008004c7c        0xc ../lib/libDaisy/build/libdaisy.a(adc.o)
                0x0000000008004c7c                DMA1_Stream2_IRQHandler
 .text.HAL_ADC_ConvCpltCallback
                0x0000000008004c88      0x15c ../lib/libDaisy/build/libdaisy.a(adc.o)
                0x0000000008004c88                HAL_ADC_ConvCpltCallback
 .text.HAL_ADC_ErrorCallback
                0x0000000008004de4        0x4 ../lib/libDaisy/build/libdaisy.a(adc.o)
                0x0000000008004de4                HAL_ADC_ErrorCallback
 .text.startup._GLOBAL__sub_I__ZN5daisy16AdcChannelConfig10InitSingleENS_3PinENS0_15ConversionSpeedE
                0x0000000008004de8       0x38 ../lib/libDaisy/build/libdaisy.a(adc.o)
 .text._ZN5daisy4GPIO4InitERKNS0_6ConfigE
                0x0000000008004e20      0x1cc ../lib/libDaisy/build/libdaisy.a(gpio.o)
                0x0000000008004e20                daisy::GPIO::Init(daisy::GPIO::Config const&)
 .text._ZN5daisy4GPIO4InitEv
                0x0000000008004fec      0x1bc ../lib/libDaisy/build/libdaisy.a(gpio.o)
                0x0000000008004fec                daisy::GPIO::Init()
 .text._ZN5daisy4GPIO4InitENS_3PinENS0_4ModeENS0_4PullENS0_5SpeedE
                0x00000000080051a8      0x1cc ../lib/libDaisy/build/libdaisy.a(gpio.o)
                0x00000000080051a8                daisy::GPIO::Init(daisy::Pin, daisy::GPIO::Mode, daisy::GPIO::Pull, daisy::GPIO::Speed)
 .text._ZN5daisy4GPIO4ReadEv
                0x0000000008005374       0x18 ../lib/libDaisy/build/libdaisy.a(gpio.o)
                0x0000000008005374                daisy::GPIO::Read()
 .text._ZN5daisy4GPIO5WriteEb
                0x000000000800538c       0x14 ../lib/libDaisy/build/libdaisy.a(gpio.o)
                0x000000000800538c                daisy::GPIO::Write(bool)
 .text._ZN5daisy9I2CHandle4Impl8InitPinsEv
                0x00000000080053a0       0x70 ../lib/libDaisy/build/libdaisy.a(i2c.o)
                0x00000000080053a0                daisy::I2CHandle::Impl::InitPins()
 .text.HAL_I2C_MspInit
                0x0000000008005410      0x1b4 ../lib/libDaisy/build/libdaisy.a(i2c.o)
                0x0000000008005410                HAL_I2C_MspInit
 .text.dsy_i2c_global_init
                0x00000000080055c4       0x78 ../lib/libDaisy/build/libdaisy.a(i2c.o)
                0x00000000080055c4                dsy_i2c_global_init
 .text.DMA1_Stream6_IRQHandler
                0x000000000800563c       0x34 ../lib/libDaisy/build/libdaisy.a(i2c.o)
                0x000000000800563c                DMA1_Stream6_IRQHandler
 .text.I2C1_EV_IRQHandler
                0x0000000008005670        0xc ../lib/libDaisy/build/libdaisy.a(i2c.o)
                0x0000000008005670                I2C1_EV_IRQHandler
 .text.I2C2_EV_IRQHandler
                0x000000000800567c        0xc ../lib/libDaisy/build/libdaisy.a(i2c.o)
                0x000000000800567c                I2C2_EV_IRQHandler
 .text.I2C3_EV_IRQHandler
                0x0000000008005688        0xc ../lib/libDaisy/build/libdaisy.a(i2c.o)
                0x0000000008005688                I2C3_EV_IRQHandler
 .text._ZN5daisy9I2CHandle4InitERKNS0_6ConfigE
                0x0000000008005694      0x130 ../lib/libDaisy/build/libdaisy.a(i2c.o)
                0x0000000008005694                daisy::I2CHandle::Init(daisy::I2CHandle::Config const&)
 .text._ZN5daisy9I2CHandle16TransmitBlockingEtPhtm
                0x00000000080057c4       0x50 ../lib/libDaisy/build/libdaisy.a(i2c.o)
                0x00000000080057c4                daisy::I2CHandle::TransmitBlocking(unsigned short, unsigned char*, unsigned short, unsigned long)
 .text.startup._GLOBAL__sub_I__ZN5daisy9I2CHandle4Impl10GlobalInitEv
                0x0000000008005814       0x2c ../lib/libDaisy/build/libdaisy.a(i2c.o)
 .text._ZN5daisy10QSPIHandle4Impl11WriteEnableEv
                0x0000000008005840       0x8c ../lib/libDaisy/build/libdaisy.a(qspi.o)
                0x0000000008005840                daisy::QSPIHandle::Impl::WriteEnable()
 *fill*         0x00000000080058cc        0x4 
 .text._ZN5daisy10QSPIHandle4Impl17DummyCyclesConfigENS0_6Config6DeviceE
                0x00000000080058d0      0x118 ../lib/libDaisy/build/libdaisy.a(qspi.o)
                0x00000000080058d0                daisy::QSPIHandle::Impl::DummyCyclesConfig(daisy::QSPIHandle::Config::Device)
 .text._ZN5daisy10QSPIHandle4Impl10QuadEnableEv
                0x00000000080059e8      0x158 ../lib/libDaisy/build/libdaisy.a(qspi.o)
                0x00000000080059e8                daisy::QSPIHandle::Impl::QuadEnable()
 .text._ZN5daisy10QSPIHandle4InitERKNS0_6ConfigE
                0x0000000008005b40      0x18c ../lib/libDaisy/build/libdaisy.a(qspi.o)
                0x0000000008005b40                daisy::QSPIHandle::Init(daisy::QSPIHandle::Config const&)
 .text.HAL_QSPI_MspInit
                0x0000000008005ccc      0x114 ../lib/libDaisy/build/libdaisy.a(qspi.o)
                0x0000000008005ccc                HAL_QSPI_MspInit
 .text.HAL_QSPI_MspDeInit
                0x0000000008005de0       0x60 ../lib/libDaisy/build/libdaisy.a(qspi.o)
                0x0000000008005de0                HAL_QSPI_MspDeInit
 .text.QUADSPI_IRQHandler
                0x0000000008005e40        0xc ../lib/libDaisy/build/libdaisy.a(qspi.o)
                0x0000000008005e40                QUADSPI_IRQHandler
 .text.startup._GLOBAL__sub_I__ZN5daisy10QSPIHandle4Impl4InitERKNS0_6ConfigE
                0x0000000008005e4c       0x34 ../lib/libDaisy/build/libdaisy.a(qspi.o)
 .text._ZN5daisy9SaiHandle4Impl7InitDmaENS1_15PeripheralBlockE
                0x0000000008005e80       0xa0 ../lib/libDaisy/build/libdaisy.a(sai.o)
                0x0000000008005e80                daisy::SaiHandle::Impl::InitDma(daisy::SaiHandle::Impl::PeripheralBlock)
 .text._ZN5daisy9SaiHandle4Impl8InitPinsEv
                0x0000000008005f20       0xbc ../lib/libDaisy/build/libdaisy.a(sai.o)
                0x0000000008005f20                daisy::SaiHandle::Impl::InitPins()
 .text.HAL_SAI_MspInit
                0x0000000008005fdc      0x164 ../lib/libDaisy/build/libdaisy.a(sai.o)
                0x0000000008005fdc                HAL_SAI_MspInit
 .text.DMA1_Stream0_IRQHandler
                0x0000000008006140        0xc ../lib/libDaisy/build/libdaisy.a(sai.o)
                0x0000000008006140                DMA1_Stream0_IRQHandler
 .text.DMA1_Stream1_IRQHandler
                0x000000000800614c        0xc ../lib/libDaisy/build/libdaisy.a(sai.o)
                0x000000000800614c                DMA1_Stream1_IRQHandler
 .text.DMA1_Stream3_IRQHandler
                0x0000000008006158        0xc ../lib/libDaisy/build/libdaisy.a(sai.o)
                0x0000000008006158                DMA1_Stream3_IRQHandler
 .text.DMA1_Stream4_IRQHandler
                0x0000000008006164        0xc ../lib/libDaisy/build/libdaisy.a(sai.o)
                0x0000000008006164                DMA1_Stream4_IRQHandler
 .text.HAL_SAI_RxHalfCpltCallback
                0x0000000008006170       0x78 ../lib/libDaisy/build/libdaisy.a(sai.o)
                0x0000000008006170                HAL_SAI_RxHalfCpltCallback
 .text.HAL_SAI_RxCpltCallback
                0x00000000080061e8       0x70 ../lib/libDaisy/build/libdaisy.a(sai.o)
                0x00000000080061e8                HAL_SAI_RxCpltCallback
 .text._ZN5daisy9SaiHandle4InitERKNS0_6ConfigE
                0x0000000008006258      0x1f0 ../lib/libDaisy/build/libdaisy.a(sai.o)
                0x0000000008006258                daisy::SaiHandle::Init(daisy::SaiHandle::Config const&)
 .text._ZNK5daisy9SaiHandle9GetConfigEv
                0x0000000008006448        0x4 ../lib/libDaisy/build/libdaisy.a(sai.o)
                0x0000000008006448                daisy::SaiHandle::GetConfig() const
 .text._ZN5daisy9SaiHandle8StartDmaEPlS1_jPFvS1_S1_jE
                0x000000000800644c       0xbc ../lib/libDaisy/build/libdaisy.a(sai.o)
                0x000000000800644c                daisy::SaiHandle::StartDma(long*, long*, unsigned int, void (*)(long*, long*, unsigned int))
 .text._ZN5daisy9SaiHandle13GetSampleRateEv
                0x0000000008006508       0x24 ../lib/libDaisy/build/libdaisy.a(sai.o)
                0x0000000008006508                daisy::SaiHandle::GetSampleRate()
 .text._ZNK5daisy9SaiHandle9GetOffsetEv
                0x000000000800652c        0x8 ../lib/libDaisy/build/libdaisy.a(sai.o)
                0x000000000800652c                daisy::SaiHandle::GetOffset() const
 .text.startup._GLOBAL__sub_I__ZN5daisy9SaiHandle4Impl4InitERKNS0_6ConfigE
                0x0000000008006534       0x20 ../lib/libDaisy/build/libdaisy.a(sai.o)
 .text._ZL20UART_CheckRxListenerPN5daisy11UartHandler4ImplE
                0x0000000008006554       0x84 ../lib/libDaisy/build/libdaisy.a(uart.o)
 .text._ZN5daisy11UartHandler4Impl10StartDmaTxEPhjPFvPvEPFvS3_NS0_6ResultEES3_
                0x00000000080065d8      0x184 ../lib/libDaisy/build/libdaisy.a(uart.o)
                0x00000000080065d8                daisy::UartHandler::Impl::StartDmaTx(unsigned char*, unsigned int, void (*)(void*), void (*)(void*, daisy::UartHandler::Result), void*)
 .text._ZN5daisy11UartHandler4Impl10StartDmaRxEPhjPFvPvEPFvS3_NS0_6ResultEES3_
                0x000000000800675c      0x184 ../lib/libDaisy/build/libdaisy.a(uart.o)
                0x000000000800675c                daisy::UartHandler::Impl::StartDmaRx(unsigned char*, unsigned int, void (*)(void*), void (*)(void*, daisy::UartHandler::Result), void*)
 .text._ZN5daisy11UartHandler4Impl19DmaTransferFinishedEP20__UART_HandleTypeDefNS0_6ResultE
                0x00000000080068e0       0xc0 ../lib/libDaisy/build/libdaisy.a(uart.o)
                0x00000000080068e0                daisy::UartHandler::Impl::DmaTransferFinished(__UART_HandleTypeDef*, daisy::UartHandler::Result)
 .text._ZN5daisy11UartHandler4Impl8InitPinsEv
                0x00000000080069a0      0x148 ../lib/libDaisy/build/libdaisy.a(uart.o)
                0x00000000080069a0                daisy::UartHandler::Impl::InitPins()
 .text.HAL_UART_MspInit
                0x0000000008006ae8      0x4b4 ../lib/libDaisy/build/libdaisy.a(uart.o)
                0x0000000008006ae8                HAL_UART_MspInit
 .text.dsy_uart_global_init
                0x0000000008006f9c       0xfc ../lib/libDaisy/build/libdaisy.a(uart.o)
                0x0000000008006f9c                dsy_uart_global_init
 .text.USART1_IRQHandler
                0x0000000008007098       0x2c ../lib/libDaisy/build/libdaisy.a(uart.o)
                0x0000000008007098                USART1_IRQHandler
 .text.USART2_IRQHandler
                0x00000000080070c4       0x34 ../lib/libDaisy/build/libdaisy.a(uart.o)
                0x00000000080070c4                USART2_IRQHandler
 .text.USART3_IRQHandler
                0x00000000080070f8       0x34 ../lib/libDaisy/build/libdaisy.a(uart.o)
                0x00000000080070f8                USART3_IRQHandler
 .text.UART4_IRQHandler
                0x000000000800712c       0x34 ../lib/libDaisy/build/libdaisy.a(uart.o)
                0x000000000800712c                UART4_IRQHandler
 .text.UART5_IRQHandler
                0x0000000008007160       0x34 ../lib/libDaisy/build/libdaisy.a(uart.o)
                0x0000000008007160                UART5_IRQHandler
 .text.USART6_IRQHandler
                0x0000000008007194       0x34 ../lib/libDaisy/build/libdaisy.a(uart.o)
                0x0000000008007194                USART6_IRQHandler
 .text.UART7_IRQHandler
                0x00000000080071c8       0x34 ../lib/libDaisy/build/libdaisy.a(uart.o)
                0x00000000080071c8                UART7_IRQHandler
 .text.UART8_IRQHandler
                0x00000000080071fc       0x34 ../lib/libDaisy/build/libdaisy.a(uart.o)
                0x00000000080071fc                UART8_IRQHandler
 .text.LPUART1_IRQHandler
                0x0000000008007230       0x34 ../lib/libDaisy/build/libdaisy.a(uart.o)
                0x0000000008007230                LPUART1_IRQHandler
 .text.DMA1_Stream5_IRQHandler
                0x0000000008007264       0x34 ../lib/libDaisy/build/libdaisy.a(uart.o)
                0x0000000008007264                DMA1_Stream5_IRQHandler
 .text.DMA2_Stream4_IRQHandler
                0x0000000008007298       0x38 ../lib/libDaisy/build/libdaisy.a(uart.o)
                0x0000000008007298                DMA2_Stream4_IRQHandler
 .text.HAL_UART_TxCpltCallback
                0x00000000080072d0        0x8 ../lib/libDaisy/build/libdaisy.a(uart.o)
                0x00000000080072d0                HAL_UART_TxCpltCallback
 .text.HAL_UART_RxCpltCallback
                0x00000000080072d8       0x94 ../lib/libDaisy/build/libdaisy.a(uart.o)
                0x00000000080072d8                HAL_UART_RxCpltCallback
 .text.HAL_UART_RxHalfCpltCallback
                0x000000000800736c       0x90 ../lib/libDaisy/build/libdaisy.a(uart.o)
                0x000000000800736c                HAL_UART_RxHalfCpltCallback
 .text.HAL_UART_ErrorCallback
                0x00000000080073fc        0x8 ../lib/libDaisy/build/libdaisy.a(uart.o)
                0x00000000080073fc                HAL_UART_ErrorCallback
 .text._ZN5daisy11UartHandler4InitERKNS0_6ConfigE
                0x0000000008007404       0xd4 ../lib/libDaisy/build/libdaisy.a(uart.o)
                0x0000000008007404                daisy::UartHandler::Init(daisy::UartHandler::Config const&)
 .text.startup._GLOBAL__sub_I__Z19MapInstanceToHandleP13USART_TypeDef
                0x00000000080074d8      0x1b0 ../lib/libDaisy/build/libdaisy.a(uart.o)
 .text.dsy_dma_init
                0x0000000008007688      0x100 ../lib/libDaisy/build/libdaisy.a(dma.o)
                0x0000000008007688                dsy_dma_init
 .text.dsy_dma_invalidate_cache_for_buffer
                0x0000000008007788       0x2c ../lib/libDaisy/build/libdaisy.a(dma.o)
                0x0000000008007788                dsy_dma_invalidate_cache_for_buffer
 .text._ZN5daisy11TimerHandleD2Ev
                0x00000000080077b4        0x4 ../lib/libDaisy/build/libdaisy.a(system.o)
                0x00000000080077b4                daisy::TimerHandle::~TimerHandle()
                0x00000000080077b4                daisy::TimerHandle::~TimerHandle()
 .text.SysTick_Handler
                0x00000000080077b8       0x10 ../lib/libDaisy/build/libdaisy.a(system.o)
                0x00000000080077b8                SysTick_Handler
 .text.OTG_HS_EP1_OUT_IRQHandler
                0x00000000080077c8       0x24 ../lib/libDaisy/build/libdaisy.a(system.o)
                0x00000000080077c8                OTG_HS_EP1_OUT_IRQHandler
 .text.OTG_HS_EP1_IN_IRQHandler
                0x00000000080077ec       0x24 ../lib/libDaisy/build/libdaisy.a(system.o)
                0x00000000080077ec                OTG_HS_EP1_IN_IRQHandler
 .text.OTG_HS_IRQHandler
                0x0000000008007810       0x24 ../lib/libDaisy/build/libdaisy.a(system.o)
                0x0000000008007810                OTG_HS_IRQHandler
 .text.HardFault_Handler
                0x0000000008007834       0xe0 ../lib/libDaisy/build/libdaisy.a(system.o)
                0x0000000008007834                HardFault_Handler
 .text._ZN5daisy6System6GetNowEv
                0x0000000008007914        0x4 ../lib/libDaisy/build/libdaisy.a(system.o)
                0x0000000008007914                daisy::System::GetNow()
 .text._ZN5daisy6System7GetTickEv
                0x0000000008007918        0xc ../lib/libDaisy/build/libdaisy.a(system.o)
                0x0000000008007918                daisy::System::GetTick()
 .text._ZN5daisy6System5DelayEm
                0x0000000008007924        0x4 ../lib/libDaisy/build/libdaisy.a(system.o)
                0x0000000008007924                daisy::System::Delay(unsigned long)
 .text._ZN5daisy6System20GetBootloaderVersionEv
                0x0000000008007928       0x34 ../lib/libDaisy/build/libdaisy.a(system.o)
                0x0000000008007928                daisy::System::GetBootloaderVersion()
 *fill*         0x000000000800795c        0x4 
 .text._ZN5daisy6System15ConfigureClocksEv
                0x0000000008007960      0x1a4 ../lib/libDaisy/build/libdaisy.a(system.o)
                0x0000000008007960                daisy::System::ConfigureClocks()
 .text._ZN5daisy6System12ConfigureMpuEv
                0x0000000008007b04       0x7c ../lib/libDaisy/build/libdaisy.a(system.o)
                0x0000000008007b04                daisy::System::ConfigureMpu()
 .text._ZN5daisy6System4InitERKNS0_6ConfigE
                0x0000000008007b80       0xf8 ../lib/libDaisy/build/libdaisy.a(system.o)
                0x0000000008007b80                daisy::System::Init(daisy::System::Config const&)
 .text._ZN5daisy6System12GetPClk1FreqEv
                0x0000000008007c78        0x4 ../lib/libDaisy/build/libdaisy.a(system.o)
                0x0000000008007c78                daisy::System::GetPClk1Freq()
 .text._ZN5daisy6System11GetTickFreqEv
                0x0000000008007c7c        0xc ../lib/libDaisy/build/libdaisy.a(system.o)
                0x0000000008007c7c                daisy::System::GetTickFreq()
 .text._ZN5daisy6System22GetProgramMemoryRegionEv
                0x0000000008007c88       0x78 ../lib/libDaisy/build/libdaisy.a(system.o)
                0x0000000008007c88                daisy::System::GetProgramMemoryRegion()
 .text.startup._GLOBAL__sub_I__ZN5daisy9boot_infoE
                0x0000000008007d00       0x1c ../lib/libDaisy/build/libdaisy.a(system.o)
 .text.SystemInit
                0x0000000008007d1c       0x9c ../lib/libDaisy/build/libdaisy.a(system_stm32h7xx.o)
                0x0000000008007d1c                SystemInit
 .text.dummy_rx_callback
                0x0000000008007db8        0x4 ../lib/libDaisy/build/libdaisy.a(usbd_cdc_if.o)
                0x0000000008007db8                dummy_rx_callback
 .text.CDC_DeInit_FS
                0x0000000008007dbc        0x4 ../lib/libDaisy/build/libdaisy.a(usbd_cdc_if.o)
 .text.CDC_Receive_FS
                0x0000000008007dc0       0x2c ../lib/libDaisy/build/libdaisy.a(usbd_cdc_if.o)
 .text.CDC_Receive_HS
                0x0000000008007dec       0x2c ../lib/libDaisy/build/libdaisy.a(usbd_cdc_if.o)
 .text.CDC_Init_FS
                0x0000000008007e18       0x3c ../lib/libDaisy/build/libdaisy.a(usbd_cdc_if.o)
 .text.CDC_Init_HS
                0x0000000008007e54       0x3c ../lib/libDaisy/build/libdaisy.a(usbd_cdc_if.o)
 .text.CDC_Control_FS
                0x0000000008007e90       0x34 ../lib/libDaisy/build/libdaisy.a(usbd_cdc_if.o)
 .text.CDC_Control_HS
                0x0000000008007ec4       0x34 ../lib/libDaisy/build/libdaisy.a(usbd_cdc_if.o)
 .text.CDC_DeInit_HS
                0x0000000008007ef8        0x4 ../lib/libDaisy/build/libdaisy.a(usbd_cdc_if.o)
 .text.CDC_Transmit_FS
                0x0000000008007efc       0x2c ../lib/libDaisy/build/libdaisy.a(usbd_cdc_if.o)
                0x0000000008007efc                CDC_Transmit_FS
 .text.HAL_PCD_MspInit
                0x0000000008007f28      0x144 ../lib/libDaisy/build/libdaisy.a(usbd_conf.o)
                0x0000000008007f28                HAL_PCD_MspInit
 .text.HAL_PCD_SetupStageCallback
                0x000000000800806c        0xc ../lib/libDaisy/build/libdaisy.a(usbd_conf.o)
                0x000000000800806c                HAL_PCD_SetupStageCallback
 .text.HAL_PCD_DataOutStageCallback
                0x0000000008008078       0x14 ../lib/libDaisy/build/libdaisy.a(usbd_conf.o)
                0x0000000008008078                HAL_PCD_DataOutStageCallback
 .text.HAL_PCD_DataInStageCallback
                0x000000000800808c       0x14 ../lib/libDaisy/build/libdaisy.a(usbd_conf.o)
                0x000000000800808c                HAL_PCD_DataInStageCallback
 .text.HAL_PCD_SOFCallback
                0x00000000080080a0        0x8 ../lib/libDaisy/build/libdaisy.a(usbd_conf.o)
                0x00000000080080a0                HAL_PCD_SOFCallback
 .text.HAL_PCD_ResetCallback
                0x00000000080080a8       0x24 ../lib/libDaisy/build/libdaisy.a(usbd_conf.o)
                0x00000000080080a8                HAL_PCD_ResetCallback
 .text.HAL_PCD_SuspendCallback
                0x00000000080080cc       0x30 ../lib/libDaisy/build/libdaisy.a(usbd_conf.o)
                0x00000000080080cc                HAL_PCD_SuspendCallback
 .text.HAL_PCD_ResumeCallback
                0x00000000080080fc        0x8 ../lib/libDaisy/build/libdaisy.a(usbd_conf.o)
                0x00000000080080fc                HAL_PCD_ResumeCallback
 .text.HAL_PCD_ISOOUTIncompleteCallback
                0x0000000008008104        0x8 ../lib/libDaisy/build/libdaisy.a(usbd_conf.o)
                0x0000000008008104                HAL_PCD_ISOOUTIncompleteCallback
 .text.HAL_PCD_ISOINIncompleteCallback
                0x000000000800810c        0x8 ../lib/libDaisy/build/libdaisy.a(usbd_conf.o)
                0x000000000800810c                HAL_PCD_ISOINIncompleteCallback
 .text.HAL_PCD_ConnectCallback
                0x0000000008008114        0x8 ../lib/libDaisy/build/libdaisy.a(usbd_conf.o)
                0x0000000008008114                HAL_PCD_ConnectCallback
 .text.HAL_PCD_DisconnectCallback
                0x000000000800811c        0x8 ../lib/libDaisy/build/libdaisy.a(usbd_conf.o)
                0x000000000800811c                HAL_PCD_DisconnectCallback
 .text.USBD_LL_Init
                0x0000000008008124       0xe4 ../lib/libDaisy/build/libdaisy.a(usbd_conf.o)
                0x0000000008008124                USBD_LL_Init
 .text.USBD_LL_Start
                0x0000000008008208       0x1c ../lib/libDaisy/build/libdaisy.a(usbd_conf.o)
                0x0000000008008208                USBD_LL_Start
 .text.USBD_LL_OpenEP
                0x0000000008008224       0x24 ../lib/libDaisy/build/libdaisy.a(usbd_conf.o)
                0x0000000008008224                USBD_LL_OpenEP
 .text.USBD_LL_CloseEP
                0x0000000008008248       0x1c ../lib/libDaisy/build/libdaisy.a(usbd_conf.o)
                0x0000000008008248                USBD_LL_CloseEP
 .text.USBD_LL_StallEP
                0x0000000008008264       0x1c ../lib/libDaisy/build/libdaisy.a(usbd_conf.o)
                0x0000000008008264                USBD_LL_StallEP
 .text.USBD_LL_ClearStallEP
                0x0000000008008280       0x1c ../lib/libDaisy/build/libdaisy.a(usbd_conf.o)
                0x0000000008008280                USBD_LL_ClearStallEP
 .text.USBD_LL_IsStallEP
                0x000000000800829c       0x28 ../lib/libDaisy/build/libdaisy.a(usbd_conf.o)
                0x000000000800829c                USBD_LL_IsStallEP
 .text.USBD_LL_SetUSBAddress
                0x00000000080082c4       0x1c ../lib/libDaisy/build/libdaisy.a(usbd_conf.o)
                0x00000000080082c4                USBD_LL_SetUSBAddress
 .text.USBD_LL_Transmit
                0x00000000080082e0       0x1c ../lib/libDaisy/build/libdaisy.a(usbd_conf.o)
                0x00000000080082e0                USBD_LL_Transmit
 .text.USBD_LL_PrepareReceive
                0x00000000080082fc       0x1c ../lib/libDaisy/build/libdaisy.a(usbd_conf.o)
                0x00000000080082fc                USBD_LL_PrepareReceive
 .text.USBD_LL_GetRxDataSize
                0x0000000008008318        0x8 ../lib/libDaisy/build/libdaisy.a(usbd_conf.o)
                0x0000000008008318                USBD_LL_GetRxDataSize
 .text.USBD_HS_DeviceDescriptor
                0x0000000008008320        0xc ../lib/libDaisy/build/libdaisy.a(usbd_desc.o)
                0x0000000008008320                USBD_HS_DeviceDescriptor
 .text.USBD_FS_DeviceDescriptor
                0x000000000800832c        0xc ../lib/libDaisy/build/libdaisy.a(usbd_desc.o)
                0x000000000800832c                USBD_FS_DeviceDescriptor
 .text.USBD_FS_LangIDStrDescriptor
                0x0000000008008338        0xc ../lib/libDaisy/build/libdaisy.a(usbd_desc.o)
                0x0000000008008338                USBD_FS_LangIDStrDescriptor
 .text.USBD_FS_ManufacturerStrDescriptor
                0x0000000008008344       0x1c ../lib/libDaisy/build/libdaisy.a(usbd_desc.o)
                0x0000000008008344                USBD_FS_ManufacturerStrDescriptor
 .text.USBD_HS_ProductStrDescriptor
                0x0000000008008360       0x1c ../lib/libDaisy/build/libdaisy.a(usbd_desc.o)
                0x0000000008008360                USBD_HS_ProductStrDescriptor
 .text.USBD_FS_ConfigStrDescriptor
                0x000000000800837c       0x1c ../lib/libDaisy/build/libdaisy.a(usbd_desc.o)
                0x000000000800837c                USBD_FS_ConfigStrDescriptor
 .text.USBD_FS_InterfaceStrDescriptor
                0x0000000008008398       0x1c ../lib/libDaisy/build/libdaisy.a(usbd_desc.o)
                0x0000000008008398                USBD_FS_InterfaceStrDescriptor
 .text.USBD_FS_ProductStrDescriptor
                0x00000000080083b4       0x1c ../lib/libDaisy/build/libdaisy.a(usbd_desc.o)
                0x00000000080083b4                USBD_FS_ProductStrDescriptor
 .text.USBD_HS_LangIDStrDescriptor
                0x00000000080083d0        0xc ../lib/libDaisy/build/libdaisy.a(usbd_desc.o)
                0x00000000080083d0                USBD_HS_LangIDStrDescriptor
 .text.USBD_HS_ManufacturerStrDescriptor
                0x00000000080083dc       0x1c ../lib/libDaisy/build/libdaisy.a(usbd_desc.o)
                0x00000000080083dc                USBD_HS_ManufacturerStrDescriptor
 .text.USBD_FS_SerialStrDescriptor
                0x00000000080083f8      0x124 ../lib/libDaisy/build/libdaisy.a(usbd_desc.o)
                0x00000000080083f8                USBD_FS_SerialStrDescriptor
 .text.USBD_HS_SerialStrDescriptor
                0x000000000800851c      0x124 ../lib/libDaisy/build/libdaisy.a(usbd_desc.o)
                0x000000000800851c                USBD_HS_SerialStrDescriptor
 .text.USBD_HS_InterfaceStrDescriptor
                0x0000000008008640       0x1c ../lib/libDaisy/build/libdaisy.a(usbd_desc.o)
                0x0000000008008640                USBD_HS_InterfaceStrDescriptor
 .text.USBD_HS_ConfigStrDescriptor
                0x000000000800865c       0x1c ../lib/libDaisy/build/libdaisy.a(usbd_desc.o)
                0x000000000800865c                USBD_HS_ConfigStrDescriptor
 .text.HAL_HCD_SOF_Callback
                0x0000000008008678        0x8 ../lib/libDaisy/build/libdaisy.a(usbh_conf.o)
                0x0000000008008678                HAL_HCD_SOF_Callback
 .text.HAL_HCD_Connect_Callback
                0x0000000008008680        0x8 ../lib/libDaisy/build/libdaisy.a(usbh_conf.o)
                0x0000000008008680                HAL_HCD_Connect_Callback
 .text.HAL_HCD_Disconnect_Callback
                0x0000000008008688        0x8 ../lib/libDaisy/build/libdaisy.a(usbh_conf.o)
                0x0000000008008688                HAL_HCD_Disconnect_Callback
 .text.HAL_HCD_HC_NotifyURBChange_Callback
                0x0000000008008690        0x4 ../lib/libDaisy/build/libdaisy.a(usbh_conf.o)
                0x0000000008008690                HAL_HCD_HC_NotifyURBChange_Callback
 .text.HAL_HCD_PortEnabled_Callback
                0x0000000008008694        0x8 ../lib/libDaisy/build/libdaisy.a(usbh_conf.o)
                0x0000000008008694                HAL_HCD_PortEnabled_Callback
 .text.HAL_HCD_PortDisabled_Callback
                0x000000000800869c        0x8 ../lib/libDaisy/build/libdaisy.a(usbh_conf.o)
                0x000000000800869c                HAL_HCD_PortDisabled_Callback
 .text.USBH_LL_Stop
                0x00000000080086a4       0x1c ../lib/libDaisy/build/libdaisy.a(usbh_conf.o)
                0x00000000080086a4                USBH_LL_Stop
 .text._ZN5daisy5Color4InitENS0_11PresetColorE
                0x00000000080086c0       0x20 ../lib/libDaisy/build/libdaisy.a(color.o)
                0x00000000080086c0                daisy::Color::Init(daisy::Color::PresetColor)
 .text.HAL_MspInit
                0x00000000080086e0        0x4 ../lib/libDaisy/build/libdaisy.a(stm32h7xx_hal.o)
                0x00000000080086e0                HAL_MspInit
 .text.HAL_InitTick
                0x00000000080086e4       0x4c ../lib/libDaisy/build/libdaisy.a(stm32h7xx_hal.o)
                0x00000000080086e4                HAL_InitTick
 .text.HAL_Init
                0x0000000008008730       0x60 ../lib/libDaisy/build/libdaisy.a(stm32h7xx_hal.o)
                0x0000000008008730                HAL_Init
 .text.HAL_IncTick
                0x0000000008008790       0x18 ../lib/libDaisy/build/libdaisy.a(stm32h7xx_hal.o)
                0x0000000008008790                HAL_IncTick
 .text.HAL_GetTick
                0x00000000080087a8        0xc ../lib/libDaisy/build/libdaisy.a(stm32h7xx_hal.o)
                0x00000000080087a8                HAL_GetTick
 .text.HAL_Delay
                0x00000000080087b4       0x24 ../lib/libDaisy/build/libdaisy.a(stm32h7xx_hal.o)
                0x00000000080087b4                HAL_Delay
 .text.HAL_GetREVID
                0x00000000080087d8        0xc ../lib/libDaisy/build/libdaisy.a(stm32h7xx_hal.o)
                0x00000000080087d8                HAL_GetREVID
 .text.HAL_ADC_ConvHalfCpltCallback
                0x00000000080087e4        0x4 ../lib/libDaisy/build/libdaisy.a(stm32h7xx_hal_adc.o)
                0x00000000080087e4                HAL_ADC_ConvHalfCpltCallback
 .text.ADC_DMAHalfConvCplt
                0x00000000080087e8        0xc ../lib/libDaisy/build/libdaisy.a(stm32h7xx_hal_adc.o)
                0x00000000080087e8                ADC_DMAHalfConvCplt
 .text.ADC_DMAConvCplt
                0x00000000080087f4       0x6c ../lib/libDaisy/build/libdaisy.a(stm32h7xx_hal_adc.o)
                0x00000000080087f4                ADC_DMAConvCplt
 .text.ADC_DMAError
                0x0000000008008860       0x1c ../lib/libDaisy/build/libdaisy.a(stm32h7xx_hal_adc.o)
                0x0000000008008860                ADC_DMAError
 .text.HAL_ADC_ConfigChannel
                0x000000000800887c      0x440 ../lib/libDaisy/build/libdaisy.a(stm32h7xx_hal_adc.o)
                0x000000000800887c                HAL_ADC_ConfigChannel
 .text.ADC_Enable
                0x0000000008008cbc       0xac ../lib/libDaisy/build/libdaisy.a(stm32h7xx_hal_adc.o)
                0x0000000008008cbc                ADC_Enable
 .text.HAL_ADC_Start_DMA
                0x0000000008008d68      0x124 ../lib/libDaisy/build/libdaisy.a(stm32h7xx_hal_adc.o)
                0x0000000008008d68                HAL_ADC_Start_DMA
 .text.ADC_Disable
                0x0000000008008e8c       0x74 ../lib/libDaisy/build/libdaisy.a(stm32h7xx_hal_adc.o)
                0x0000000008008e8c                ADC_Disable
 .text.ADC_ConfigureBoostMode
                0x0000000008008f00      0x17c ../lib/libDaisy/build/libdaisy.a(stm32h7xx_hal_adc.o)
                0x0000000008008f00                ADC_ConfigureBoostMode
 .text.HAL_ADC_Init
                0x000000000800907c      0x21c ../lib/libDaisy/build/libdaisy.a(stm32h7xx_hal_adc.o)
                0x000000000800907c                HAL_ADC_Init
 .text.HAL_ADCEx_Calibration_Start
                0x0000000008009298       0xa4 ../lib/libDaisy/build/libdaisy.a(stm32h7xx_hal_adc_ex.o)
                0x0000000008009298                HAL_ADCEx_Calibration_Start
 .text.HAL_ADCEx_MultiModeConfigChannel
                0x000000000800933c       0xd0 ../lib/libDaisy/build/libdaisy.a(stm32h7xx_hal_adc_ex.o)
                0x000000000800933c                HAL_ADCEx_MultiModeConfigChannel
 .text.HAL_NVIC_SetPriorityGrouping
                0x000000000800940c       0x24 ../lib/libDaisy/build/libdaisy.a(stm32h7xx_hal_cortex.o)
                0x000000000800940c                HAL_NVIC_SetPriorityGrouping
 .text.HAL_NVIC_SetPriority
                0x0000000008009430       0x7c ../lib/libDaisy/build/libdaisy.a(stm32h7xx_hal_cortex.o)
                0x0000000008009430                HAL_NVIC_SetPriority
 .text.HAL_NVIC_EnableIRQ
                0x00000000080094ac       0x1c ../lib/libDaisy/build/libdaisy.a(stm32h7xx_hal_cortex.o)
                0x00000000080094ac                HAL_NVIC_EnableIRQ
 .text.HAL_NVIC_DisableIRQ
                0x00000000080094c8       0x28 ../lib/libDaisy/build/libdaisy.a(stm32h7xx_hal_cortex.o)
                0x00000000080094c8                HAL_NVIC_DisableIRQ
 .text.HAL_SYSTICK_Config
                0x00000000080094f0       0x2c ../lib/libDaisy/build/libdaisy.a(stm32h7xx_hal_cortex.o)
                0x00000000080094f0                HAL_SYSTICK_Config
 .text.HAL_MPU_Disable
                0x000000000800951c       0x1c ../lib/libDaisy/build/libdaisy.a(stm32h7xx_hal_cortex.o)
                0x000000000800951c                HAL_MPU_Disable
 .text.HAL_MPU_Enable
                0x0000000008009538       0x20 ../lib/libDaisy/build/libdaisy.a(stm32h7xx_hal_cortex.o)
                0x0000000008009538                HAL_MPU_Enable
 .text.HAL_MPU_ConfigRegion
                0x0000000008009558       0x64 ../lib/libDaisy/build/libdaisy.a(stm32h7xx_hal_cortex.o)
                0x0000000008009558                HAL_MPU_ConfigRegion
 .text.HAL_SYSTICK_Callback
                0x00000000080095bc        0x4 ../lib/libDaisy/build/libdaisy.a(stm32h7xx_hal_cortex.o)
                0x00000000080095bc                HAL_SYSTICK_Callback
 .text.HAL_SYSTICK_IRQHandler
                0x00000000080095c0        0x8 ../lib/libDaisy/build/libdaisy.a(stm32h7xx_hal_cortex.o)
                0x00000000080095c0                HAL_SYSTICK_IRQHandler
 .text.DMA_CalcBaseAndBitshift
                0x00000000080095c8       0xf4 ../lib/libDaisy/build/libdaisy.a(stm32h7xx_hal_dma.o)
 .text.DMA_CalcDMAMUXChannelBaseAndMask
                0x00000000080096bc       0xd8 ../lib/libDaisy/build/libdaisy.a(stm32h7xx_hal_dma.o)
 .text.HAL_DMA_Init
                0x0000000008009794      0x4dc ../lib/libDaisy/build/libdaisy.a(stm32h7xx_hal_dma.o)
                0x0000000008009794                HAL_DMA_Init
 .text.HAL_DMA_Start_IT
                0x0000000008009c70      0x330 ../lib/libDaisy/build/libdaisy.a(stm32h7xx_hal_dma.o)
                0x0000000008009c70                HAL_DMA_Start_IT
 .text.HAL_DMA_Abort
                0x0000000008009fa0      0x2f0 ../lib/libDaisy/build/libdaisy.a(stm32h7xx_hal_dma.o)
                0x0000000008009fa0                HAL_DMA_Abort
 .text.HAL_DMA_Abort_IT
                0x000000000800a290      0x194 ../lib/libDaisy/build/libdaisy.a(stm32h7xx_hal_dma.o)
                0x000000000800a290                HAL_DMA_Abort_IT
 .text.HAL_DMA_IRQHandler
                0x000000000800a424      0x6a0 ../lib/libDaisy/build/libdaisy.a(stm32h7xx_hal_dma.o)
                0x000000000800a424                HAL_DMA_IRQHandler
 .text.HAL_DMA_GetError
                0x000000000800aac4        0x4 ../lib/libDaisy/build/libdaisy.a(stm32h7xx_hal_dma.o)
                0x000000000800aac4                HAL_DMA_GetError
 .text.HAL_GPIO_Init
                0x000000000800aac8      0x274 ../lib/libDaisy/build/libdaisy.a(stm32h7xx_hal_gpio.o)
                0x000000000800aac8                HAL_GPIO_Init
 .text.HAL_GPIO_DeInit
                0x000000000800ad3c      0x190 ../lib/libDaisy/build/libdaisy.a(stm32h7xx_hal_gpio.o)
                0x000000000800ad3c                HAL_GPIO_DeInit
 .text.HAL_GPIO_ReadPin
                0x000000000800aecc        0xc ../lib/libDaisy/build/libdaisy.a(stm32h7xx_hal_gpio.o)
                0x000000000800aecc                HAL_GPIO_ReadPin
 .text.HAL_GPIO_WritePin
                0x000000000800aed8        0x8 ../lib/libDaisy/build/libdaisy.a(stm32h7xx_hal_gpio.o)
                0x000000000800aed8                HAL_GPIO_WritePin
 .text.HAL_HCD_IRQHandler
                0x000000000800aee0      0x8f4 ../lib/libDaisy/build/libdaisy.a(stm32h7xx_hal_hcd.o)
                0x000000000800aee0                HAL_HCD_IRQHandler
 .text.HAL_HCD_Stop
                0x000000000800b7d4       0x28 ../lib/libDaisy/build/libdaisy.a(stm32h7xx_hal_hcd.o)
                0x000000000800b7d4                HAL_HCD_Stop
 .text.I2C_WaitOnTXISFlagUntilTimeout
                0x000000000800b7fc      0x16c ../lib/libDaisy/build/libdaisy.a(stm32h7xx_hal_i2c.o)
 .text.I2C_WaitOnSTOPFlagUntilTimeout
                0x000000000800b968      0x168 ../lib/libDaisy/build/libdaisy.a(stm32h7xx_hal_i2c.o)
 .text.HAL_I2C_Init
                0x000000000800bad0       0xac ../lib/libDaisy/build/libdaisy.a(stm32h7xx_hal_i2c.o)
                0x000000000800bad0                HAL_I2C_Init
 .text.HAL_I2C_Master_Transmit
                0x000000000800bb7c      0x37c ../lib/libDaisy/build/libdaisy.a(stm32h7xx_hal_i2c.o)
                0x000000000800bb7c                HAL_I2C_Master_Transmit
 .text.HAL_I2C_Slave_Transmit
                0x000000000800bef8      0x254 ../lib/libDaisy/build/libdaisy.a(stm32h7xx_hal_i2c.o)
                0x000000000800bef8                HAL_I2C_Slave_Transmit
 .text.HAL_I2C_EV_IRQHandler
                0x000000000800c14c       0x10 ../lib/libDaisy/build/libdaisy.a(stm32h7xx_hal_i2c.o)
                0x000000000800c14c                HAL_I2C_EV_IRQHandler
 .text.HAL_I2C_GetState
                0x000000000800c15c        0x8 ../lib/libDaisy/build/libdaisy.a(stm32h7xx_hal_i2c.o)
                0x000000000800c15c                HAL_I2C_GetState
 .text.HAL_I2CEx_ConfigAnalogFilter
                0x000000000800c164       0x54 ../lib/libDaisy/build/libdaisy.a(stm32h7xx_hal_i2c_ex.o)
                0x000000000800c164                HAL_I2CEx_ConfigAnalogFilter
 .text.HAL_I2CEx_ConfigDigitalFilter
                0x000000000800c1b8       0x58 ../lib/libDaisy/build/libdaisy.a(stm32h7xx_hal_i2c_ex.o)
                0x000000000800c1b8                HAL_I2CEx_ConfigDigitalFilter
 .text.HAL_PCD_Init
                0x000000000800c210      0x11c ../lib/libDaisy/build/libdaisy.a(stm32h7xx_hal_pcd.o)
                0x000000000800c210                HAL_PCD_Init
 .text.HAL_PCD_Start
                0x000000000800c32c       0x44 ../lib/libDaisy/build/libdaisy.a(stm32h7xx_hal_pcd.o)
                0x000000000800c32c                HAL_PCD_Start
 .text.HAL_PCD_IRQHandler
                0x000000000800c370      0xb48 ../lib/libDaisy/build/libdaisy.a(stm32h7xx_hal_pcd.o)
                0x000000000800c370                HAL_PCD_IRQHandler
 .text.HAL_PCD_SetAddress
                0x000000000800ceb8       0x2c ../lib/libDaisy/build/libdaisy.a(stm32h7xx_hal_pcd.o)
                0x000000000800ceb8                HAL_PCD_SetAddress
 .text.HAL_PCD_EP_Open
                0x000000000800cee4       0x7c ../lib/libDaisy/build/libdaisy.a(stm32h7xx_hal_pcd.o)
                0x000000000800cee4                HAL_PCD_EP_Open
 .text.HAL_PCD_EP_Close
                0x000000000800cf60       0x6c ../lib/libDaisy/build/libdaisy.a(stm32h7xx_hal_pcd.o)
                0x000000000800cf60                HAL_PCD_EP_Close
 .text.HAL_PCD_EP_Receive
                0x000000000800cfcc       0x44 ../lib/libDaisy/build/libdaisy.a(stm32h7xx_hal_pcd.o)
                0x000000000800cfcc                HAL_PCD_EP_Receive
 .text.HAL_PCD_EP_GetRxCount
                0x000000000800d010       0x14 ../lib/libDaisy/build/libdaisy.a(stm32h7xx_hal_pcd.o)
                0x000000000800d010                HAL_PCD_EP_GetRxCount
 .text.HAL_PCD_EP_Transmit
                0x000000000800d024       0x44 ../lib/libDaisy/build/libdaisy.a(stm32h7xx_hal_pcd.o)
                0x000000000800d024                HAL_PCD_EP_Transmit
 .text.HAL_PCD_EP_SetStall
                0x000000000800d068       0x88 ../lib/libDaisy/build/libdaisy.a(stm32h7xx_hal_pcd.o)
                0x000000000800d068                HAL_PCD_EP_SetStall
 .text.HAL_PCD_EP_ClrStall
                0x000000000800d0f0       0x78 ../lib/libDaisy/build/libdaisy.a(stm32h7xx_hal_pcd.o)
                0x000000000800d0f0                HAL_PCD_EP_ClrStall
 .text.HAL_PCDEx_SetTxFiFo
                0x000000000800d168       0x54 ../lib/libDaisy/build/libdaisy.a(stm32h7xx_hal_pcd_ex.o)
                0x000000000800d168                HAL_PCDEx_SetTxFiFo
 .text.HAL_PCDEx_SetRxFiFo
                0x000000000800d1bc        0xc ../lib/libDaisy/build/libdaisy.a(stm32h7xx_hal_pcd_ex.o)
                0x000000000800d1bc                HAL_PCDEx_SetRxFiFo
 .text.HAL_PCDEx_ActivateLPM
                0x000000000800d1c8       0x30 ../lib/libDaisy/build/libdaisy.a(stm32h7xx_hal_pcd_ex.o)
                0x000000000800d1c8                HAL_PCDEx_ActivateLPM
 .text.HAL_PCDEx_LPM_Callback
                0x000000000800d1f8        0x4 ../lib/libDaisy/build/libdaisy.a(stm32h7xx_hal_pcd_ex.o)
                0x000000000800d1f8                HAL_PCDEx_LPM_Callback
 .text.HAL_PWREx_ConfigSupply
                0x000000000800d1fc       0x48 ../lib/libDaisy/build/libdaisy.a(stm32h7xx_hal_pwr_ex.o)
                0x000000000800d1fc                HAL_PWREx_ConfigSupply
 .text.HAL_PWREx_EnableUSBVoltageDetector
                0x000000000800d244       0x10 ../lib/libDaisy/build/libdaisy.a(stm32h7xx_hal_pwr_ex.o)
                0x000000000800d244                HAL_PWREx_EnableUSBVoltageDetector
 .text.QSPI_Config
                0x000000000800d254      0x174 ../lib/libDaisy/build/libdaisy.a(stm32h7xx_hal_qspi.o)
 .text.HAL_QSPI_Init
                0x000000000800d3c8       0xb8 ../lib/libDaisy/build/libdaisy.a(stm32h7xx_hal_qspi.o)
                0x000000000800d3c8                HAL_QSPI_Init
 .text.HAL_QSPI_DeInit
                0x000000000800d480       0x24 ../lib/libDaisy/build/libdaisy.a(stm32h7xx_hal_qspi.o)
                0x000000000800d480                HAL_QSPI_DeInit
 .text.HAL_QSPI_Command
                0x000000000800d4a4       0xd4 ../lib/libDaisy/build/libdaisy.a(stm32h7xx_hal_qspi.o)
                0x000000000800d4a4                HAL_QSPI_Command
 .text.HAL_QSPI_Transmit
                0x000000000800d578       0xfc ../lib/libDaisy/build/libdaisy.a(stm32h7xx_hal_qspi.o)
                0x000000000800d578                HAL_QSPI_Transmit
 .text.HAL_QSPI_Receive
                0x000000000800d674      0x108 ../lib/libDaisy/build/libdaisy.a(stm32h7xx_hal_qspi.o)
                0x000000000800d674                HAL_QSPI_Receive
 .text.HAL_QSPI_AutoPolling
                0x000000000800d77c       0xf0 ../lib/libDaisy/build/libdaisy.a(stm32h7xx_hal_qspi.o)
                0x000000000800d77c                HAL_QSPI_AutoPolling
 .text.HAL_QSPI_MemoryMapped
                0x000000000800d86c       0xc0 ../lib/libDaisy/build/libdaisy.a(stm32h7xx_hal_qspi.o)
                0x000000000800d86c                HAL_QSPI_MemoryMapped
 .text.HAL_QSPI_ErrorCallback
                0x000000000800d92c        0x4 ../lib/libDaisy/build/libdaisy.a(stm32h7xx_hal_qspi.o)
                0x000000000800d92c                HAL_QSPI_ErrorCallback
 .text.QSPI_DMAAbortCplt
                0x000000000800d930       0x38 ../lib/libDaisy/build/libdaisy.a(stm32h7xx_hal_qspi.o)
 .text.HAL_QSPI_AbortCpltCallback
                0x000000000800d968        0x4 ../lib/libDaisy/build/libdaisy.a(stm32h7xx_hal_qspi.o)
                0x000000000800d968                HAL_QSPI_AbortCpltCallback
 .text.HAL_QSPI_CmdCpltCallback
                0x000000000800d96c        0x4 ../lib/libDaisy/build/libdaisy.a(stm32h7xx_hal_qspi.o)
                0x000000000800d96c                HAL_QSPI_CmdCpltCallback
 .text.HAL_QSPI_RxCpltCallback
                0x000000000800d970        0x4 ../lib/libDaisy/build/libdaisy.a(stm32h7xx_hal_qspi.o)
                0x000000000800d970                HAL_QSPI_RxCpltCallback
 .text.HAL_QSPI_TxCpltCallback
                0x000000000800d974        0x4 ../lib/libDaisy/build/libdaisy.a(stm32h7xx_hal_qspi.o)
                0x000000000800d974                HAL_QSPI_TxCpltCallback
 .text.HAL_QSPI_FifoThresholdCallback
                0x000000000800d978        0x4 ../lib/libDaisy/build/libdaisy.a(stm32h7xx_hal_qspi.o)
                0x000000000800d978                HAL_QSPI_FifoThresholdCallback
 .text.HAL_QSPI_StatusMatchCallback
                0x000000000800d97c        0x4 ../lib/libDaisy/build/libdaisy.a(stm32h7xx_hal_qspi.o)
                0x000000000800d97c                HAL_QSPI_StatusMatchCallback
 .text.HAL_QSPI_TimeOutCallback
                0x000000000800d980        0x4 ../lib/libDaisy/build/libdaisy.a(stm32h7xx_hal_qspi.o)
                0x000000000800d980                HAL_QSPI_TimeOutCallback
 .text.HAL_QSPI_IRQHandler
                0x000000000800d984      0x210 ../lib/libDaisy/build/libdaisy.a(stm32h7xx_hal_qspi.o)
                0x000000000800d984                HAL_QSPI_IRQHandler
 .text.HAL_RCC_GetSysClockFreq.part.0
                0x000000000800db94      0x130 ../lib/libDaisy/build/libdaisy.a(stm32h7xx_hal_rcc.o)
 .text.HAL_RCC_OscConfig
                0x000000000800dcc4      0x5f4 ../lib/libDaisy/build/libdaisy.a(stm32h7xx_hal_rcc.o)
                0x000000000800dcc4                HAL_RCC_OscConfig
 .text.HAL_RCC_GetSysClockFreq
                0x000000000800e2b8      0x140 ../lib/libDaisy/build/libdaisy.a(stm32h7xx_hal_rcc.o)
                0x000000000800e2b8                HAL_RCC_GetSysClockFreq
 .text.HAL_RCC_ClockConfig
                0x000000000800e3f8      0x250 ../lib/libDaisy/build/libdaisy.a(stm32h7xx_hal_rcc.o)
                0x000000000800e3f8                HAL_RCC_ClockConfig
 .text.HAL_RCC_GetHCLKFreq
                0x000000000800e648       0x80 ../lib/libDaisy/build/libdaisy.a(stm32h7xx_hal_rcc.o)
                0x000000000800e648                HAL_RCC_GetHCLKFreq
 .text.HAL_RCC_GetPCLK1Freq
                0x000000000800e6c8       0x90 ../lib/libDaisy/build/libdaisy.a(stm32h7xx_hal_rcc.o)
                0x000000000800e6c8                HAL_RCC_GetPCLK1Freq
 .text.HAL_RCC_GetPCLK2Freq
                0x000000000800e758       0x90 ../lib/libDaisy/build/libdaisy.a(stm32h7xx_hal_rcc.o)
                0x000000000800e758                HAL_RCC_GetPCLK2Freq
 .text.RCCEx_PLL2_Config
                0x000000000800e7e8       0xf4 ../lib/libDaisy/build/libdaisy.a(stm32h7xx_hal_rcc_ex.o)
 .text.RCCEx_PLL3_Config
                0x000000000800e8dc       0xf4 ../lib/libDaisy/build/libdaisy.a(stm32h7xx_hal_rcc_ex.o)
 .text.HAL_RCCEx_PeriphCLKConfig
                0x000000000800e9d0      0xbf8 ../lib/libDaisy/build/libdaisy.a(stm32h7xx_hal_rcc_ex.o)
                0x000000000800e9d0                HAL_RCCEx_PeriphCLKConfig
 .text.HAL_RCCEx_GetD3PCLK1Freq
                0x000000000800f5c8       0x24 ../lib/libDaisy/build/libdaisy.a(stm32h7xx_hal_rcc_ex.o)
                0x000000000800f5c8                HAL_RCCEx_GetD3PCLK1Freq
 .text.HAL_RCCEx_GetPLL2ClockFreq
                0x000000000800f5ec      0x17c ../lib/libDaisy/build/libdaisy.a(stm32h7xx_hal_rcc_ex.o)
                0x000000000800f5ec                HAL_RCCEx_GetPLL2ClockFreq
 .text.HAL_RCCEx_GetPLL3ClockFreq
                0x000000000800f768      0x17c ../lib/libDaisy/build/libdaisy.a(stm32h7xx_hal_rcc_ex.o)
                0x000000000800f768                HAL_RCCEx_GetPLL3ClockFreq
 .text.HAL_RCCEx_GetPLL1ClockFreq
                0x000000000800f8e4      0x18c ../lib/libDaisy/build/libdaisy.a(stm32h7xx_hal_rcc_ex.o)
                0x000000000800f8e4                HAL_RCCEx_GetPLL1ClockFreq
 .text.HAL_RCCEx_GetPeriphCLKFreq
                0x000000000800fa70      0x390 ../lib/libDaisy/build/libdaisy.a(stm32h7xx_hal_rcc_ex.o)
                0x000000000800fa70                HAL_RCCEx_GetPeriphCLKFreq
 .text.HAL_SAI_Init.part.0
                0x000000000800fe00      0x390 ../lib/libDaisy/build/libdaisy.a(stm32h7xx_hal_sai.o)
 .text.HAL_SAI_InitProtocol
                0x0000000008010190      0x174 ../lib/libDaisy/build/libdaisy.a(stm32h7xx_hal_sai.o)
                0x0000000008010190                HAL_SAI_InitProtocol
 .text.HAL_SAI_Transmit_DMA
                0x0000000008010304      0x124 ../lib/libDaisy/build/libdaisy.a(stm32h7xx_hal_sai.o)
                0x0000000008010304                HAL_SAI_Transmit_DMA
 .text.HAL_SAI_Receive_DMA
                0x0000000008010428       0xd0 ../lib/libDaisy/build/libdaisy.a(stm32h7xx_hal_sai.o)
                0x0000000008010428                HAL_SAI_Receive_DMA
 .text.HAL_SAI_TxCpltCallback
                0x00000000080104f8        0x4 ../lib/libDaisy/build/libdaisy.a(stm32h7xx_hal_sai.o)
                0x00000000080104f8                HAL_SAI_TxCpltCallback
 .text.SAI_DMATxCplt
                0x00000000080104fc       0x64 ../lib/libDaisy/build/libdaisy.a(stm32h7xx_hal_sai.o)
 .text.HAL_SAI_TxHalfCpltCallback
                0x0000000008010560        0x4 ../lib/libDaisy/build/libdaisy.a(stm32h7xx_hal_sai.o)
                0x0000000008010560                HAL_SAI_TxHalfCpltCallback
 .text.SAI_DMATxHalfCplt
                0x0000000008010564        0xc ../lib/libDaisy/build/libdaisy.a(stm32h7xx_hal_sai.o)
 .text.SAI_DMARxCplt
                0x0000000008010570       0x64 ../lib/libDaisy/build/libdaisy.a(stm32h7xx_hal_sai.o)
 .text.SAI_DMARxHalfCplt
                0x00000000080105d4        0xc ../lib/libDaisy/build/libdaisy.a(stm32h7xx_hal_sai.o)
 .text.HAL_SAI_ErrorCallback
                0x00000000080105e0        0x4 ../lib/libDaisy/build/libdaisy.a(stm32h7xx_hal_sai.o)
                0x00000000080105e0                HAL_SAI_ErrorCallback
 .text.SAI_DMAError
                0x00000000080105e4       0x6c ../lib/libDaisy/build/libdaisy.a(stm32h7xx_hal_sai.o)
 .text.HAL_SDRAM_Init
                0x0000000008010650       0x54 ../lib/libDaisy/build/libdaisy.a(stm32h7xx_hal_sdram.o)
                0x0000000008010650                HAL_SDRAM_Init
 .text.HAL_SDRAM_SendCommand
                0x00000000080106a4       0x40 ../lib/libDaisy/build/libdaisy.a(stm32h7xx_hal_sdram.o)
                0x00000000080106a4                HAL_SDRAM_SendCommand
 .text.HAL_SDRAM_ProgramRefreshRate
                0x00000000080106e4       0x30 ../lib/libDaisy/build/libdaisy.a(stm32h7xx_hal_sdram.o)
                0x00000000080106e4                HAL_SDRAM_ProgramRefreshRate
 .text.HAL_UART_Transmit_DMA
                0x0000000008010714       0x8c ../lib/libDaisy/build/libdaisy.a(stm32h7xx_hal_uart.o)
                0x0000000008010714                HAL_UART_Transmit_DMA
 .text.UART_DMATransmitCplt
                0x00000000080107a0       0x44 ../lib/libDaisy/build/libdaisy.a(stm32h7xx_hal_uart.o)
 .text.HAL_UART_TxHalfCpltCallback
                0x00000000080107e4        0x4 ../lib/libDaisy/build/libdaisy.a(stm32h7xx_hal_uart.o)
                0x00000000080107e4                HAL_UART_TxHalfCpltCallback
 .text.UART_DMATxHalfCplt
                0x00000000080107e8        0xc ../lib/libDaisy/build/libdaisy.a(stm32h7xx_hal_uart.o)
 .text.UART_DMAError
                0x00000000080107f4       0xd4 ../lib/libDaisy/build/libdaisy.a(stm32h7xx_hal_uart.o)
 .text.UART_DMAAbortOnError
                0x00000000080108c8       0x14 ../lib/libDaisy/build/libdaisy.a(stm32h7xx_hal_uart.o)
 .text.HAL_UARTEx_RxEventCallback
                0x00000000080108dc        0x4 ../lib/libDaisy/build/libdaisy.a(stm32h7xx_hal_uart.o)
                0x00000000080108dc                HAL_UARTEx_RxEventCallback
 .text.HAL_UART_IRQHandler
                0x00000000080108e0      0x380 ../lib/libDaisy/build/libdaisy.a(stm32h7xx_hal_uart.o)
                0x00000000080108e0                HAL_UART_IRQHandler
 .text.UART_DMARxHalfCplt
                0x0000000008010c60       0x20 ../lib/libDaisy/build/libdaisy.a(stm32h7xx_hal_uart.o)
 .text.UART_DMAReceiveCplt
                0x0000000008010c80       0x9c ../lib/libDaisy/build/libdaisy.a(stm32h7xx_hal_uart.o)
 .text.HAL_UART_GetState
                0x0000000008010d1c        0xc ../lib/libDaisy/build/libdaisy.a(stm32h7xx_hal_uart.o)
                0x0000000008010d1c                HAL_UART_GetState
 .text.UART_SetConfig
                0x0000000008010d28      0x534 ../lib/libDaisy/build/libdaisy.a(stm32h7xx_hal_uart.o)
                0x0000000008010d28                UART_SetConfig
 .text.UART_AdvFeatureConfig
                0x000000000801125c       0xb0 ../lib/libDaisy/build/libdaisy.a(stm32h7xx_hal_uart.o)
                0x000000000801125c                UART_AdvFeatureConfig
 .text.UART_CheckIdleState
                0x000000000801130c      0x260 ../lib/libDaisy/build/libdaisy.a(stm32h7xx_hal_uart.o)
                0x000000000801130c                UART_CheckIdleState
 .text.HAL_UART_Init
                0x000000000801156c       0x68 ../lib/libDaisy/build/libdaisy.a(stm32h7xx_hal_uart.o)
                0x000000000801156c                HAL_UART_Init
 .text.UART_Start_Receive_DMA
                0x00000000080115d4       0xa4 ../lib/libDaisy/build/libdaisy.a(stm32h7xx_hal_uart.o)
                0x00000000080115d4                UART_Start_Receive_DMA
 .text.HAL_UART_Receive_DMA
                0x0000000008011678       0x48 ../lib/libDaisy/build/libdaisy.a(stm32h7xx_hal_uart.o)
                0x0000000008011678                HAL_UART_Receive_DMA
 .text.HAL_UARTEx_WakeupCallback
                0x00000000080116c0        0x4 ../lib/libDaisy/build/libdaisy.a(stm32h7xx_hal_uart_ex.o)
                0x00000000080116c0                HAL_UARTEx_WakeupCallback
 .text.HAL_UARTEx_RxFifoFullCallback
                0x00000000080116c4        0x4 ../lib/libDaisy/build/libdaisy.a(stm32h7xx_hal_uart_ex.o)
                0x00000000080116c4                HAL_UARTEx_RxFifoFullCallback
 .text.HAL_UARTEx_TxFifoEmptyCallback
                0x00000000080116c8        0x4 ../lib/libDaisy/build/libdaisy.a(stm32h7xx_hal_uart_ex.o)
                0x00000000080116c8                HAL_UARTEx_TxFifoEmptyCallback
 .text.HAL_UARTEx_DisableFifoMode
                0x00000000080116cc       0x3c ../lib/libDaisy/build/libdaisy.a(stm32h7xx_hal_uart_ex.o)
                0x00000000080116cc                HAL_UARTEx_DisableFifoMode
 .text.HAL_UARTEx_SetTxFifoThreshold
                0x0000000008011708       0x84 ../lib/libDaisy/build/libdaisy.a(stm32h7xx_hal_uart_ex.o)
                0x0000000008011708                HAL_UARTEx_SetTxFifoThreshold
 .text.HAL_UARTEx_SetRxFifoThreshold
                0x000000000801178c       0x84 ../lib/libDaisy/build/libdaisy.a(stm32h7xx_hal_uart_ex.o)
                0x000000000801178c                HAL_UARTEx_SetRxFifoThreshold
 .text.FMC_SDRAM_Init
                0x0000000008011810       0x7c ../lib/libDaisy/build/libdaisy.a(stm32h7xx_ll_fmc.o)
                0x0000000008011810                FMC_SDRAM_Init
 .text.FMC_SDRAM_Timing_Init
                0x000000000801188c       0x98 ../lib/libDaisy/build/libdaisy.a(stm32h7xx_ll_fmc.o)
                0x000000000801188c                FMC_SDRAM_Timing_Init
 .text.FMC_SDRAM_SendCommand
                0x0000000008011924       0x30 ../lib/libDaisy/build/libdaisy.a(stm32h7xx_ll_fmc.o)
                0x0000000008011924                FMC_SDRAM_SendCommand
 .text.FMC_SDRAM_ProgramRefreshRate
                0x0000000008011954       0x1c ../lib/libDaisy/build/libdaisy.a(stm32h7xx_ll_fmc.o)
                0x0000000008011954                FMC_SDRAM_ProgramRefreshRate
 .text.USB_CoreInit
                0x0000000008011970      0x144 ../lib/libDaisy/build/libdaisy.a(stm32h7xx_ll_usb.o)
                0x0000000008011970                USB_CoreInit
 .text.USB_SetTurnaroundTime
                0x0000000008011ab4       0xf4 ../lib/libDaisy/build/libdaisy.a(stm32h7xx_ll_usb.o)
                0x0000000008011ab4                USB_SetTurnaroundTime
 .text.USB_EnableGlobalInt
                0x0000000008011ba8       0x10 ../lib/libDaisy/build/libdaisy.a(stm32h7xx_ll_usb.o)
                0x0000000008011ba8                USB_EnableGlobalInt
 .text.USB_DisableGlobalInt
                0x0000000008011bb8       0x10 ../lib/libDaisy/build/libdaisy.a(stm32h7xx_ll_usb.o)
                0x0000000008011bb8                USB_DisableGlobalInt
 .text.USB_SetCurrentMode
                0x0000000008011bc8       0x6c ../lib/libDaisy/build/libdaisy.a(stm32h7xx_ll_usb.o)
                0x0000000008011bc8                USB_SetCurrentMode
 .text.USB_DevInit
                0x0000000008011c34      0x230 ../lib/libDaisy/build/libdaisy.a(stm32h7xx_ll_usb.o)
                0x0000000008011c34                USB_DevInit
 .text.USB_FlushTxFifo
                0x0000000008011e64       0x54 ../lib/libDaisy/build/libdaisy.a(stm32h7xx_ll_usb.o)
                0x0000000008011e64                USB_FlushTxFifo
 .text.USB_FlushRxFifo
                0x0000000008011eb8       0x50 ../lib/libDaisy/build/libdaisy.a(stm32h7xx_ll_usb.o)
                0x0000000008011eb8                USB_FlushRxFifo
 .text.USB_GetDevSpeed
                0x0000000008011f08       0x18 ../lib/libDaisy/build/libdaisy.a(stm32h7xx_ll_usb.o)
                0x0000000008011f08                USB_GetDevSpeed
 .text.USB_ActivateEndpoint
                0x0000000008011f20       0x90 ../lib/libDaisy/build/libdaisy.a(stm32h7xx_ll_usb.o)
                0x0000000008011f20                USB_ActivateEndpoint
 .text.USB_DeactivateEndpoint
                0x0000000008011fb0       0xbc ../lib/libDaisy/build/libdaisy.a(stm32h7xx_ll_usb.o)
                0x0000000008011fb0                USB_DeactivateEndpoint
 .text.USB_EPStartXfer
                0x000000000801206c      0x288 ../lib/libDaisy/build/libdaisy.a(stm32h7xx_ll_usb.o)
                0x000000000801206c                USB_EPStartXfer
 .text.USB_EPStopXfer
                0x00000000080122f4       0x88 ../lib/libDaisy/build/libdaisy.a(stm32h7xx_ll_usb.o)
                0x00000000080122f4                USB_EPStopXfer
 .text.USB_WritePacket
                0x000000000801237c       0x2c ../lib/libDaisy/build/libdaisy.a(stm32h7xx_ll_usb.o)
                0x000000000801237c                USB_WritePacket
 .text.USB_ReadPacket
                0x00000000080123a8       0x4c ../lib/libDaisy/build/libdaisy.a(stm32h7xx_ll_usb.o)
                0x00000000080123a8                USB_ReadPacket
 .text.USB_EPSetStall
                0x00000000080123f4       0x68 ../lib/libDaisy/build/libdaisy.a(stm32h7xx_ll_usb.o)
                0x00000000080123f4                USB_EPSetStall
 .text.USB_EPClearStall
                0x000000000801245c       0x58 ../lib/libDaisy/build/libdaisy.a(stm32h7xx_ll_usb.o)
                0x000000000801245c                USB_EPClearStall
 .text.USB_SetDevAddress
                0x00000000080124b4       0x24 ../lib/libDaisy/build/libdaisy.a(stm32h7xx_ll_usb.o)
                0x00000000080124b4                USB_SetDevAddress
 .text.USB_DevConnect
                0x00000000080124d8       0x20 ../lib/libDaisy/build/libdaisy.a(stm32h7xx_ll_usb.o)
                0x00000000080124d8                USB_DevConnect
 .text.USB_DevDisconnect
                0x00000000080124f8       0x20 ../lib/libDaisy/build/libdaisy.a(stm32h7xx_ll_usb.o)
                0x00000000080124f8                USB_DevDisconnect
 .text.USB_ReadInterrupts
                0x0000000008012518        0x8 ../lib/libDaisy/build/libdaisy.a(stm32h7xx_ll_usb.o)
                0x0000000008012518                USB_ReadInterrupts