Archive member included to satisfy reference by file (symbol)

../../DaisyExamples/libDaisy/build/libdaisy.a(daisy_pod.o)
                              build/SynthV5.o (daisy::DaisyPod::StartAudio(void (*)(float const*, float*, unsigned int)))
../../DaisyExamples/libDaisy/build/libdaisy.a(daisy_seed.o)
                              ../../DaisyExamples/libDaisy/build/libdaisy.a(daisy_pod.o) (daisy::DaisySeed::Configure())
../../DaisyExamples/libDaisy/build/libdaisy.a(codec_ak4556.o)
                              ../../DaisyExamples/libDaisy/build/libdaisy.a(daisy_seed.o) (daisy::Ak4556::Init(dsy_gpio_pin))
../../DaisyExamples/libDaisy/build/libdaisy.a(codec_wm8731.o)
                              ../../DaisyExamples/libDaisy/build/libdaisy.a(daisy_seed.o) (daisy::Wm8731::Init(daisy::Wm8731::Config const&, daisy::I2CHandle))
../../DaisyExamples/libDaisy/build/libdaisy.a(sdram.o)
                              ../../DaisyExamples/libDaisy/build/libdaisy.a(daisy_seed.o) (SdramHandle::Init())
../../DaisyExamples/libDaisy/build/libdaisy.a(audio.o)
                              ../../DaisyExamples/libDaisy/build/libdaisy.a(daisy_seed.o) (daisy::AudioHandle::Init(daisy::AudioHandle::Config const&, daisy::SaiHandle))
../../DaisyExamples/libDaisy/build/libdaisy.a(ctrl.o)
                              ../../DaisyExamples/libDaisy/build/libdaisy.a(daisy_pod.o) (daisy::AnalogControl::Init(unsigned short*, float, bool, bool, float))
../../DaisyExamples/libDaisy/build/libdaisy.a(encoder.o)
                              ../../DaisyExamples/libDaisy/build/libdaisy.a(daisy_pod.o) (daisy::Encoder::Init(dsy_gpio_pin, dsy_gpio_pin, dsy_gpio_pin, float))
../../DaisyExamples/libDaisy/build/libdaisy.a(midi.o)
                              build/SynthV5.o (daisy::MidiUartTransport::Config::Config())
../../DaisyExamples/libDaisy/build/libdaisy.a(midi_parser.o)
                              build/SynthV5.o (daisy::MidiParser::Parse(unsigned char, daisy::MidiEvent*))
../../DaisyExamples/libDaisy/build/libdaisy.a(parameter.o)
                              build/SynthV5.o (daisy::Parameter::Init(daisy::AnalogControl, float, float, daisy::Parameter::Curve))
../../DaisyExamples/libDaisy/build/libdaisy.a(rgb_led.o)
                              ../../DaisyExamples/libDaisy/build/libdaisy.a(daisy_pod.o) (daisy::RgbLed::Init(dsy_gpio_pin, dsy_gpio_pin, dsy_gpio_pin, bool))
../../DaisyExamples/libDaisy/build/libdaisy.a(switch.o)
                              ../../DaisyExamples/libDaisy/build/libdaisy.a(daisy_pod.o) (daisy::Switch::Init(dsy_gpio_pin, float))
../../DaisyExamples/libDaisy/build/libdaisy.a(usb_midi.o)
                              build/SynthV5.o (daisy::MidiUsbTransport::Init(daisy::MidiUsbTransport::Config))
../../DaisyExamples/libDaisy/build/libdaisy.a(adc.o)
                              ../../DaisyExamples/libDaisy/build/libdaisy.a(daisy_pod.o) (daisy::AdcChannelConfig::InitSingle(dsy_gpio_pin, daisy::AdcChannelConfig::ConversionSpeed))
../../DaisyExamples/libDaisy/build/libdaisy.a(gpio.o)
                              ../../DaisyExamples/libDaisy/build/libdaisy.a(daisy_seed.o) (daisy::GPIO::Init(daisy::Pin, daisy::GPIO::Mode, daisy::GPIO::Pull, daisy::GPIO::Speed))
../../DaisyExamples/libDaisy/build/libdaisy.a(i2c.o)
                              ../../DaisyExamples/libDaisy/build/libdaisy.a(daisy_seed.o) (daisy::I2CHandle::Init(daisy::I2CHandle::Config const&))
../../DaisyExamples/libDaisy/build/libdaisy.a(qspi.o)
                              ../../DaisyExamples/libDaisy/build/libdaisy.a(daisy_seed.o) (daisy::QSPIHandle::Init(daisy::QSPIHandle::Config const&))
../../DaisyExamples/libDaisy/build/libdaisy.a(sai.o)
                              ../../DaisyExamples/libDaisy/build/libdaisy.a(daisy_seed.o) (daisy::SaiHandle::Init(daisy::SaiHandle::Config const&))
../../DaisyExamples/libDaisy/build/libdaisy.a(uart.o)
                              ../../DaisyExamples/libDaisy/build/libdaisy.a(daisy_pod.o) (daisy::UartHandler::Init(daisy::UartHandler::Config const&))
../../DaisyExamples/libDaisy/build/libdaisy.a(dma.o)
                              ../../DaisyExamples/libDaisy/build/libdaisy.a(uart.o) (dsy_dma_invalidate_cache_for_buffer)
../../DaisyExamples/libDaisy/build/libdaisy.a(system.o)
                              ../../DaisyExamples/libDaisy/build/libdaisy.a(daisy_seed.o) (daisy::System::DeInit())
../../DaisyExamples/libDaisy/build/libdaisy.a(system_stm32h7xx.o)
                              build/startup_stm32h750xx.o (SystemInit)
../../DaisyExamples/libDaisy/build/libdaisy.a(usbd_conf.o)
                              ../../DaisyExamples/libDaisy/build/libdaisy.a(system.o) (hpcd_USB_OTG_HS)
../../DaisyExamples/libDaisy/build/libdaisy.a(usbh_conf.o)
                              ../../DaisyExamples/libDaisy/build/libdaisy.a(system.o) (hhcd_USB_OTG_HS)
../../DaisyExamples/libDaisy/build/libdaisy.a(color.o)
[...]
Memory Configuration

Name             Origin             Length             Attributes
FLASH            0x0000000008000000 0x0000000000020000 xr
DTCMRAM          0x0000000020000000 0x0000000000020000 xrw
SRAM             0x0000000024000000 0x0000000000080000 xrw
RAM_D2           0x0000000030000000 0x0000000000048000 xrw
RAM_D3           0x0000000038000000 0x0000000000010000 xrw
BACKUP_SRAM      0x0000000038800000 0x0000000000001000 xrw
ITCMRAM          0x0000000000000000 0x0000000000010000 xrw
SDRAM            0x00000000c0000000 0x0000000004000000 xrw
QSPIFLASH        0x0000000090000000 0x0000000000800000 xr
*default*        0x0000000000000000 0xffffffffffffffff

Linker script and memory map

LOAD /Library/DaisyToolchain/0.2.0/arm/bin/../lib/gcc/arm-none-eabi/10.3.1/thumb/v7e-m+dp/hard/crti.o
LOAD /Library/DaisyToolchain/0.2.0/arm/bin/../lib/gcc/arm-none-eabi/10.3.1/thumb/v7e-m+dp/hard/crtbegin.o
LOAD /Library/DaisyToolchain/0.2.0/arm/bin/../lib/gcc/arm-none-eabi/10.3.1/../../../../arm-none-eabi/lib/thumb/v7e-m+dp/hard/crt0.o
LOAD build/startup_stm32h750xx.o
LOAD build/SynthV5.o
LOAD ../../DaisyExamples/libDaisy/build/libdaisy.a
LOAD /Library/DaisyToolchain/0.2.0/arm/bin/../lib/gcc/arm-none-eabi/10.3.1/../../../../arm-none-eabi/lib/thumb/v7e-m+dp/hard/libnosys.a
LOAD ../../DaisyExamples/DaisySP/build/libdaisysp.a
LOAD ../../DaisyExamples/DaisySP/DaisySP-LGPL/build/libdaisysp-lgpl.a
LOAD /Library/DaisyToolchain/0.2.0/arm/bin/../lib/gcc/arm-none-eabi/10.3.1/../../../../arm-none-eabi/lib/thumb/v7e-m+dp/hard/libstdc++_nano.a
LOAD /Library/DaisyToolchain/0.2.0/arm/bin/../lib/gcc/arm-none-eabi/10.3.1/../../../../arm-none-eabi/lib/thumb/v7e-m+dp/hard/libm.a
LOAD /Library/DaisyToolchain/0.2.0/arm/bin/../lib/gcc/arm-none-eabi/10.3.1/../../../../arm-none-eabi/lib/thumb/v7e-m+dp/hard/libc_nano.a
START GROUP
LOAD /Library/DaisyToolchain/0.2.0/arm/bin/../lib/gcc/arm-none-eabi/10.3.1/thumb/v7e-m+dp/hard/libgcc.a
LOAD /Library/DaisyToolchain/0.2.0/arm/bin/../lib/gcc/arm-none-eabi/10.3.1/../../../../arm-none-eabi/lib/thumb/v7e-m+dp/hard/libc_nano.a
END GROUP
START GROUP
LOAD /Library/DaisyToolchain/0.2.0/arm/bin/../lib/gcc/arm-none-eabi/10.3.1/thumb/v7e-m+dp/hard/libgcc.a
LOAD /Library/DaisyToolchain/0.2.0/arm/bin/../lib/gcc/arm-none-eabi/10.3.1/../../../../arm-none-eabi/lib/thumb/v7e-m+dp/hard/libc_nano.a
LOAD /Library/DaisyToolchain/0.2.0/arm/bin/../lib/gcc/arm-none-eabi/10.3.1/../../../../arm-none-eabi/lib/thumb/v7e-m+dp/hard/libnosys.a
END GROUP
START GROUP
LOAD /Library/DaisyToolchain/0.2.0/arm/bin/../lib/gcc/arm-none-eabi/10.3.1/thumb/v7e-m+dp/hard/libgcc.a
LOAD /Library/DaisyToolchain/0.2.0/arm/bin/../lib/gcc/arm-none-eabi/10.3.1/../../../../arm-none-eabi/lib/thumb/v7e-m+dp/hard/libc_nano.a
LOAD /Library/DaisyToolchain/0.2.0/arm/bin/../lib/gcc/arm-none-eabi/10.3.1/../../../../arm-none-eabi/lib/thumb/v7e-m+dp/hard/libnosys.a
END GROUP
LOAD /Library/DaisyToolchain/0.2.0/arm/bin/../lib/gcc/arm-none-eabi/10.3.1/thumb/v7e-m+dp/hard/crtend.o
LOAD /Library/DaisyToolchain/0.2.0/arm/bin/../lib/gcc/arm-none-eabi/10.3.1/thumb/v7e-m+dp/hard/crtn.o
                0x0000000020020000                _estack = 0x20020000

.isr_vector     0x0000000008000000      0x298
                0x0000000008000000                . = ALIGN (0x4)
 *(.isr_vector)
 .isr_vector    0x0000000008000000      0x298 build/startup_stm32h750xx.o
                0x0000000008000000                g_pfnVectors
                0x0000000008000298                . = ALIGN (0x4)

.text           0x00000000080002a0    0x15660
                0x00000000080002a0                . = ALIGN (0x4)
                0x00000000080002a0                _stext = .
 *(.text)
 .text          0x00000000080002a0       0x40 /Library/DaisyToolchain/0.2.0/arm/bin/../lib/gcc/arm-none-eabi/10.3.1/thumb/v7e-m+dp/hard/crtbegin.o
 .text          0x00000000080002e0       0xa0 /Library/DaisyToolchain/0.2.0/arm/bin/../lib/gcc/arm-none-eabi/10.3.1/../../../../arm-none-eabi/lib/thumb/v7e-m+dp/hard/libc_nano.a(lib_a-memchr.o)
                0x00000000080002e0                memchr
 .text          0x0000000008000380      0x378 /Library/DaisyToolchain/0.2.0/arm/bin/../lib/gcc/arm-none-eabi/10.3.1/thumb/v7e-m+dp/hard/libgcc.a(_arm_addsubdf3.o)
                0x0000000008000380                __aeabi_drsub
                0x0000000008000388                __subdf3
                0x0000000008000388                __aeabi_dsub
                0x000000000800038c                __aeabi_dadd
                0x000000000800038c                __adddf3
                0x0000000008000604                __aeabi_ui2d
                0x0000000008000604                __floatunsidf
                0x0000000008000624                __floatsidf
                0x0000000008000624                __aeabi_i2d
                0x0000000008000648                __extendsfdf2
                0x0000000008000648                __aeabi_f2d
                0x000000000800068c                __aeabi_ul2d
                0x000000000800068c                __floatundidf
                0x000000000800069c                __aeabi_l2d
                0x000000000800069c                __floatdidf
 .text          0x00000000080006f8       0x30 /Library/DaisyToolchain/0.2.0/arm/bin/../lib/gcc/arm-none-eabi/10.3.1/thumb/v7e-m+dp/hard/libgcc.a(_aeabi_uldivmod.o)
                0x00000000080006f8                __aeabi_uldivmod
 .text          0x0000000008000728      0x2d0 /Library/DaisyToolchain/0.2.0/arm/bin/../lib/gcc/arm-none-eabi/10.3.1/thumb/v7e-m+dp/hard/libgcc.a(_udivmoddi4.o)
                0x0000000008000728                __udivmoddi4
 .text          0x00000000080009f8        0x4 /Library/DaisyToolchain/0.2.0/arm/bin/../lib/gcc/arm-none-eabi/10.3.1/thumb/v7e-m+dp/hard/libgcc.a(_dvmd_tls.o)
                0x00000000080009f8                __aeabi_ldiv0
                0x00000000080009f8                __aeabi_idiv0
 *(.text*)
 .text.Default_Handler
                0x00000000080009fc        0x4 build/startup_stm32h750xx.o
                0x00000000080009fc                SAI1_IRQHandler
                0x00000000080009fc                HASH_RNG_IRQHandler
                0x00000000080009fc                EXTI2_IRQHandler
                0x00000000080009fc                TIM8_CC_IRQHandler
                0x00000000080009fc                HRTIM1_Master_IRQHandler
                0x00000000080009fc                DebugMon_Handler
                0x00000000080009fc                TIM1_CC_IRQHandler
                0x00000000080009fc                BDMA_Channel6_IRQHandler
                0x00000000080009fc                DMA2_Stream5_IRQHandler
                0x00000000080009fc                HRTIM1_FLT_IRQHandler
                0x00000000080009fc                JPEG_IRQHandler
                0x00000000080009fc                BDMA_Channel1_IRQHandler
                0x00000000080009fc                HRTIM1_TIMD_IRQHandler
                0x00000000080009fc                TAMP_STAMP_IRQHandler
                0x00000000080009fc                PendSV_Handler
                0x00000000080009fc                NMI_Handler
                0x00000000080009fc                EXTI3_IRQHandler
                0x00000000080009fc                LPTIM4_IRQHandler
                0x00000000080009fc                TIM8_TRG_COM_TIM14_IRQHandler
                0x00000000080009fc                LPTIM2_IRQHandler
                0x00000000080009fc                DFSDM1_FLT1_IRQHandler
                0x00000000080009fc                DMAMUX2_OVR_IRQHandler
                0x00000000080009fc                TIM8_UP_TIM13_IRQHandler
                0x00000000080009fc                I2C3_ER_IRQHandler
                0x00000000080009fc                DFSDM1_FLT2_IRQHandler
                0x00000000080009fc                MDMA_IRQHandler
                0x00000000080009fc                LPTIM3_IRQHandler
                0x00000000080009fc                HSEM1_IRQHandler
                0x00000000080009fc                EXTI0_IRQHandler
                0x00000000080009fc                FPU_IRQHandler
                0x00000000080009fc                OTG_HS_WKUP_IRQHandler
                0x00000000080009fc                FDCAN1_IT1_IRQHandler
                0x00000000080009fc                UsageFault_Handler
                0x00000000080009fc                LTDC_ER_IRQHandler
                0x00000000080009fc                HRTIM1_TIME_IRQHandler
                0x00000000080009fc                TIM6_DAC_IRQHandler
                0x00000000080009fc                DCMI_IRQHandler
                0x00000000080009fc                HRTIM1_TIMC_IRQHandler
                0x00000000080009fc                SAI2_IRQHandler
                0x00000000080009fc                DFSDM1_FLT3_IRQHandler
                0x00000000080009fc                TIM17_IRQHandler
                0x00000000080009fc                CRYP_IRQHandler
                0x00000000080009fc                BDMA_Channel7_IRQHandler
                0x00000000080009fc                LPTIM5_IRQHandler
                0x00000000080009fc                ADC3_IRQHandler
                0x00000000080009fc                DMA2_Stream0_IRQHandler
                0x00000000080009fc                BDMA_Channel2_IRQHandler
                0x00000000080009fc                DMAMUX1_OVR_IRQHandler
                0x00000000080009fc                TIM16_IRQHandler
                0x00000000080009fc                BDMA_Channel5_IRQHandler
                0x00000000080009fc                RCC_IRQHandler
                0x00000000080009fc                TIM8_BRK_TIM12_IRQHandler
                0x00000000080009fc                TIM1_TRG_COM_IRQHandler
                0x00000000080009fc                Default_Handler
                0x00000000080009fc                ECC_IRQHandler
                0x00000000080009fc                CEC_IRQHandler
                0x00000000080009fc                EXTI15_10_IRQHandler
                0x00000000080009fc                BDMA_Channel0_IRQHandler
                0x00000000080009fc                ADC_IRQHandler
                0x00000000080009fc                DMA1_Stream7_IRQHandler
                0x00000000080009fc                HRTIM1_TIMA_IRQHandler
                0x00000000080009fc                TIM7_IRQHandler
                0x00000000080009fc                SDMMC1_IRQHandler
                0x00000000080009fc                DMA2_Stream7_IRQHandler
                0x00000000080009fc                TIM15_IRQHandler
                0x00000000080009fc                PVD_AVD_IRQHandler
                0x00000000080009fc                EXTI9_5_IRQHandler
                0x00000000080009fc                RTC_WKUP_IRQHandler
                0x00000000080009fc                LTDC_IRQHandler
                0x00000000080009fc                SAI3_IRQHandler
                0x00000000080009fc                ETH_WKUP_IRQHandler
                0x00000000080009fc                SPDIF_RX_IRQHandler
                0x00000000080009fc                MemManage_Handler
                0x00000000080009fc                SVC_Handler
                0x00000000080009fc                CRS_IRQHandler
                0x00000000080009fc                EXTI4_IRQHandler
                0x00000000080009fc                HRTIM1_TIMB_IRQHandler
                0x00000000080009fc                FDCAN2_IT1_IRQHandler
                0x00000000080009fc                ETH_IRQHandler
                0x00000000080009fc                TIM1_UP_IRQHandler
                0x00000000080009fc                BDMA_Channel4_IRQHandler
                0x00000000080009fc                WWDG_IRQHandler
                0x00000000080009fc                SPI6_IRQHandler
                0x00000000080009fc                I2C4_EV_IRQHandler
                0x00000000080009fc                MDIOS_IRQHandler
                0x00000000080009fc                FDCAN2_IT0_IRQHandler
                0x00000000080009fc                FDCAN1_IT0_IRQHandler
                0x00000000080009fc                OTG_FS_WKUP_IRQHandler
                0x00000000080009fc                DMA2D_IRQHandler
                0x00000000080009fc                TIM1_BRK_IRQHandler
                0x00000000080009fc                EXTI1_IRQHandler
                0x00000000080009fc                SDMMC2_IRQHandler
                0x00000000080009fc                BDMA_Channel3_IRQHandler
                0x00000000080009fc                MDIOS_WKUP_IRQHandler
                0x00000000080009fc                DFSDM1_FLT0_IRQHandler
                0x00000000080009fc                SAI4_IRQHandler
                0x00000000080009fc                I2C2_ER_IRQHandler
                0x00000000080009fc                DMA2_Stream1_IRQHandler
                0x00000000080009fc                FLASH_IRQHandler
                0x00000000080009fc                BusFault_Handler
                0x00000000080009fc                WAKEUP_PIN_IRQHandler
                0x00000000080009fc                I2C1_ER_IRQHandler
                0x00000000080009fc                FMC_IRQHandler
                0x00000000080009fc                FDCAN_CAL_IRQHandler
                0x00000000080009fc                SWPMI1_IRQHandler
                0x00000000080009fc                COMP1_IRQHandler
                0x00000000080009fc                LPTIM1_IRQHandler
                0x00000000080009fc                I2C4_ER_IRQHandler
                0x00000000080009fc                DMA2_Stream6_IRQHandler
                0x00000000080009fc                RTC_Alarm_IRQHandler
 .text.Reset_Handler
                0x0000000008000a00       0x44 build/startup_stm32h750xx.o
                0x0000000008000a00                Reset_Handler
 .text._ZN5daisy9ParameterD2Ev
                0x0000000008000a44        0x4 build/SynthV5.o
                0x0000000008000a44                daisy::Parameter::~Parameter()
                0x0000000008000a44                daisy::Parameter::~Parameter()
 .text._ZN5daisy8DaisyPodD2Ev
                0x0000000008000a48        0x4 build/SynthV5.o
                0x0000000008000a48                daisy::DaisyPod::~DaisyPod()
                0x0000000008000a48                daisy::DaisyPod::~DaisyPod()
 .text._ZN7daisysp5AdEnvD2Ev
                0x0000000008000a4c        0x4 build/SynthV5.o
                0x0000000008000a4c                daisysp::AdEnv::~AdEnv()
                0x0000000008000a4c                daisysp::AdEnv::~AdEnv()
 .text._ZN7daisysp10OscillatorD2Ev
                0x0000000008000a50        0x4 build/SynthV5.o
                0x0000000008000a50                daisysp::Oscillator::~Oscillator()
                0x0000000008000a50                daisysp::Oscillator::~Oscillator()
 .text._ZN5daisy11MidiHandlerINS_16MidiUsbTransportEED2Ev
                0x0000000008000a54        0x4 build/SynthV5.o
                0x0000000008000a54                daisy::MidiHandler<daisy::MidiUsbTransport>::~MidiHandler()
                0x0000000008000a54                daisy::MidiHandler<daisy::MidiUsbTransport>::~MidiHandler()
 .text._ZL13AudioCallbackPKfPfj
                0x0000000008000a58      0x1a8 build/SynthV5.o
 .text._ZN5daisy11MidiHandlerINS_16MidiUsbTransportEE13ParseCallbackEPhjPv
                0x0000000008000c00       0x74 build/SynthV5.o
                0x0000000008000c00                daisy::MidiHandler<daisy::MidiUsbTransport>::ParseCallback(unsigned char*, unsigned int, void*)
 .text.startup.main
                0x0000000008000c74      0x240 build/SynthV5.o
                0x0000000008000c74                main
 .text.startup._GLOBAL__sub_I_adRelease
                0x0000000008000eb4       0xd4 build/SynthV5.o
 .text._ZN5daisy8DaisyPod10StartAudioEPFvPKfPfjE
                0x0000000008000f88        0x4 ../../DaisyExamples/libDaisy/build/libdaisy.a(daisy_pod.o)
                0x0000000008000f88                daisy::DaisyPod::StartAudio(void (*)(float const*, float*, unsigned int))
 .text._ZN5daisy8DaisyPod17SetAudioBlockSizeEj
                0x0000000008000f8c       0x2c ../../DaisyExamples/libDaisy/build/libdaisy.a(daisy_pod.o)
                0x0000000008000f8c                daisy::DaisyPod::SetAudioBlockSize(unsigned int)
 .text._ZN5daisy8DaisyPod15AudioSampleRateEv
                0x0000000008000fb8        0x4 ../../DaisyExamples/libDaisy/build/libdaisy.a(daisy_pod.o)
                0x0000000008000fb8                daisy::DaisyPod::AudioSampleRate()
 .text._ZN5daisy8DaisyPod8StartAdcEv
                0x0000000008000fbc        0x8 ../../DaisyExamples/libDaisy/build/libdaisy.a(daisy_pod.o)
                0x0000000008000fbc                daisy::DaisyPod::StartAdc()
 .text._ZN5daisy8DaisyPod21ProcessAnalogControlsEv
                0x0000000008000fc4       0x18 ../../DaisyExamples/libDaisy/build/libdaisy.a(daisy_pod.o)
                0x0000000008000fc4                daisy::DaisyPod::ProcessAnalogControls()
 .text._ZN5daisy8DaisyPod22ProcessDigitalControlsEv
                0x0000000008000fdc       0x20 ../../DaisyExamples/libDaisy/build/libdaisy.a(daisy_pod.o)
                0x0000000008000fdc                daisy::DaisyPod::ProcessDigitalControls()
 .text._ZN5daisy8DaisyPod8InitLedsEv
                0x0000000008000ffc       0x98 ../../DaisyExamples/libDaisy/build/libdaisy.a(daisy_pod.o)
                0x0000000008000ffc                daisy::DaisyPod::InitLeds()
 .text._ZN5daisy8DaisyPod9InitKnobsEv
                0x0000000008001094       0x90 ../../DaisyExamples/libDaisy/build/libdaisy.a(daisy_pod.o)
                0x0000000008001094                daisy::DaisyPod::InitKnobs()
 .text._ZN5daisy8DaisyPod4InitEb
                0x0000000008001124      0x128 ../../DaisyExamples/libDaisy/build/libdaisy.a(daisy_pod.o)
                0x0000000008001124                daisy::DaisyPod::Init(bool)
 .text._ZN5daisy9DaisySeed9ConfigureEv
                0x000000000800124c        0x4 ../../DaisyExamples/libDaisy/build/libdaisy.a(daisy_seed.o)
                0x000000000800124c                daisy::DaisySeed::Configure()
 .text._ZN5daisy9DaisySeed10StartAudioEPFvPKfPfjE
                0x0000000008001250        0x8 ../../DaisyExamples/libDaisy/build/libdaisy.a(daisy_seed.o)
                0x0000000008001250                daisy::DaisySeed::StartAudio(void (*)(float const*, float*, unsigned int))
 .text._ZN5daisy9DaisySeed15AudioSampleRateEv
                0x0000000008001258        0x8 ../../DaisyExamples/libDaisy/build/libdaisy.a(daisy_seed.o)
                0x0000000008001258                daisy::DaisySeed::AudioSampleRate()
 .text._ZN5daisy9DaisySeed17SetAudioBlockSizeEj
                0x0000000008001260       0x38 ../../DaisyExamples/libDaisy/build/libdaisy.a(daisy_seed.o)
                0x0000000008001260                daisy::DaisySeed::SetAudioBlockSize(unsigned int)
 .text._ZNK5daisy9DaisySeed17AudioCallbackRateEv
                0x0000000008001298        0x8 ../../DaisyExamples/libDaisy/build/libdaisy.a(daisy_seed.o)
                0x0000000008001298                daisy::DaisySeed::AudioCallbackRate() const
 .text._ZN5daisy9DaisySeed17CheckBoardVersionEv
                0x00000000080012a0       0x6c ../../DaisyExamples/libDaisy/build/libdaisy.a(daisy_seed.o)
                0x00000000080012a0                daisy::DaisySeed::CheckBoardVersion()
 .text._ZN5daisy9DaisySeed14ConfigureAudioEv
                0x000000000800130c      0x10c ../../DaisyExamples/libDaisy/build/libdaisy.a(daisy_seed.o)
                0x000000000800130c                daisy::DaisySeed::ConfigureAudio()
 .text._ZN5daisy9DaisySeed4InitEb
                0x0000000008001418      0x108 ../../DaisyExamples/libDaisy/build/libdaisy.a(daisy_seed.o)
                0x0000000008001418                daisy::DaisySeed::Init(bool)
 .text._ZN5daisy6Ak45564InitE12dsy_gpio_pin
                0x0000000008001520       0x44 ../../DaisyExamples/libDaisy/build/libdaisy.a(codec_ak4556.o)
                0x0000000008001520                daisy::Ak4556::Init(dsy_gpio_pin)
 .text._ZN5daisy6Wm873120WriteControlRegisterEht
                0x0000000008001564       0x3c ../../DaisyExamples/libDaisy/build/libdaisy.a(codec_wm8731.o)
                0x0000000008001564                daisy::Wm8731::WriteControlRegister(unsigned char, unsigned short)
 .text._ZN5daisy6Wm87314InitERKNS0_6ConfigENS_9I2CHandleE
                0x00000000080015a0      0x1bc ../../DaisyExamples/libDaisy/build/libdaisy.a(codec_wm8731.o)
                0x00000000080015a0                daisy::Wm8731::Init(daisy::Wm8731::Config const&, daisy::I2CHandle)
 .text._ZN11SdramHandle10DeviceInitEv
                0x000000000800175c       0x98 ../../DaisyExamples/libDaisy/build/libdaisy.a(sdram.o)
                0x000000000800175c                SdramHandle::DeviceInit()
 .text._ZN11SdramHandle4InitEv
                0x00000000080017f4       0x7c ../../DaisyExamples/libDaisy/build/libdaisy.a(sdram.o)
                0x00000000080017f4                SdramHandle::Init()
 .text.HAL_SDRAM_MspInit
                0x0000000008001870      0x1a8 ../../DaisyExamples/libDaisy/build/libdaisy.a(sdram.o)
                0x0000000008001870                HAL_SDRAM_MspInit
 .text._ZN5daisy11AudioHandle4Impl16InternalCallbackEPlS2_j
                0x0000000008001a18      0xbbc ../../DaisyExamples/libDaisy/build/libdaisy.a(audio.o)
                0x0000000008001a18                daisy::AudioHandle::Impl::InternalCallback(long*, long*, unsigned int)
 .text._ZN5daisy11AudioHandle4InitERKNS0_6ConfigENS_9SaiHandleE
                0x00000000080025d4       0x70 ../../DaisyExamples/libDaisy/build/libdaisy.a(audio.o)
                0x00000000080025d4                daisy::AudioHandle::Init(daisy::AudioHandle::Config const&, daisy::SaiHandle)
 .text._ZNK5daisy11AudioHandle9GetConfigEv
                0x0000000008002644        0x8 ../../DaisyExamples/libDaisy/build/libdaisy.a(audio.o)
                0x0000000008002644                daisy::AudioHandle::GetConfig() const
 .text._ZN5daisy11AudioHandle12SetBlockSizeEj
                0x000000000800264c       0x1c ../../DaisyExamples/libDaisy/build/libdaisy.a(audio.o)
                0x000000000800264c                daisy::AudioHandle::SetBlockSize(unsigned int)
 .text._ZN5daisy11AudioHandle13GetSampleRateEv
                0x0000000008002668        0x8 ../../DaisyExamples/libDaisy/build/libdaisy.a(audio.o)
                0x0000000008002668                daisy::AudioHandle::GetSampleRate()
 .text._ZN5daisy11AudioHandle5StartEPFvPKfPfjE
                0x0000000008002670       0x2c ../../DaisyExamples/libDaisy/build/libdaisy.a(audio.o)
                0x0000000008002670                daisy::AudioHandle::Start(void (*)(float const*, float*, unsigned int))
 .text.startup._GLOBAL__sub_I__ZN5daisy11AudioHandle4Impl4InitENS0_6ConfigENS_9SaiHandleE
                0x000000000800269c       0x24 ../../DaisyExamples/libDaisy/build/libdaisy.a(audio.o)
 .text._ZN5daisy13AnalogControl4InitEPtfbbf
                0x00000000080026c0       0x64 ../../DaisyExamples/libDaisy/build/libdaisy.a(ctrl.o)
                0x00000000080026c0                daisy::AnalogControl::Init(unsigned short*, float, bool, bool, float)
 .text._ZN5daisy13AnalogControl7ProcessEv
                0x0000000008002724       0x48 ../../DaisyExamples/libDaisy/build/libdaisy.a(ctrl.o)
                0x0000000008002724                daisy::AnalogControl::Process()
 .text._ZN5daisy13AnalogControl13SetSampleRateEf
                0x000000000800276c       0x58 ../../DaisyExamples/libDaisy/build/libdaisy.a(ctrl.o)
                0x000000000800276c                daisy::AnalogControl::SetSampleRate(float)
 .text._ZN5daisy7Encoder4InitE12dsy_gpio_pinS1_S1_f
                0x00000000080027c4       0x60 ../../DaisyExamples/libDaisy/build/libdaisy.a(encoder.o)
                0x00000000080027c4                daisy::Encoder::Init(dsy_gpio_pin, dsy_gpio_pin, dsy_gpio_pin, float)
 .text._ZN5daisy7Encoder8DebounceEv
                0x0000000008002824       0x7c ../../DaisyExamples/libDaisy/build/libdaisy.a(encoder.o)
                0x0000000008002824                daisy::Encoder::Debounce()
 .text._ZN5daisy17MidiUartTransport6ConfigC2Ev
                0x00000000080028a0       0x28 ../../DaisyExamples/libDaisy/build/libdaisy.a(midi.o)
                0x00000000080028a0                daisy::MidiUartTransport::Config::Config()
                0x00000000080028a0                daisy::MidiUartTransport::Config::Config()
 .text._ZN5daisy10MidiParser5ParseEhPNS_9MidiEventE
                0x00000000080028c8      0x170 ../../DaisyExamples/libDaisy/build/libdaisy.a(midi_parser.o)
                0x00000000080028c8                daisy::MidiParser::Parse(unsigned char, daisy::MidiEvent*)
 .text._ZN5daisy10MidiParser5ResetEv
                0x0000000008002a38        0xc ../../DaisyExamples/libDaisy/build/libdaisy.a(midi_parser.o)
                0x0000000008002a38                daisy::MidiParser::Reset()
 .text._ZN5daisy9Parameter4InitENS_13AnalogControlEffNS0_5CurveE
                0x0000000008002a44       0x60 ../../DaisyExamples/libDaisy/build/libdaisy.a(parameter.o)
                0x0000000008002a44                daisy::Parameter::Init(daisy::AnalogControl, float, float, daisy::Parameter::Curve)
 .text._ZN5daisy9Parameter7ProcessEv
                0x0000000008002aa4       0xac ../../DaisyExamples/libDaisy/build/libdaisy.a(parameter.o)
                0x0000000008002aa4                daisy::Parameter::Process()
 .text._ZN5daisy6RgbLed4InitE12dsy_gpio_pinS1_S1_b
                0x0000000008002b50       0x50 ../../DaisyExamples/libDaisy/build/libdaisy.a(rgb_led.o)
                0x0000000008002b50                daisy::RgbLed::Init(dsy_gpio_pin, dsy_gpio_pin, dsy_gpio_pin, bool)
 .text._ZN5daisy6RgbLed8SetColorENS_5ColorE
                0x0000000008002ba0       0x2c ../../DaisyExamples/libDaisy/build/libdaisy.a(rgb_led.o)
                0x0000000008002ba0                daisy::RgbLed::SetColor(daisy::Color)
 .text._ZN5daisy6RgbLed6UpdateEv
                0x0000000008002bcc       0x1c ../../DaisyExamples/libDaisy/build/libdaisy.a(rgb_led.o)
                0x0000000008002bcc                daisy::RgbLed::Update()
 .text._ZN5daisy6Switch4InitE12dsy_gpio_pinf
                0x0000000008002be8       0x34 ../../DaisyExamples/libDaisy/build/libdaisy.a(switch.o)
                0x0000000008002be8                daisy::Switch::Init(dsy_gpio_pin, float)
 .text._ZN5daisy6Switch8DebounceEv
                0x0000000008002c1c       0x5c ../../DaisyExamples/libDaisy/build/libdaisy.a(switch.o)
                0x0000000008002c1c                daisy::Switch::Debounce()
 .text._ZN5daisy16MidiUsbTransport4ImplD2Ev
                0x0000000008002c78        0x4 ../../DaisyExamples/libDaisy/build/libdaisy.a(usb_midi.o)
                0x0000000008002c78                daisy::MidiUsbTransport::Impl::~Impl()
                0x0000000008002c78                daisy::MidiUsbTransport::Impl::~Impl()
 .text._ZN5daisy16MidiUsbTransport4Impl5ParseEv
                0x0000000008002c7c       0x68 ../../DaisyExamples/libDaisy/build/libdaisy.a(usb_midi.o)
                0x0000000008002c7c                daisy::MidiUsbTransport::Impl::Parse()
 .text._Z15ReceiveCallbackPhPm
                0x0000000008002ce4       0x9c ../../DaisyExamples/libDaisy/build/libdaisy.a(usb_midi.o)
                0x0000000008002ce4                ReceiveCallback(unsigned char*, unsigned long*)
 .text._ZN5daisy16MidiUsbTransport4InitENS0_6ConfigE
                0x0000000008002d80       0x54 ../../DaisyExamples/libDaisy/build/libdaisy.a(usb_midi.o)
                0x0000000008002d80                daisy::MidiUsbTransport::Init(daisy::MidiUsbTransport::Config)
 .text._ZN5daisy16MidiUsbTransport7StartRxEPFvPhjPvES2_
                0x0000000008002dd4       0x14 ../../DaisyExamples/libDaisy/build/libdaisy.a(usb_midi.o)
                0x0000000008002dd4                daisy::MidiUsbTransport::StartRx(void (*)(unsigned char*, unsigned int, void*), void*)
 .text._ZN5daisy16MidiUsbTransport8RxActiveEv
                0x0000000008002de8        0x8 ../../DaisyExamples/libDaisy/build/libdaisy.a(usb_midi.o)
                0x0000000008002de8                daisy::MidiUsbTransport::RxActive()
 .text._ZN5daisy16MidiUsbTransport7FlushRxEv
                0x0000000008002df0        0xc ../../DaisyExamples/libDaisy/build/libdaisy.a(usb_midi.o)
                0x0000000008002df0                daisy::MidiUsbTransport::FlushRx()
 .text.startup._GLOBAL__sub_I__Z15ReceiveCallbackPhPm
                0x0000000008002dfc       0x60 ../../DaisyExamples/libDaisy/build/libdaisy.a(usb_midi.o)
 .text._ZN5daisy16AdcChannelConfig10InitSingleE12dsy_gpio_pinNS0_15ConversionSpeedE
                0x0000000008002e5c       0x28 ../../DaisyExamples/libDaisy/build/libdaisy.a(adc.o)
                0x0000000008002e5c                daisy::AdcChannelConfig::InitSingle(dsy_gpio_pin, daisy::AdcChannelConfig::ConversionSpeed)
 .text._ZN5daisy9AdcHandle4InitEPNS_16AdcChannelConfigEjNS0_12OverSamplingE
                0x0000000008002e84      0x41c ../../DaisyExamples/libDaisy/build/libdaisy.a(adc.o)
                0x0000000008002e84                daisy::AdcHandle::Init(daisy::AdcChannelConfig*, unsigned int, daisy::AdcHandle::OverSampling)
 .text._ZN5daisy9AdcHandle5StartEv
                0x00000000080032a0       0x2c ../../DaisyExamples/libDaisy/build/libdaisy.a(adc.o)
                0x00000000080032a0                daisy::AdcHandle::Start()
 .text._ZNK5daisy9AdcHandle6GetPtrEh
                0x00000000080032cc       0x14 ../../DaisyExamples/libDaisy/build/libdaisy.a(adc.o)
                0x00000000080032cc                daisy::AdcHandle::GetPtr(unsigned char) const
 .text.HAL_ADC_MspInit
                0x00000000080032e0       0x98 ../../DaisyExamples/libDaisy/build/libdaisy.a(adc.o)
                0x00000000080032e0                HAL_ADC_MspInit
 .text.DMA1_Stream2_IRQHandler
                0x0000000008003378        0xc ../../DaisyExamples/libDaisy/build/libdaisy.a(adc.o)
                0x0000000008003378                DMA1_Stream2_IRQHandler
 .text.HAL_ADC_ConvCpltCallback
                0x0000000008003384      0x148 ../../DaisyExamples/libDaisy/build/libdaisy.a(adc.o)
                0x0000000008003384                HAL_ADC_ConvCpltCallback
 .text.HAL_ADC_ErrorCallback
                0x00000000080034cc        0x4 ../../DaisyExamples/libDaisy/build/libdaisy.a(adc.o)
                0x00000000080034cc                HAL_ADC_ErrorCallback
 .text._ZN5daisy4GPIO4InitENS_3PinENS0_4ModeENS0_4PullENS0_5SpeedE
                0x00000000080034d0      0x1cc ../../DaisyExamples/libDaisy/build/libdaisy.a(gpio.o)
                0x00000000080034d0                daisy::GPIO::Init(daisy::Pin, daisy::GPIO::Mode, daisy::GPIO::Pull, daisy::GPIO::Speed)
 .text._ZN5daisy4GPIO4ReadEv
                0x000000000800369c       0x18 ../../DaisyExamples/libDaisy/build/libdaisy.a(gpio.o)
                0x000000000800369c                daisy::GPIO::Read()
 .text._ZN5daisy4GPIO5WriteEb
                0x00000000080036b4       0x14 ../../DaisyExamples/libDaisy/build/libdaisy.a(gpio.o)
                0x00000000080036b4                daisy::GPIO::Write(bool)
 .text.dsy_gpio_init
                0x00000000080036c8      0x1b8 ../../DaisyExamples/libDaisy/build/libdaisy.a(gpio.o)
                0x00000000080036c8                dsy_gpio_init
 .text.dsy_gpio_read
                0x0000000008003880       0x1c ../../DaisyExamples/libDaisy/build/libdaisy.a(gpio.o)
                0x0000000008003880                dsy_gpio_read
 .text.dsy_gpio_write
                0x000000000800389c       0x24 ../../DaisyExamples/libDaisy/build/libdaisy.a(gpio.o)
                0x000000000800389c                dsy_gpio_write
 .text._ZN5daisy9I2CHandle4Impl8InitPinsEv
                0x00000000080038c0       0x58 ../../DaisyExamples/libDaisy/build/libdaisy.a(i2c.o)
                0x00000000080038c0                daisy::I2CHandle::Impl::InitPins()
 .text.HAL_I2C_MspInit
                0x0000000008003918      0x1b4 ../../DaisyExamples/libDaisy/build/libdaisy.a(i2c.o)
                0x0000000008003918                HAL_I2C_MspInit
 .text.dsy_i2c_global_init
                0x0000000008003acc       0x78 ../../DaisyExamples/libDaisy/build/libdaisy.a(i2c.o)
                0x0000000008003acc                dsy_i2c_global_init
 .text.DMA1_Stream6_IRQHandler
                0x0000000008003b44       0x34 ../../DaisyExamples/libDaisy/build/libdaisy.a(i2c.o)
                0x0000000008003b44                DMA1_Stream6_IRQHandler
 .text.I2C1_EV_IRQHandler
                0x0000000008003b78        0xc ../../DaisyExamples/libDaisy/build/libdaisy.a(i2c.o)
                0x0000000008003b78                I2C1_EV_IRQHandler
 .text.I2C2_EV_IRQHandler
                0x0000000008003b84        0xc ../../DaisyExamples/libDaisy/build/libdaisy.a(i2c.o)
                0x0000000008003b84                I2C2_EV_IRQHandler
 .text.I2C3_EV_IRQHandler
                0x0000000008003b90        0xc ../../DaisyExamples/libDaisy/build/libdaisy.a(i2c.o)
                0x0000000008003b90                I2C3_EV_IRQHandler
 .text._ZN5daisy9I2CHandle4InitERKNS0_6ConfigE
                0x0000000008003b9c      0x12c ../../DaisyExamples/libDaisy/build/libdaisy.a(i2c.o)
                0x0000000008003b9c                daisy::I2CHandle::Init(daisy::I2CHandle::Config const&)
 .text._ZN5daisy9I2CHandle16TransmitBlockingEtPhtm
                0x0000000008003cc8       0x50 ../../DaisyExamples/libDaisy/build/libdaisy.a(i2c.o)
                0x0000000008003cc8                daisy::I2CHandle::TransmitBlocking(unsigned short, unsigned char*, unsigned short, unsigned long)
 .text.startup._GLOBAL__sub_I__ZN5daisy9I2CHandle4Impl10GlobalInitEv
                0x0000000008003d18       0x18 ../../DaisyExamples/libDaisy/build/libdaisy.a(i2c.o)
 .text._ZN5daisy10QSPIHandle4Impl11WriteEnableEv
                0x0000000008003d30       0x8c ../../DaisyExamples/libDaisy/build/libdaisy.a(qspi.o)
                0x0000000008003d30                daisy::QSPIHandle::Impl::WriteEnable()
 *fill*         0x0000000008003dbc        0x4 
 .text._ZN5daisy10QSPIHandle4Impl17DummyCyclesConfigENS0_6Config6DeviceE
                0x0000000008003dc0      0x118 ../../DaisyExamples/libDaisy/build/libdaisy.a(qspi.o)
                0x0000000008003dc0                daisy::QSPIHandle::Impl::DummyCyclesConfig(daisy::QSPIHandle::Config::Device)
 .text._ZN5daisy10QSPIHandle4Impl10QuadEnableEv
                0x0000000008003ed8      0x158 ../../DaisyExamples/libDaisy/build/libdaisy.a(qspi.o)
                0x0000000008003ed8                daisy::QSPIHandle::Impl::QuadEnable()
 .text._ZN5daisy10QSPIHandle4InitERKNS0_6ConfigE
                0x0000000008004030      0x198 ../../DaisyExamples/libDaisy/build/libdaisy.a(qspi.o)
                0x0000000008004030                daisy::QSPIHandle::Init(daisy::QSPIHandle::Config const&)
 .text.HAL_QSPI_MspInit
                0x00000000080041c8      0x11c ../../DaisyExamples/libDaisy/build/libdaisy.a(qspi.o)
                0x00000000080041c8                HAL_QSPI_MspInit
 .text.HAL_QSPI_MspDeInit
                0x00000000080042e4       0x54 ../../DaisyExamples/libDaisy/build/libdaisy.a(qspi.o)
                0x00000000080042e4                HAL_QSPI_MspDeInit
 .text.QUADSPI_IRQHandler
                0x0000000008004338        0xc ../../DaisyExamples/libDaisy/build/libdaisy.a(qspi.o)
                0x0000000008004338                QUADSPI_IRQHandler
 .text.startup._GLOBAL__sub_I__ZN5daisy10QSPIHandle4Impl4InitERKNS0_6ConfigE
                0x0000000008004344       0x28 ../../DaisyExamples/libDaisy/build/libdaisy.a(qspi.o)
 .text._ZN5daisy9SaiHandle4Impl7InitDmaENS1_15PeripheralBlockE
                0x000000000800436c       0xa0 ../../DaisyExamples/libDaisy/build/libdaisy.a(sai.o)
                0x000000000800436c                daisy::SaiHandle::Impl::InitDma(daisy::SaiHandle::Impl::PeripheralBlock)
 .text._ZN5daisy9SaiHandle4Impl8InitPinsEv
                0x000000000800440c       0xa8 ../../DaisyExamples/libDaisy/build/libdaisy.a(sai.o)
                0x000000000800440c                daisy::SaiHandle::Impl::InitPins()
 .text.HAL_SAI_MspInit
                0x00000000080044b4      0x164 ../../DaisyExamples/libDaisy/build/libdaisy.a(sai.o)
                0x00000000080044b4                HAL_SAI_MspInit
 .text.DMA1_Stream0_IRQHandler
                0x0000000008004618        0xc ../../DaisyExamples/libDaisy/build/libdaisy.a(sai.o)
                0x0000000008004618                DMA1_Stream0_IRQHandler
 .text.DMA1_Stream1_IRQHandler
                0x0000000008004624        0xc ../../DaisyExamples/libDaisy/build/libdaisy.a(sai.o)
                0x0000000008004624                DMA1_Stream1_IRQHandler
 .text.DMA1_Stream3_IRQHandler
                0x0000000008004630        0xc ../../DaisyExamples/libDaisy/build/libdaisy.a(sai.o)
                0x0000000008004630                DMA1_Stream3_IRQHandler
 .text.DMA1_Stream4_IRQHandler
                0x000000000800463c        0xc ../../DaisyExamples/libDaisy/build/libdaisy.a(sai.o)
                0x000000000800463c                DMA1_Stream4_IRQHandler
 .text.HAL_SAI_RxHalfCpltCallback
                0x0000000008004648       0x78 ../../DaisyExamples/libDaisy/build/libdaisy.a(sai.o)
                0x0000000008004648                HAL_SAI_RxHalfCpltCallback
 .text.HAL_SAI_RxCpltCallback
                0x00000000080046c0       0x70 ../../DaisyExamples/libDaisy/build/libdaisy.a(sai.o)
                0x00000000080046c0                HAL_SAI_RxCpltCallback
 .text._ZN5daisy9SaiHandle4InitERKNS0_6ConfigE
                0x0000000008004730      0x1f0 ../../DaisyExamples/libDaisy/build/libdaisy.a(sai.o)
                0x0000000008004730                daisy::SaiHandle::Init(daisy::SaiHandle::Config const&)
 .text._ZNK5daisy9SaiHandle9GetConfigEv
                0x0000000008004920        0x4 ../../DaisyExamples/libDaisy/build/libdaisy.a(sai.o)
                0x0000000008004920                daisy::SaiHandle::GetConfig() const
 .text._ZN5daisy9SaiHandle8StartDmaEPlS1_jPFvS1_S1_jE
                0x0000000008004924       0xbc ../../DaisyExamples/libDaisy/build/libdaisy.a(sai.o)
                0x0000000008004924                daisy::SaiHandle::StartDma(long*, long*, unsigned int, void (*)(long*, long*, unsigned int))
 .text._ZN5daisy9SaiHandle13GetSampleRateEv
                0x00000000080049e0       0x24 ../../DaisyExamples/libDaisy/build/libdaisy.a(sai.o)
                0x00000000080049e0                daisy::SaiHandle::GetSampleRate()
 .text._ZNK5daisy9SaiHandle9GetOffsetEv
                0x0000000008004a04        0x8 ../../DaisyExamples/libDaisy/build/libdaisy.a(sai.o)
                0x0000000008004a04                daisy::SaiHandle::GetOffset() const
 .text._ZL20UART_CheckRxListenerPN5daisy11UartHandler4ImplE
                0x0000000008004a0c       0x84 ../../DaisyExamples/libDaisy/build/libdaisy.a(uart.o)
 .text._ZN5daisy11UartHandler4Impl10StartDmaTxEPhjPFvPvEPFvS3_NS0_6ResultEES3_
                0x0000000008004a90      0x184 ../../DaisyExamples/libDaisy/build/libdaisy.a(uart.o)
                0x0000000008004a90                daisy::UartHandler::Impl::StartDmaTx(unsigned char*, unsigned int, void (*)(void*), void (*)(void*, daisy::UartHandler::Result), void*)
 .text._ZN5daisy11UartHandler4Impl10StartDmaRxEPhjPFvPvEPFvS3_NS0_6ResultEES3_
                0x0000000008004c14      0x184 ../../DaisyExamples/libDaisy/build/libdaisy.a(uart.o)
                0x0000000008004c14                daisy::UartHandler::Impl::StartDmaRx(unsigned char*, unsigned int, void (*)(void*), void (*)(void*, daisy::UartHandler::Result), void*)
 .text._ZN5daisy11UartHandler4Impl19DmaTransferFinishedEP20__UART_HandleTypeDefNS0_6ResultE
                0x0000000008004d98       0xc0 ../../DaisyExamples/libDaisy/build/libdaisy.a(uart.o)
                0x0000000008004d98                daisy::UartHandler::Impl::DmaTransferFinished(__UART_HandleTypeDef*, daisy::UartHandler::Result)
 .text._ZN5daisy11UartHandler4Impl8InitPinsEv
                0x0000000008004e58      0x154 ../../DaisyExamples/libDaisy/build/libdaisy.a(uart.o)
                0x0000000008004e58                daisy::UartHandler::Impl::InitPins()
 .text.HAL_UART_MspInit
                0x0000000008004fac      0x210 ../../DaisyExamples/libDaisy/build/libdaisy.a(uart.o)
                0x0000000008004fac                HAL_UART_MspInit
 .text.dsy_uart_global_init
                0x00000000080051bc       0xfc ../../DaisyExamples/libDaisy/build/libdaisy.a(uart.o)
                0x00000000080051bc                dsy_uart_global_init
 .text.USART1_IRQHandler
                0x00000000080052b8       0x2c ../../DaisyExamples/libDaisy/build/libdaisy.a(uart.o)
                0x00000000080052b8                USART1_IRQHandler
 .text.USART2_IRQHandler
                0x00000000080052e4       0x34 ../../DaisyExamples/libDaisy/build/libdaisy.a(uart.o)
                0x00000000080052e4                USART2_IRQHandler
 .text.USART3_IRQHandler
                0x0000000008005318       0x34 ../../DaisyExamples/libDaisy/build/libdaisy.a(uart.o)
                0x0000000008005318                USART3_IRQHandler
 .text.UART4_IRQHandler
                0x000000000800534c       0x34 ../../DaisyExamples/libDaisy/build/libdaisy.a(uart.o)
                0x000000000800534c                UART4_IRQHandler
 .text.UART5_IRQHandler
                0x0000000008005380       0x34 ../../DaisyExamples/libDaisy/build/libdaisy.a(uart.o)
                0x0000000008005380                UART5_IRQHandler
 .text.USART6_IRQHandler
                0x00000000080053b4       0x34 ../../DaisyExamples/libDaisy/build/libdaisy.a(uart.o)
                0x00000000080053b4                USART6_IRQHandler
 .text.UART7_IRQHandler
                0x00000000080053e8       0x34 ../../DaisyExamples/libDaisy/build/libdaisy.a(uart.o)
                0x00000000080053e8                UART7_IRQHandler
 .text.UART8_IRQHandler
                0x000000000800541c       0x34 ../../DaisyExamples/libDaisy/build/libdaisy.a(uart.o)
                0x000000000800541c                UART8_IRQHandler
 .text.LPUART1_IRQHandler
                0x0000000008005450       0x34 ../../DaisyExamples/libDaisy/build/libdaisy.a(uart.o)
                0x0000000008005450                LPUART1_IRQHandler
 .text.DMA1_Stream5_IRQHandler
                0x0000000008005484       0x34 ../../DaisyExamples/libDaisy/build/libdaisy.a(uart.o)
                0x0000000008005484                DMA1_Stream5_IRQHandler
 .text.DMA2_Stream4_IRQHandler
                0x00000000080054b8       0x38 ../../DaisyExamples/libDaisy/build/libdaisy.a(uart.o)
                0x00000000080054b8                DMA2_Stream4_IRQHandler
 .text.HAL_UART_TxCpltCallback
                0x00000000080054f0        0x8 ../../DaisyExamples/libDaisy/build/libdaisy.a(uart.o)
                0x00000000080054f0                HAL_UART_TxCpltCallback
 .text.HAL_UART_RxCpltCallback
                0x00000000080054f8       0x94 ../../DaisyExamples/libDaisy/build/libdaisy.a(uart.o)
                0x00000000080054f8                HAL_UART_RxCpltCallback
 .text.HAL_UART_RxHalfCpltCallback
                0x000000000800558c       0x90 ../../DaisyExamples/libDaisy/build/libdaisy.a(uart.o)
                0x000000000800558c                HAL_UART_RxHalfCpltCallback
 .text.HAL_UART_ErrorCallback
                0x000000000800561c        0x8 ../../DaisyExamples/libDaisy/build/libdaisy.a(uart.o)
                0x000000000800561c                HAL_UART_ErrorCallback
 .text._ZN5daisy11UartHandler4InitERKNS0_6ConfigE
                0x0000000008005624       0xd4 ../../DaisyExamples/libDaisy/build/libdaisy.a(uart.o)
                0x0000000008005624                daisy::UartHandler::Init(daisy::UartHandler::Config const&)
 .text.startup._GLOBAL__sub_I__Z19MapInstanceToHandleP13USART_TypeDef
                0x00000000080056f8      0x194 ../../DaisyExamples/libDaisy/build/libdaisy.a(uart.o)
 .text.dsy_dma_init
                0x000000000800588c      0x100 ../../DaisyExamples/libDaisy/build/libdaisy.a(dma.o)
                0x000000000800588c                dsy_dma_init
 .text.dsy_dma_invalidate_cache_for_buffer
                0x000000000800598c       0x2c ../../DaisyExamples/libDaisy/build/libdaisy.a(dma.o)
                0x000000000800598c                dsy_dma_invalidate_cache_for_buffer
 .text._ZN5daisy11TimerHandleD2Ev
                0x00000000080059b8        0x4 ../../DaisyExamples/libDaisy/build/libdaisy.a(system.o)
                0x00000000080059b8                daisy::TimerHandle::~TimerHandle()
                0x00000000080059b8                daisy::TimerHandle::~TimerHandle()
 .text.SysTick_Handler
                0x00000000080059bc       0x10 ../../DaisyExamples/libDaisy/build/libdaisy.a(system.o)
                0x00000000080059bc                SysTick_Handler
 .text.OTG_HS_EP1_OUT_IRQHandler
                0x00000000080059cc       0x24 ../../DaisyExamples/libDaisy/build/libdaisy.a(system.o)
                0x00000000080059cc                OTG_HS_EP1_OUT_IRQHandler
 .text.OTG_HS_EP1_IN_IRQHandler
                0x00000000080059f0       0x24 ../../DaisyExamples/libDaisy/build/libdaisy.a(system.o)
                0x00000000080059f0                OTG_HS_EP1_IN_IRQHandler
 .text.OTG_HS_IRQHandler
                0x0000000008005a14       0x24 ../../DaisyExamples/libDaisy/build/libdaisy.a(system.o)
                0x0000000008005a14                OTG_HS_IRQHandler
 .text.HardFault_Handler
                0x0000000008005a38       0xe0 ../../DaisyExamples/libDaisy/build/libdaisy.a(system.o)
                0x0000000008005a38                HardFault_Handler
 .text._ZN5daisy6System6GetNowEv
                0x0000000008005b18        0x4 ../../DaisyExamples/libDaisy/build/libdaisy.a(system.o)
                0x0000000008005b18                daisy::System::GetNow()
 .text._ZN5daisy6System5DelayEm
                0x0000000008005b1c        0x4 ../../DaisyExamples/libDaisy/build/libdaisy.a(system.o)
                0x0000000008005b1c                daisy::System::Delay(unsigned long)
 .text._ZN5daisy6System20GetBootloaderVersionEv
                0x0000000008005b20       0x34 ../../DaisyExamples/libDaisy/build/libdaisy.a(system.o)
                0x0000000008005b20                daisy::System::GetBootloaderVersion()
 .text._ZN5daisy6System15ConfigureClocksEv
                0x0000000008005b54      0x194 ../../DaisyExamples/libDaisy/build/libdaisy.a(system.o)
                0x0000000008005b54                daisy::System::ConfigureClocks()
 .text._ZN5daisy6System12ConfigureMpuEv
                0x0000000008005ce8       0x7c ../../DaisyExamples/libDaisy/build/libdaisy.a(system.o)
                0x0000000008005ce8                daisy::System::ConfigureMpu()
 .text._ZN5daisy6System4InitERKNS0_6ConfigE
                0x0000000008005d64       0xec ../../DaisyExamples/libDaisy/build/libdaisy.a(system.o)
                0x0000000008005d64                daisy::System::Init(daisy::System::Config const&)
 .text._ZN5daisy6System12GetPClk1FreqEv
                0x0000000008005e50        0x4 ../../DaisyExamples/libDaisy/build/libdaisy.a(system.o)
                0x0000000008005e50                daisy::System::GetPClk1Freq()
 .text._ZN5daisy6System22GetProgramMemoryRegionEv
                0x0000000008005e54       0x78 ../../DaisyExamples/libDaisy/build/libdaisy.a(system.o)
                0x0000000008005e54                daisy::System::GetProgramMemoryRegion()
 .text.startup._GLOBAL__sub_I__ZN5daisy9boot_infoE
                0x0000000008005ecc       0x1c ../../DaisyExamples/libDaisy/build/libdaisy.a(system.o)
 .text.SystemInit
                0x0000000008005ee8       0x9c ../../DaisyExamples/libDaisy/build/libdaisy.a(system_stm32h7xx.o)
                0x0000000008005ee8                SystemInit
 .text.HAL_PCD_MspInit
                0x0000000008005f84      0x144 ../../DaisyExamples/libDaisy/build/libdaisy.a(usbd_conf.o)
                0x0000000008005f84                HAL_PCD_MspInit
 .text.HAL_PCD_SetupStageCallback
                0x00000000080060c8        0xc ../../DaisyExamples/libDaisy/build/libdaisy.a(usbd_conf.o)
                0x00000000080060c8                HAL_PCD_SetupStageCallback
 .text.HAL_PCD_DataOutStageCallback
                0x00000000080060d4       0x14 ../../DaisyExamples/libDaisy/build/libdaisy.a(usbd_conf.o)
                0x00000000080060d4                HAL_PCD_DataOutStageCallback
 .text.HAL_PCD_DataInStageCallback
                0x00000000080060e8       0x14 ../../DaisyExamples/libDaisy/build/libdaisy.a(usbd_conf.o)
                0x00000000080060e8                HAL_PCD_DataInStageCallback
 .text.HAL_PCD_SOFCallback
                0x00000000080060fc        0x8 ../../DaisyExamples/libDaisy/build/libdaisy.a(usbd_conf.o)
                0x00000000080060fc                HAL_PCD_SOFCallback
 .text.HAL_PCD_ResetCallback
                0x0000000008006104       0x24 ../../DaisyExamples/libDaisy/build/libdaisy.a(usbd_conf.o)
                0x0000000008006104                HAL_PCD_ResetCallback
 .text.HAL_PCD_SuspendCallback
                0x0000000008006128       0x30 ../../DaisyExamples/libDaisy/build/libdaisy.a(usbd_conf.o)
                0x0000000008006128                HAL_PCD_SuspendCallback
 .text.HAL_PCD_ResumeCallback
                0x0000000008006158        0x8 ../../DaisyExamples/libDaisy/build/libdaisy.a(usbd_conf.o)
                0x0000000008006158                HAL_PCD_ResumeCallback
 .text.HAL_PCD_ISOOUTIncompleteCallback
                0x0000000008006160        0x8 ../../DaisyExamples/libDaisy/build/libdaisy.a(usbd_conf.o)
                0x0000000008006160                HAL_PCD_ISOOUTIncompleteCallback
 .text.HAL_PCD_ISOINIncompleteCallback
                0x0000000008006168        0x8 ../../DaisyExamples/libDaisy/build/libdaisy.a(usbd_conf.o)
                0x0000000008006168                HAL_PCD_ISOINIncompleteCallback
 .text.HAL_PCD_ConnectCallback
                0x0000000008006170        0x8 ../../DaisyExamples/libDaisy/build/libdaisy.a(usbd_conf.o)
                0x0000000008006170                HAL_PCD_ConnectCallback
 .text.HAL_PCD_DisconnectCallback
                0x0000000008006178        0x8 ../../DaisyExamples/libDaisy/build/libdaisy.a(usbd_conf.o)
                0x0000000008006178                HAL_PCD_DisconnectCallback
 .text.USBD_LL_Init
                0x0000000008006180       0xe4 ../../DaisyExamples/libDaisy/build/libdaisy.a(usbd_conf.o)
                0x0000000008006180                USBD_LL_Init
 .text.USBD_LL_Start
                0x0000000008006264       0x1c ../../DaisyExamples/libDaisy/build/libdaisy.a(usbd_conf.o)
                0x0000000008006264                USBD_LL_Start
 .text.USBD_LL_OpenEP
                0x0000000008006280       0x24 ../../DaisyExamples/libDaisy/build/libdaisy.a(usbd_conf.o)
                0x0000000008006280                USBD_LL_OpenEP
 .text.USBD_LL_CloseEP
                0x00000000080062a4       0x1c ../../DaisyExamples/libDaisy/build/libdaisy.a(usbd_conf.o)
                0x00000000080062a4                USBD_LL_CloseEP
 .text.USBD_LL_StallEP
                0x00000000080062c0       0x1c ../../DaisyExamples/libDaisy/build/libdaisy.a(usbd_conf.o)
                0x00000000080062c0                USBD_LL_StallEP
 .text.USBD_LL_ClearStallEP
                0x00000000080062dc       0x1c ../../DaisyExamples/libDaisy/build/libdaisy.a(usbd_conf.o)
                0x00000000080062dc                USBD_LL_ClearStallEP
 .text.USBD_LL_IsStallEP
                0x00000000080062f8       0x28 ../../DaisyExamples/libDaisy/build/libdaisy.a(usbd_conf.o)
                0x00000000080062f8                USBD_LL_IsStallEP
 .text.USBD_LL_SetUSBAddress
                0x0000000008006320       0x1c ../../DaisyExamples/libDaisy/build/libdaisy.a(usbd_conf.o)
                0x0000000008006320                USBD_LL_SetUSBAddress
 .text.USBD_LL_Transmit
                0x000000000800633c       0x1c ../../DaisyExamples/libDaisy/build/libdaisy.a(usbd_conf.o)
                0x000000000800633c                USBD_LL_Transmit
 .text.USBD_LL_PrepareReceive
                0x0000000008006358       0x1c ../../DaisyExamples/libDaisy/build/libdaisy.a(usbd_conf.o)
                0x0000000008006358                USBD_LL_PrepareReceive
 .text.USBD_LL_GetRxDataSize
                0x0000000008006374        0x8 ../../DaisyExamples/libDaisy/build/libdaisy.a(usbd_conf.o)
                0x0000000008006374                USBD_LL_GetRxDataSize
 .text.HAL_HCD_SOF_Callback
                0x000000000800637c        0x8 ../../DaisyExamples/libDaisy/build/libdaisy.a(usbh_conf.o)
                0x000000000800637c                HAL_HCD_SOF_Callback
 .text.HAL_HCD_Connect_Callback
                0x0000000008006384        0x8 ../../DaisyExamples/libDaisy/build/libdaisy.a(usbh_conf.o)
                0x0000000008006384                HAL_HCD_Connect_Callback
 .text.HAL_HCD_Disconnect_Callback
                0x000000000800638c        0x8 ../../DaisyExamples/libDaisy/build/libdaisy.a(usbh_conf.o)
                0x000000000800638c                HAL_HCD_Disconnect_Callback
 .text.HAL_HCD_HC_NotifyURBChange_Callback
                0x0000000008006394        0x4 ../../DaisyExamples/libDaisy/build/libdaisy.a(usbh_conf.o)
                0x0000000008006394                HAL_HCD_HC_NotifyURBChange_Callback
 .text.HAL_HCD_PortEnabled_Callback
                0x0000000008006398        0x8 ../../DaisyExamples/libDaisy/build/libdaisy.a(usbh_conf.o)
                0x0000000008006398                HAL_HCD_PortEnabled_Callback
 .text.HAL_HCD_PortDisabled_Callback
                0x00000000080063a0        0x8 ../../DaisyExamples/libDaisy/build/libdaisy.a(usbh_conf.o)
                0x00000000080063a0                HAL_HCD_PortDisabled_Callback
 .text.USBH_LL_Stop
                0x00000000080063a8       0x1c ../../DaisyExamples/libDaisy/build/libdaisy.a(usbh_conf.o)
                0x00000000080063a8                USBH_LL_Stop
 .text._ZN5daisy5Color4InitENS0_11PresetColorE
                0x00000000080063c4       0x20 ../../DaisyExamples/libDaisy/build/libdaisy.a(color.o)
                0x00000000080063c4                daisy::Color::Init(daisy::Color::PresetColor)
 .text.dsy_hal_map_get_port
                0x00000000080063e4       0x10 ../../DaisyExamples/libDaisy/build/libdaisy.a(hal_map.o)
                0x00000000080063e4                dsy_hal_map_get_port
 .text.dsy_hal_map_get_pin
                0x00000000080063f4       0x10 ../../DaisyExamples/libDaisy/build/libdaisy.a(hal_map.o)
                0x00000000080063f4                dsy_hal_map_get_pin
 .text.dsy_hal_map_gpio_clk_enable
                0x0000000008006404      0x150 ../../DaisyExamples/libDaisy/build/libdaisy.a(hal_map.o)
                0x0000000008006404                dsy_hal_map_gpio_clk_enable
 .text.HAL_MspInit
                0x0000000008006554        0x4 ../../DaisyExamples/libDaisy/build/libdaisy.a(stm32h7xx_hal.o)
                0x0000000008006554                HAL_MspInit
 .text.HAL_InitTick
                0x0000000008006558       0x4c ../../DaisyExamples/libDaisy/build/libdaisy.a(stm32h7xx_hal.o)
                0x0000000008006558                HAL_InitTick
 .text.HAL_Init
                0x00000000080065a4       0x60 ../../DaisyExamples/libDaisy/build/libdaisy.a(stm32h7xx_hal.o)
                0x00000000080065a4                HAL_Init
 .text.HAL_IncTick
                0x0000000008006604       0x18 ../../DaisyExamples/libDaisy/build/libdaisy.a(stm32h7xx_hal.o)
                0x0000000008006604                HAL_IncTick
 .text.HAL_GetTick
                0x000000000800661c        0xc ../../DaisyExamples/libDaisy/build/libdaisy.a(stm32h7xx_hal.o)
                0x000000000800661c                HAL_GetTick
 .text.HAL_Delay
                0x0000000008006628       0x24 ../../DaisyExamples/libDaisy/build/libdaisy.a(stm32h7xx_hal.o)
                0x0000000008006628                HAL_Delay
 .text.HAL_GetREVID
                0x000000000800664c        0xc ../../DaisyExamples/libDaisy/build/libdaisy.a(stm32h7xx_hal.o)
                0x000000000800664c                HAL_GetREVID
 .text.HAL_ADC_ConvHalfCpltCallback
                0x0000000008006658        0x4 ../../DaisyExamples/libDaisy/build/libdaisy.a(stm32h7xx_hal_adc.o)
                0x0000000008006658                HAL_ADC_ConvHalfCpltCallback
 .text.ADC_DMAHalfConvCplt
                0x000000000800665c        0xc ../../DaisyExamples/libDaisy/build/libdaisy.a(stm32h7xx_hal_adc.o)
                0x000000000800665c                ADC_DMAHalfConvCplt
 .text.ADC_DMAConvCplt
                0x0000000008006668       0x6c ../../DaisyExamples/libDaisy/build/libdaisy.a(stm32h7xx_hal_adc.o)
                0x0000000008006668                ADC_DMAConvCplt
 .text.ADC_DMAError
                0x00000000080066d4       0x1c ../../DaisyExamples/libDaisy/build/libdaisy.a(stm32h7xx_hal_adc.o)
                0x00000000080066d4                ADC_DMAError
 .text.HAL_ADC_ConfigChannel
                0x00000000080066f0      0x3fc ../../DaisyExamples/libDaisy/build/libdaisy.a(stm32h7xx_hal_adc.o)
                0x00000000080066f0                HAL_ADC_ConfigChannel
 .text.ADC_Enable
                0x0000000008006aec       0xac ../../DaisyExamples/libDaisy/build/libdaisy.a(stm32h7xx_hal_adc.o)
                0x0000000008006aec                ADC_Enable
 .text.HAL_ADC_Start_DMA
                0x0000000008006b98      0x114 ../../DaisyExamples/libDaisy/build/libdaisy.a(stm32h7xx_hal_adc.o)
                0x0000000008006b98                HAL_ADC_Start_DMA
 .text.ADC_Disable
                0x0000000008006cac       0x68 ../../DaisyExamples/libDaisy/build/libdaisy.a(stm32h7xx_hal_adc.o)
                0x0000000008006cac                ADC_Disable
 .text.ADC_ConfigureBoostMode
                0x0000000008006d14      0x184 ../../DaisyExamples/libDaisy/build/libdaisy.a(stm32h7xx_hal_adc.o)
                0x0000000008006d14                ADC_ConfigureBoostMode
 .text.HAL_ADC_Init
                0x0000000008006e98      0x218 ../../DaisyExamples/libDaisy/build/libdaisy.a(stm32h7xx_hal_adc.o)
                0x0000000008006e98                HAL_ADC_Init
 .text.HAL_ADCEx_Calibration_Start
                0x00000000080070b0       0xa4 ../../DaisyExamples/libDaisy/build/libdaisy.a(stm32h7xx_hal_adc_ex.o)
                0x00000000080070b0                HAL_ADCEx_Calibration_Start
 .text.HAL_ADCEx_MultiModeConfigChannel
                0x0000000008007154       0xc4 ../../DaisyExamples/libDaisy/build/libdaisy.a(stm32h7xx_hal_adc_ex.o)
                0x0000000008007154                HAL_ADCEx_MultiModeConfigChannel
 .text.HAL_NVIC_SetPriorityGrouping
                0x0000000008007218       0x24 ../../DaisyExamples/libDaisy/build/libdaisy.a(stm32h7xx_hal_cortex.o)
                0x0000000008007218                HAL_NVIC_SetPriorityGrouping
 .text.HAL_NVIC_SetPriority
                0x000000000800723c       0x7c ../../DaisyExamples/libDaisy/build/libdaisy.a(stm32h7xx_hal_cortex.o)
                0x000000000800723c                HAL_NVIC_SetPriority
 .text.HAL_NVIC_EnableIRQ
                0x00000000080072b8       0x1c ../../DaisyExamples/libDaisy/build/libdaisy.a(stm32h7xx_hal_cortex.o)
                0x00000000080072b8                HAL_NVIC_EnableIRQ
 .text.HAL_NVIC_DisableIRQ
                0x00000000080072d4       0x28 ../../DaisyExamples/libDaisy/build/libdaisy.a(stm32h7xx_hal_cortex.o)
                0x00000000080072d4                HAL_NVIC_DisableIRQ
 .text.HAL_SYSTICK_Config
                0x00000000080072fc       0x2c ../../DaisyExamples/libDaisy/build/libdaisy.a(stm32h7xx_hal_cortex.o)
                0x00000000080072fc                HAL_SYSTICK_Config
 .text.HAL_MPU_Disable
                0x0000000008007328       0x1c ../../DaisyExamples/libDaisy/build/libdaisy.a(stm32h7xx_hal_cortex.o)
                0x0000000008007328                HAL_MPU_Disable
 .text.HAL_MPU_Enable
                0x0000000008007344       0x20 ../../DaisyExamples/libDaisy/build/libdaisy.a(stm32h7xx_hal_cortex.o)
                0x0000000008007344                HAL_MPU_Enable
 .text.HAL_MPU_ConfigRegion
                0x0000000008007364       0x64 ../../DaisyExamples/libDaisy/build/libdaisy.a(stm32h7xx_hal_cortex.o)
                0x0000000008007364                HAL_MPU_ConfigRegion
 .text.HAL_SYSTICK_Callback
                0x00000000080073c8        0x4 ../../DaisyExamples/libDaisy/build/libdaisy.a(stm32h7xx_hal_cortex.o)
                0x00000000080073c8                HAL_SYSTICK_Callback
 .text.HAL_SYSTICK_IRQHandler
                0x00000000080073cc        0x8 ../../DaisyExamples/libDaisy/build/libdaisy.a(stm32h7xx_hal_cortex.o)
                0x00000000080073cc                HAL_SYSTICK_IRQHandler
 .text.DMA_CalcBaseAndBitshift
                0x00000000080073d4       0xf4 ../../DaisyExamples/libDaisy/build/libdaisy.a(stm32h7xx_hal_dma.o)
 .text.DMA_CalcDMAMUXChannelBaseAndMask
                0x00000000080074c8       0xd8 ../../DaisyExamples/libDaisy/build/libdaisy.a(stm32h7xx_hal_dma.o)
 .text.HAL_DMA_Init
                0x00000000080075a0      0x37c ../../DaisyExamples/libDaisy/build/libdaisy.a(stm32h7xx_hal_dma.o)
                0x00000000080075a0                HAL_DMA_Init
 .text.HAL_DMA_Start_IT
                0x000000000800791c      0x240 ../../DaisyExamples/libDaisy/build/libdaisy.a(stm32h7xx_hal_dma.o)
                0x000000000800791c                HAL_DMA_Start_IT
 .text.HAL_DMA_Abort_IT
                0x0000000008007b5c      0x134 ../../DaisyExamples/libDaisy/build/libdaisy.a(stm32h7xx_hal_dma.o)
                0x0000000008007b5c                HAL_DMA_Abort_IT
 .text.HAL_DMA_IRQHandler
                0x0000000008007c90      0x6a0 ../../DaisyExamples/libDaisy/build/libdaisy.a(stm32h7xx_hal_dma.o)
                0x0000000008007c90                HAL_DMA_IRQHandler
 .text.HAL_DMA_GetError
                0x0000000008008330        0x4 ../../DaisyExamples/libDaisy/build/libdaisy.a(stm32h7xx_hal_dma.o)
                0x0000000008008330                HAL_DMA_GetError
 .text.HAL_GPIO_Init
                0x0000000008008334      0x280 ../../DaisyExamples/libDaisy/build/libdaisy.a(stm32h7xx_hal_gpio.o)
                0x0000000008008334                HAL_GPIO_Init
 .text.HAL_GPIO_DeInit
                0x00000000080085b4      0x190 ../../DaisyExamples/libDaisy/build/libdaisy.a(stm32h7xx_hal_gpio.o)
                0x00000000080085b4                HAL_GPIO_DeInit
 .text.HAL_GPIO_ReadPin
                0x0000000008008744        0xc ../../DaisyExamples/libDaisy/build/libdaisy.a(stm32h7xx_hal_gpio.o)
                0x0000000008008744                HAL_GPIO_ReadPin
 .text.HAL_GPIO_WritePin
                0x0000000008008750        0x8 ../../DaisyExamples/libDaisy/build/libdaisy.a(stm32h7xx_hal_gpio.o)
                0x0000000008008750                HAL_GPIO_WritePin
 .text.HAL_HCD_IRQHandler
                0x0000000008008758      0x780 ../../DaisyExamples/libDaisy/build/libdaisy.a(stm32h7xx_hal_hcd.o)
                0x0000000008008758                HAL_HCD_IRQHandler
 .text.HAL_HCD_Stop
                0x0000000008008ed8       0x28 ../../DaisyExamples/libDaisy/build/libdaisy.a(stm32h7xx_hal_hcd.o)
                0x0000000008008ed8                HAL_HCD_Stop
 .text.I2C_WaitOnTXISFlagUntilTimeout
                0x0000000008008f00       0xb8 ../../DaisyExamples/libDaisy/build/libdaisy.a(stm32h7xx_hal_i2c.o)
 .text.I2C_WaitOnSTOPFlagUntilTimeout
                0x0000000008008fb8       0xac ../../DaisyExamples/libDaisy/build/libdaisy.a(stm32h7xx_hal_i2c.o)
 .text.HAL_I2C_Init
                0x0000000008009064       0xac ../../DaisyExamples/libDaisy/build/libdaisy.a(stm32h7xx_hal_i2c.o)
                0x0000000008009064                HAL_I2C_Init
 .text.HAL_I2C_Master_Transmit
                0x0000000008009110      0x1a8 ../../DaisyExamples/libDaisy/build/libdaisy.a(stm32h7xx_hal_i2c.o)
                0x0000000008009110                HAL_I2C_Master_Transmit
 .text.HAL_I2C_Slave_Transmit
                0x00000000080092b8      0x1c8 ../../DaisyExamples/libDaisy/build/libdaisy.a(stm32h7xx_hal_i2c.o)
                0x00000000080092b8                HAL_I2C_Slave_Transmit
 .text.HAL_I2C_EV_IRQHandler
                0x0000000008009480       0x10 ../../DaisyExamples/libDaisy/build/libdaisy.a(stm32h7xx_hal_i2c.o)
                0x0000000008009480                HAL_I2C_EV_IRQHandler
 .text.HAL_I2C_GetState
                0x0000000008009490        0x8 ../../DaisyExamples/libDaisy/build/libdaisy.a(stm32h7xx_hal_i2c.o)
                0x0000000008009490                HAL_I2C_GetState
 .text.HAL_I2CEx_ConfigAnalogFilter
                0x0000000008009498       0x54 ../../DaisyExamples/libDaisy/build/libdaisy.a(stm32h7xx_hal_i2c_ex.o)
                0x0000000008009498                HAL_I2CEx_ConfigAnalogFilter
 .text.HAL_I2CEx_ConfigDigitalFilter
                0x00000000080094ec       0x58 ../../DaisyExamples/libDaisy/build/libdaisy.a(stm32h7xx_hal_i2c_ex.o)
                0x00000000080094ec                HAL_I2CEx_ConfigDigitalFilter
 .text.HAL_PCD_Init
                0x0000000008009544      0x12c ../../DaisyExamples/libDaisy/build/libdaisy.a(stm32h7xx_hal_pcd.o)
                0x0000000008009544                HAL_PCD_Init
 .text.HAL_PCD_Start
                0x0000000008009670       0x44 ../../DaisyExamples/libDaisy/build/libdaisy.a(stm32h7xx_hal_pcd.o)
                0x0000000008009670                HAL_PCD_Start
 .text.HAL_PCD_IRQHandler
                0x00000000080096b4      0x69c ../../DaisyExamples/libDaisy/build/libdaisy.a(stm32h7xx_hal_pcd.o)
                0x00000000080096b4                HAL_PCD_IRQHandler
 .text.HAL_PCD_SetAddress
                0x0000000008009d50       0x2c ../../DaisyExamples/libDaisy/build/libdaisy.a(stm32h7xx_hal_pcd.o)
                0x0000000008009d50                HAL_PCD_SetAddress
 .text.HAL_PCD_EP_Open
                0x0000000008009d7c       0x7c ../../DaisyExamples/libDaisy/build/libdaisy.a(stm32h7xx_hal_pcd.o)
                0x0000000008009d7c                HAL_PCD_EP_Open
 .text.HAL_PCD_EP_Close
                0x0000000008009df8       0x6c ../../DaisyExamples/libDaisy/build/libdaisy.a(stm32h7xx_hal_pcd.o)
                0x0000000008009df8                HAL_PCD_EP_Close
 .text.HAL_PCD_EP_Receive
                0x0000000008009e64       0x50 ../../DaisyExamples/libDaisy/build/libdaisy.a(stm32h7xx_hal_pcd.o)
                0x0000000008009e64                HAL_PCD_EP_Receive
 .text.HAL_PCD_EP_GetRxCount
                0x0000000008009eb4       0x14 ../../DaisyExamples/libDaisy/build/libdaisy.a(stm32h7xx_hal_pcd.o)
                0x0000000008009eb4                HAL_PCD_EP_GetRxCount
 .text.HAL_PCD_EP_Transmit
                0x0000000008009ec8       0x50 ../../DaisyExamples/libDaisy/build/libdaisy.a(stm32h7xx_hal_pcd.o)
                0x0000000008009ec8                HAL_PCD_EP_Transmit
 .text.HAL_PCD_EP_SetStall
                0x0000000008009f18       0x88 ../../DaisyExamples/libDaisy/build/libdaisy.a(stm32h7xx_hal_pcd.o)
                0x0000000008009f18                HAL_PCD_EP_SetStall
 .text.HAL_PCD_EP_ClrStall
                0x0000000008009fa0       0x78 ../../DaisyExamples/libDaisy/build/libdaisy.a(stm32h7xx_hal_pcd.o)
                0x0000000008009fa0                HAL_PCD_EP_ClrStall
 .text.HAL_PCDEx_SetTxFiFo
                0x000000000800a018       0x54 ../../DaisyExamples/libDaisy/build/libdaisy.a(stm32h7xx_hal_pcd_ex.o)
                0x000000000800a018                HAL_PCDEx_SetTxFiFo
 .text.HAL_PCDEx_SetRxFiFo
                0x000000000800a06c        0xc ../../DaisyExamples/libDaisy/build/libdaisy.a(stm32h7xx_hal_pcd_ex.o)
                0x000000000800a06c                HAL_PCDEx_SetRxFiFo
 .text.HAL_PCDEx_ActivateLPM
                0x000000000800a078       0x30 ../../DaisyExamples/libDaisy/build/libdaisy.a(stm32h7xx_hal_pcd_ex.o)
                0x000000000800a078                HAL_PCDEx_ActivateLPM
 .text.HAL_PCDEx_LPM_Callback
                0x000000000800a0a8        0x4 ../../DaisyExamples/libDaisy/build/libdaisy.a(stm32h7xx_hal_pcd_ex.o)
                0x000000000800a0a8                HAL_PCDEx_LPM_Callback
 .text.HAL_PWREx_ConfigSupply
                0x000000000800a0ac       0x4c ../../DaisyExamples/libDaisy/build/libdaisy.a(stm32h7xx_hal_pwr_ex.o)
                0x000000000800a0ac                HAL_PWREx_ConfigSupply
 .text.HAL_PWREx_EnableUSBVoltageDetector
                0x000000000800a0f8       0x10 ../../DaisyExamples/libDaisy/build/libdaisy.a(stm32h7xx_hal_pwr_ex.o)
                0x000000000800a0f8                HAL_PWREx_EnableUSBVoltageDetector
 .text.QSPI_Config
                0x000000000800a108      0x174 ../../DaisyExamples/libDaisy/build/libdaisy.a(stm32h7xx_hal_qspi.o)
 .text.HAL_QSPI_Init
                0x000000000800a27c       0xd8 ../../DaisyExamples/libDaisy/build/libdaisy.a(stm32h7xx_hal_qspi.o)
                0x000000000800a27c                HAL_QSPI_Init
 .text.HAL_QSPI_DeInit
                0x000000000800a354       0x3c ../../DaisyExamples/libDaisy/build/libdaisy.a(stm32h7xx_hal_qspi.o)
                0x000000000800a354                HAL_QSPI_DeInit
 .text.HAL_QSPI_Command
                0x000000000800a390       0xd4 ../../DaisyExamples/libDaisy/build/libdaisy.a(stm32h7xx_hal_qspi.o)
                0x000000000800a390                HAL_QSPI_Command
 .text.HAL_QSPI_Transmit
                0x000000000800a464       0xfc ../../DaisyExamples/libDaisy/build/libdaisy.a(stm32h7xx_hal_qspi.o)
                0x000000000800a464                HAL_QSPI_Transmit
 .text.HAL_QSPI_Receive
                0x000000000800a560      0x108 ../../DaisyExamples/libDaisy/build/libdaisy.a(stm32h7xx_hal_qspi.o)
                0x000000000800a560                HAL_QSPI_Receive
 .text.HAL_QSPI_AutoPolling
                0x000000000800a668       0xf0 ../../DaisyExamples/libDaisy/build/libdaisy.a(stm32h7xx_hal_qspi.o)
                0x000000000800a668                HAL_QSPI_AutoPolling
 .text.HAL_QSPI_MemoryMapped
                0x000000000800a758       0xc0 ../../DaisyExamples/libDaisy/build/libdaisy.a(stm32h7xx_hal_qspi.o)
                0x000000000800a758                HAL_QSPI_MemoryMapped
 .text.HAL_QSPI_ErrorCallback
                0x000000000800a818        0x4 ../../DaisyExamples/libDaisy/build/libdaisy.a(stm32h7xx_hal_qspi.o)
                0x000000000800a818                HAL_QSPI_ErrorCallback
 .text.QSPI_DMAAbortCplt
                0x000000000800a81c       0x38 ../../DaisyExamples/libDaisy/build/libdaisy.a(stm32h7xx_hal_qspi.o)
 .text.HAL_QSPI_AbortCpltCallback
                0x000000000800a854        0x4 ../../DaisyExamples/libDaisy/build/libdaisy.a(stm32h7xx_hal_qspi.o)
                0x000000000800a854                HAL_QSPI_AbortCpltCallback
 .text.HAL_QSPI_CmdCpltCallback
                0x000000000800a858        0x4 ../../DaisyExamples/libDaisy/build/libdaisy.a(stm32h7xx_hal_qspi.o)
                0x000000000800a858                HAL_QSPI_CmdCpltCallback
 .text.HAL_QSPI_RxCpltCallback
                0x000000000800a85c        0x4 ../../DaisyExamples/libDaisy/build/libdaisy.a(stm32h7xx_hal_qspi.o)
                0x000000000800a85c                HAL_QSPI_RxCpltCallback
 .text.HAL_QSPI_TxCpltCallback
                0x000000000800a860        0x4 ../../DaisyExamples/libDaisy/build/libdaisy.a(stm32h7xx_hal_qspi.o)
                0x000000000800a860                HAL_QSPI_TxCpltCallback
 .text.HAL_QSPI_FifoThresholdCallback
                0x000000000800a864        0x4 ../../DaisyExamples/libDaisy/build/libdaisy.a(stm32h7xx_hal_qspi.o)
                0x000000000800a864                HAL_QSPI_FifoThresholdCallback
 .text.HAL_QSPI_StatusMatchCallback
                0x000000000800a868        0x4 ../../DaisyExamples/libDaisy/build/libdaisy.a(stm32h7xx_hal_qspi.o)
                0x000000000800a868                HAL_QSPI_StatusMatchCallback
 .text.HAL_QSPI_TimeOutCallback
                0x000000000800a86c        0x4 ../../DaisyExamples/libDaisy/build/libdaisy.a(stm32h7xx_hal_qspi.o)
                0x000000000800a86c                HAL_QSPI_TimeOutCallback
 .text.HAL_QSPI_IRQHandler
                0x000000000800a870      0x210 ../../DaisyExamples/libDaisy/build/libdaisy.a(stm32h7xx_hal_qspi.o)
                0x000000000800a870                HAL_QSPI_IRQHandler
 .text.HAL_RCC_OscConfig
                0x000000000800aa80      0x51c ../../DaisyExamples/libDaisy/build/libdaisy.a(stm32h7xx_hal_rcc.o)
                0x000000000800aa80                HAL_RCC_OscConfig
 .text.HAL_RCC_GetSysClockFreq
                0x000000000800af9c      0x140 ../../DaisyExamples/libDaisy/build/libdaisy.a(stm32h7xx_hal_rcc.o)
                0x000000000800af9c                HAL_RCC_GetSysClockFreq
 .text.HAL_RCC_ClockConfig
                0x000000000800b0dc      0x234 ../../DaisyExamples/libDaisy/build/libdaisy.a(stm32h7xx_hal_rcc.o)
                0x000000000800b0dc                HAL_RCC_ClockConfig
 .text.HAL_RCC_GetHCLKFreq
                0x000000000800b310       0x2c ../../DaisyExamples/libDaisy/build/libdaisy.a(stm32h7xx_hal_rcc.o)
                0x000000000800b310                HAL_RCC_GetHCLKFreq
 .text.HAL_RCC_GetPCLK1Freq
                0x000000000800b33c       0x38 ../../DaisyExamples/libDaisy/build/libdaisy.a(stm32h7xx_hal_rcc.o)
                0x000000000800b33c                HAL_RCC_GetPCLK1Freq
 .text.HAL_RCC_GetPCLK2Freq
                0x000000000800b374       0x38 ../../DaisyExamples/libDaisy/build/libdaisy.a(stm32h7xx_hal_rcc.o)
                0x000000000800b374                HAL_RCC_GetPCLK2Freq
 .text.RCCEx_PLL2_Config
                0x000000000800b3ac       0xf4 ../../DaisyExamples/libDaisy/build/libdaisy.a(stm32h7xx_hal_rcc_ex.o)
 .text.RCCEx_PLL3_Config
                0x000000000800b4a0       0xf4 ../../DaisyExamples/libDaisy/build/libdaisy.a(stm32h7xx_hal_rcc_ex.o)
 .text.HAL_RCCEx_PeriphCLKConfig
                0x000000000800b594      0xa7c ../../DaisyExamples/libDaisy/build/libdaisy.a(stm32h7xx_hal_rcc_ex.o)
                0x000000000800b594                HAL_RCCEx_PeriphCLKConfig
 .text.HAL_RCCEx_GetD3PCLK1Freq
                0x000000000800c010       0x24 ../../DaisyExamples/libDaisy/build/libdaisy.a(stm32h7xx_hal_rcc_ex.o)
                0x000000000800c010                HAL_RCCEx_GetD3PCLK1Freq
 .text.HAL_RCCEx_GetPLL2ClockFreq
                0x000000000800c034      0x17c ../../DaisyExamples/libDaisy/build/libdaisy.a(stm32h7xx_hal_rcc_ex.o)
                0x000000000800c034                HAL_RCCEx_GetPLL2ClockFreq
 .text.HAL_RCCEx_GetPLL3ClockFreq
                0x000000000800c1b0      0x17c ../../DaisyExamples/libDaisy/build/libdaisy.a(stm32h7xx_hal_rcc_ex.o)
                0x000000000800c1b0                HAL_RCCEx_GetPLL3ClockFreq
 .text.HAL_RCCEx_GetPLL1ClockFreq
                0x000000000800c32c      0x17c ../../DaisyExamples/libDaisy/build/libdaisy.a(stm32h7xx_hal_rcc_ex.o)
                0x000000000800c32c                HAL_RCCEx_GetPLL1ClockFreq
 .text.HAL_RCCEx_GetPeriphCLKFreq
                0x000000000800c4a8      0x198 ../../DaisyExamples/libDaisy/build/libdaisy.a(stm32h7xx_hal_rcc_ex.o)
                0x000000000800c4a8                HAL_RCCEx_GetPeriphCLKFreq
 .text.HAL_RCCEx_GetD1SysClockFreq
                0x000000000800c640       0x2c ../../DaisyExamples/libDaisy/build/libdaisy.a(stm32h7xx_hal_rcc_ex.o)
                0x000000000800c640                HAL_RCCEx_GetD1SysClockFreq
 .text.HAL_SAI_Init.part.0
                0x000000000800c66c      0x348 ../../DaisyExamples/libDaisy/build/libdaisy.a(stm32h7xx_hal_sai.o)
 .text.HAL_SAI_InitProtocol
                0x000000000800c9b4      0x178 ../../DaisyExamples/libDaisy/build/libdaisy.a(stm32h7xx_hal_sai.o)
                0x000000000800c9b4                HAL_SAI_InitProtocol
 .text.HAL_SAI_Transmit_DMA
                0x000000000800cb2c      0x124 ../../DaisyExamples/libDaisy/build/libdaisy.a(stm32h7xx_hal_sai.o)
                0x000000000800cb2c                HAL_SAI_Transmit_DMA
 .text.HAL_SAI_Receive_DMA
                0x000000000800cc50       0xd0 ../../DaisyExamples/libDaisy/build/libdaisy.a(stm32h7xx_hal_sai.o)
                0x000000000800cc50                HAL_SAI_Receive_DMA
 .text.HAL_SAI_TxCpltCallback
                0x000000000800cd20        0x4 ../../DaisyExamples/libDaisy/build/libdaisy.a(stm32h7xx_hal_sai.o)
                0x000000000800cd20                HAL_SAI_TxCpltCallback
 .text.SAI_DMATxCplt
                0x000000000800cd24       0x64 ../../DaisyExamples/libDaisy/build/libdaisy.a(stm32h7xx_hal_sai.o)
 .text.HAL_SAI_TxHalfCpltCallback
                0x000000000800cd88        0x4 ../../DaisyExamples/libDaisy/build/libdaisy.a(stm32h7xx_hal_sai.o)
                0x000000000800cd88                HAL_SAI_TxHalfCpltCallback
 .text.SAI_DMATxHalfCplt
                0x000000000800cd8c        0xc ../../DaisyExamples/libDaisy/build/libdaisy.a(stm32h7xx_hal_sai.o)
 .text.SAI_DMARxCplt
                0x000000000800cd98       0x64 ../../DaisyExamples/libDaisy/build/libdaisy.a(stm32h7xx_hal_sai.o)
 .text.SAI_DMARxHalfCplt
                0x000000000800cdfc        0xc ../../DaisyExamples/libDaisy/build/libdaisy.a(stm32h7xx_hal_sai.o)
 .text.HAL_SAI_ErrorCallback
                0x000000000800ce08        0x4 ../../DaisyExamples/libDaisy/build/libdaisy.a(stm32h7xx_hal_sai.o)
                0x000000000800ce08                HAL_SAI_ErrorCallback
 .text.SAI_DMAError
                0x000000000800ce0c       0x6c ../../DaisyExamples/libDaisy/build/libdaisy.a(stm32h7xx_hal_sai.o)
 .text.HAL_SDRAM_Init
                0x000000000800ce78       0x54 ../../DaisyExamples/libDaisy/build/libdaisy.a(stm32h7xx_hal_sdram.o)
                0x000000000800ce78                HAL_SDRAM_Init
 .text.HAL_SDRAM_SendCommand
                0x000000000800cecc       0x40 ../../DaisyExamples/libDaisy/build/libdaisy.a(stm32h7xx_hal_sdram.o)
                0x000000000800cecc                HAL_SDRAM_SendCommand
 .text.HAL_SDRAM_ProgramRefreshRate
                0x000000000800cf0c       0x30 ../../DaisyExamples/libDaisy/build/libdaisy.a(stm32h7xx_hal_sdram.o)
                0x000000000800cf0c                HAL_SDRAM_ProgramRefreshRate
 .text.HAL_UART_Transmit_DMA
                0x000000000800cf3c       0xa4 ../../DaisyExamples/libDaisy/build/libdaisy.a(stm32h7xx_hal_uart.o)
                0x000000000800cf3c                HAL_UART_Transmit_DMA
 .text.HAL_UART_Receive_DMA
                0x000000000800cfe0       0xac ../../DaisyExamples/libDaisy/build/libdaisy.a(stm32h7xx_hal_uart.o)
                0x000000000800cfe0                HAL_UART_Receive_DMA
 .text.UART_DMATransmitCplt
                0x000000000800d08c       0x2c ../../DaisyExamples/libDaisy/build/libdaisy.a(stm32h7xx_hal_uart.o)
 .text.HAL_UART_TxHalfCpltCallback
                0x000000000800d0b8        0x4 ../../DaisyExamples/libDaisy/build/libdaisy.a(stm32h7xx_hal_uart.o)
                0x000000000800d0b8                HAL_UART_TxHalfCpltCallback
 .text.UART_DMATxHalfCplt
                0x000000000800d0bc        0xc ../../DaisyExamples/libDaisy/build/libdaisy.a(stm32h7xx_hal_uart.o)
 .text.UART_DMAReceiveCplt
                0x000000000800d0c8       0x38 ../../DaisyExamples/libDaisy/build/libdaisy.a(stm32h7xx_hal_uart.o)
 .text.UART_DMARxHalfCplt
                0x000000000800d100        0xc ../../DaisyExamples/libDaisy/build/libdaisy.a(stm32h7xx_hal_uart.o)
 .text.UART_DMAError
                0x000000000800d10c       0x78 ../../DaisyExamples/libDaisy/build/libdaisy.a(stm32h7xx_hal_uart.o)
 .text.HAL_UART_IRQHandler
                0x000000000800d184      0x1d0 ../../DaisyExamples/libDaisy/build/libdaisy.a(stm32h7xx_hal_uart.o)
                0x000000000800d184                HAL_UART_IRQHandler
 .text.UART_DMAAbortOnError
                0x000000000800d354       0x14 ../../DaisyExamples/libDaisy/build/libdaisy.a(stm32h7xx_hal_uart.o)
 .text.HAL_UART_GetState
                0x000000000800d368        0xc ../../DaisyExamples/libDaisy/build/libdaisy.a(stm32h7xx_hal_uart.o)
                0x000000000800d368                HAL_UART_GetState
 .text.UART_SetConfig
                0x000000000800d374     0x14b8 ../../DaisyExamples/libDaisy/build/libdaisy.a(stm32h7xx_hal_uart.o)
                0x000000000800d374                UART_SetConfig
 .text.UART_AdvFeatureConfig
                0x000000000800e82c       0xb0 ../../DaisyExamples/libDaisy/build/libdaisy.a(stm32h7xx_hal_uart.o)
                0x000000000800e82c                UART_AdvFeatureConfig
 .text.UART_CheckIdleState
                0x000000000800e8dc       0x84 ../../DaisyExamples/libDaisy/build/libdaisy.a(stm32h7xx_hal_uart.o)
                0x000000000800e8dc                UART_CheckIdleState
 .text.HAL_UART_Init
                0x000000000800e960       0x68 ../../DaisyExamples/libDaisy/build/libdaisy.a(stm32h7xx_hal_uart.o)
                0x000000000800e960                HAL_UART_Init
 .text.HAL_UARTEx_WakeupCallback
                0x000000000800e9c8        0x4 ../../DaisyExamples/libDaisy/build/libdaisy.a(stm32h7xx_hal_uart_ex.o)
                0x000000000800e9c8                HAL_UARTEx_WakeupCallback
 .text.HAL_UARTEx_RxFifoFullCallback
                0x000000000800e9cc        0x4 ../../DaisyExamples/libDaisy/build/libdaisy.a(stm32h7xx_hal_uart_ex.o)
                0x000000000800e9cc                HAL_UARTEx_RxFifoFullCallback
 .text.HAL_UARTEx_TxFifoEmptyCallback
                0x000000000800e9d0        0x4 ../../DaisyExamples/libDaisy/build/libdaisy.a(stm32h7xx_hal_uart_ex.o)
                0x000000000800e9d0                HAL_UARTEx_TxFifoEmptyCallback
 .text.HAL_UARTEx_DisableFifoMode
                0x000000000800e9d4       0x3c ../../DaisyExamples/libDaisy/build/libdaisy.a(stm32h7xx_hal_uart_ex.o)
                0x000000000800e9d4                HAL_UARTEx_DisableFifoMode
 .text.HAL_UARTEx_SetTxFifoThreshold
                0x000000000800ea10       0xa4 ../../DaisyExamples/libDaisy/build/libdaisy.a(stm32h7xx_hal_uart_ex.o)
                0x000000000800ea10                HAL_UARTEx_SetTxFifoThreshold
 .text.HAL_UARTEx_SetRxFifoThreshold
                0x000000000800eab4       0xa4 ../../DaisyExamples/libDaisy/build/libdaisy.a(stm32h7xx_hal_uart_ex.o)
                0x000000000800eab4                HAL_UARTEx_SetRxFifoThreshold
 .text.FMC_SDRAM_Init
                0x000000000800eb58       0x7c ../../DaisyExamples/libDaisy/build/libdaisy.a(stm32h7xx_ll_fmc.o)
                0x000000000800eb58                FMC_SDRAM_Init
 .text.FMC_SDRAM_Timing_Init
                0x000000000800ebd4       0x98 ../../DaisyExamples/libDaisy/build/libdaisy.a(stm32h7xx_ll_fmc.o)
                0x000000000800ebd4                FMC_SDRAM_Timing_Init
 .text.FMC_SDRAM_SendCommand
                0x000000000800ec6c       0x28 ../../DaisyExamples/libDaisy/build/libdaisy.a(stm32h7xx_ll_fmc.o)
                0x000000000800ec6c                FMC_SDRAM_SendCommand
 .text.FMC_SDRAM_ProgramRefreshRate
                0x000000000800ec94       0x1c ../../DaisyExamples/libDaisy/build/libdaisy.a(stm32h7xx_ll_fmc.o)
                0x000000000800ec94                FMC_SDRAM_ProgramRefreshRate
 .text.USB_CoreInit
                0x000000000800ecb0      0x124 ../../DaisyExamples/libDaisy/build/libdaisy.a(stm32h7xx_ll_usb.o)
                0x000000000800ecb0                USB_CoreInit
 .text.USB_SetTurnaroundTime
                0x000000000800edd4      0x104 ../../DaisyExamples/libDaisy/build/libdaisy.a(stm32h7xx_ll_usb.o)
                0x000000000800edd4                USB_SetTurnaroundTime
 .text.USB_EnableGlobalInt
                0x000000000800eed8       0x10 ../../DaisyExamples/libDaisy/build/libdaisy.a(stm32h7xx_ll_usb.o)
                0x000000000800eed8                USB_EnableGlobalInt
 .text.USB_DisableGlobalInt
                0x000000000800eee8       0x10 ../../DaisyExamples/libDaisy/build/libdaisy.a(stm32h7xx_ll_usb.o)
                0x000000000800eee8                USB_DisableGlobalInt
 .text.USB_SetCurrentMode
                0x000000000800eef8       0x30 ../../DaisyExamples/libDaisy/build/libdaisy.a(stm32h7xx_ll_usb.o)
                0x000000000800eef8                USB_SetCurrentMode
 .text.USB_DevInit
                0x000000000800ef28      0x20c ../../DaisyExamples/libDaisy/build/libdaisy.a(stm32h7xx_ll_usb.o)
                0x000000000800ef28                USB_DevInit
 .text.USB_FlushTxFifo
                0x000000000800f134       0x34 ../../DaisyExamples/libDaisy/build/libdaisy.a(stm32h7xx_ll_usb.o)
                0x000000000800f134                USB_FlushTxFifo
 .text.USB_GetDevSpeed
                0x000000000800f168       0x24 ../../DaisyExamples/libDaisy/build/libdaisy.a(stm32h7xx_ll_usb.o)
                0x000000000800f168                USB_GetDevSpeed
 .text.USB_ActivateEndpoint
                0x000000000800f18c       0x90 ../../DaisyExamples/libDaisy/build/libdaisy.a(stm32h7xx_ll_usb.o)
                0x000000000800f18c                USB_ActivateEndpoint
 .text.USB_DeactivateEndpoint
                0x000000000800f21c       0x84 ../../DaisyExamples/libDaisy/build/libdaisy.a(stm32h7xx_ll_usb.o)
                0x000000000800f21c                USB_DeactivateEndpoint
 .text.USB_EPStartXfer
                0x000000000800f2a0      0x230 ../../DaisyExamples/libDaisy/build/libdaisy.a(stm32h7xx_ll_usb.o)
                0x000000000800f2a0                USB_EPStartXfer
 .text.USB_EP0StartXfer
                0x000000000800f4d0      0x174 ../../DaisyExamples/libDaisy/build/libdaisy.a(stm32h7xx_ll_usb.o)
                0x000000000800f4d0                USB_EP0StartXfer
 .text.USB_WritePacket
                0x000000000800f644       0x2c ../../DaisyExamples/libDaisy/build/libdaisy.a(stm32h7xx_ll_usb.o)
                0x000000000800f644                USB_WritePacket
 .text.USB_ReadPacket
                0x000000000800f670       0x20 ../../DaisyExamples/libDaisy/build/libdaisy.a(stm32h7xx_ll_usb.o)
                0x000000000800f670                USB_ReadPacket
 .text.USB_EPSetStall
                0x000000000800f690       0x68 ../../DaisyExamples/libDaisy/build/libdaisy.a(stm32h7xx_ll_usb.o)
                0x000000000800f690                USB_EPSetStall
 .text.USB_EPClearStall
                0x000000000800f6f8       0x58 ../../DaisyExamples/libDaisy/build/libdaisy.a(stm32h7xx_ll_usb.o)
                0x000000000800f6f8                USB_EPClearStall
 .text.USB_SetDevAddress
                0x000000000800f750       0x24 ../../DaisyExamples/libDaisy/build/libdaisy.a(stm32h7xx_ll_usb.o)
                0x000000000800f750                USB_SetDevAddress
 .text.USB_DevConnect
                0x000000000800f774       0x1c ../../DaisyExamples/libDaisy/build/libdaisy.a(stm32h7xx_ll_usb.o)
                0x000000000800f774                USB_DevConnect
 .text.USB_DevDisconnect
                0x000000000800f790       0x1c ../../DaisyExamples/libDaisy/build/libdaisy.a(stm32h7xx_ll_usb.o)
                0x000000000800f790                USB_DevDisconnect
 .text.USB_ReadInterrupts
                0x000000000800f7ac       0x14 ../../DaisyExamples/libDaisy/build/libdaisy.a(stm32h7xx_ll_usb.o)
                0x000000000800f7ac                USB_ReadInterrupts
 .text.USB_ReadDevAllOutEpInterrupt
                0x000000000800f7c0       0x1c ../../DaisyExamples/libDaisy/build/libdaisy.a(stm32h7xx_ll_usb.o)
                0x000000000800f7c0                USB_ReadDevAllOutEpInterrupt
 .text.USB_ReadDevAllInEpInterrupt
                0x000000000800f7dc       0x1c ../../DaisyExamples/libDaisy/build/libdaisy.a(stm32h7xx_ll_usb.o)
                0x000000000800f7dc                USB_ReadDevAllInEpInterrupt
 .text.USB_ReadDevOutEPInterrupt
                0x000000000800f7f8       0x1c ../../DaisyExamples/libDaisy/build/libdaisy.a(stm32h7xx_ll_usb.o)
                0x000000000800f7f8                USB_ReadDevOutEPInterrupt
 .text.USB_ReadDevInEPInterrupt
                0x000000000800f814       0x38 ../../DaisyExamples/libDaisy/build/libdaisy.a(stm32h7xx_ll_usb.o)
                0x000000000800f814                USB_ReadDevInEPInterrupt
 .text.USB_GetMode
                0x000000000800f84c        0x8 ../../DaisyExamples/libDaisy/build/libdaisy.a(stm32h7xx_ll_usb.o)
                0x000000000800f84c                USB_GetMode
 .text.USB_ActivateSetup
                0x000000000800f854       0x38 ../../DaisyExamples/libDaisy/build/libdaisy.a(stm32h7xx_ll_usb.o)
                0x000000000800f854                USB_ActivateSetup
 .text.USB_EP0_OutStart
                0x000000000800f88c       0x58 ../../DaisyExamples/libDaisy/build/libdaisy.a(stm32h7xx_ll_usb.o)
                0x000000000800f88c                USB_EP0_OutStart
 .text.USB_InitFSLSPClkSel
                0x000000000800f8e4       0x44 ../../DaisyExamples/libDaisy/build/libdaisy.a(stm32h7xx_ll_usb.o)
                0x000000000800f8e4                USB_InitFSLSPClkSel
 .text.USB_HC_ReadInterrupt
                0x000000000800f928        0x8 ../../DaisyExamples/libDaisy/build/libdaisy.a(stm32h7xx_ll_usb.o)
                0x000000000800f928                USB_HC_ReadInterrupt
 .text.USB_HC_Halt
                0x000000000800f930       0xc0 ../../DaisyExamples/libDaisy/build/libdaisy.a(stm32h7xx_ll_usb.o)
                0x000000000800f930                USB_HC_Halt
 .text.USB_StopHost
                0x000000000800f9f0      0x2ec ../../DaisyExamples/libDaisy/build/libdaisy.a(stm32h7xx_ll_usb.o)
                0x000000000800f9f0                USB_StopHost
 .text.USBD_Init
                0x000000000800fcdc       0x44 ../../DaisyExamples/libDaisy/build/libdaisy.a(usbd_core.o)
                0x000000000800fcdc                USBD_Init
 .text.USBD_RegisterClass
                0x000000000800fd20       0x2c ../../DaisyExamples/libDaisy/build/libdaisy.a(usbd_core.o)
                0x000000000800fd20                USBD_RegisterClass
 .text.USBD_Start
                0x000000000800fd4c        0xc ../../DaisyExamples/libDaisy/build/libdaisy.a(usbd_core.o)
                0x000000000800fd4c                USBD_Start
 .text.USBD_SetClassConfig
                0x000000000800fd58       0x14 ../../DaisyExamples/libDaisy/build/libdaisy.a(usbd_core.o)
                0x000000000800fd58                USBD_SetClassConfig
 .text.USBD_ClrClassConfig
                0x000000000800fd6c       0x10 ../../DaisyExamples/libDaisy/build/libdaisy.a(usbd_core.o)
                0x000000000800fd6c                USBD_ClrClassConfig
 .text.USBD_LL_SetupStage
                0x000000000800fd7c       0x5c ../../DaisyExamples/libDaisy/build/libdaisy.a(usbd_core.o)
                0x000000000800fd7c                USBD_LL_SetupStage
 .text.USBD_LL_DataOutStage
                0x000000000800fdd8       0x7c ../../DaisyExamples/libDaisy/build/libdaisy.a(usbd_core.o)
                0x000000000800fdd8                USBD_LL_DataOutStage
 .text.USBD_LL_DataInStage
                0x000000000800fe54       0xcc ../../DaisyExamples/libDaisy/build/libdaisy.a(usbd_core.o)
                0x000000000800fe54                USBD_LL_DataInStage
 .text.USBD_LL_Reset
                0x000000000800ff20       0x50 ../../DaisyExamples/libDaisy/build/libdaisy.a(usbd_core.o)
                0x000000000800ff20                USBD_LL_Reset
 .text.USBD_LL_SetSpeed
                0x000000000800ff70        0x8 ../../DaisyExamples/libDaisy/build/libdaisy.a(usbd_core.o)
                0x000000000800ff70                USBD_LL_SetSpeed
 .text.USBD_LL_Suspend
                0x000000000800ff78       0x14 ../../DaisyExamples/libDaisy/build/libdaisy.a(usbd_core.o)
                0x000000000800ff78                USBD_LL_Suspend
 .text.USBD_LL_Resume
                0x000000000800ff8c       0x10 ../../DaisyExamples/libDaisy/build/libdaisy.a(usbd_core.o)
                0x000000000800ff8c                USBD_LL_Resume
 .text.USBD_LL_SOF
                0x000000000800ff9c       0x1c ../../DaisyExamples/libDaisy/build/libdaisy.a(usbd_core.o)
                0x000000000800ff9c                USBD_LL_SOF
 .text.USBD_LL_IsoINIncomplete
                0x000000000800ffb8        0x4 ../../DaisyExamples/libDaisy/build/libdaisy.a(usbd_core.o)
                0x000000000800ffb8                USBD_LL_IsoINIncomplete
 .text.USBD_LL_IsoOUTIncomplete
                0x000000000800ffbc        0x4 ../../DaisyExamples/libDaisy/build/libdaisy.a(usbd_core.o)
                0x000000000800ffbc                USBD_LL_IsoOUTIncomplete
 .text.USBD_LL_DevConnected
                0x000000000800ffc0        0x4 ../../DaisyExamples/libDaisy/build/libdaisy.a(usbd_core.o)
                0x000000000800ffc0                USBD_LL_DevConnected
 .text.USBD_LL_DevDisconnected
                0x000000000800ffc4       0x18 ../../DaisyExamples/libDaisy/build/libdaisy.a(usbd_core.o)
                0x000000000800ffc4                USBD_LL_DevDisconnected
 .text.USBD_StdDevReq
                0x000000000800ffdc      0x304 ../../DaisyExamples/libDaisy/build/libdaisy.a(usbd_ctlreq.o)
                0x000000000800ffdc                USBD_StdDevReq
 .text.USBD_StdItfReq
                0x00000000080102e0       0x68 ../../DaisyExamples/libDaisy/build/libdaisy.a(usbd_ctlreq.o)
                0x00000000080102e0                USBD_StdItfReq
 .text.USBD_StdEPReq
                0x0000000008010348      0x13c ../../DaisyExamples/libDaisy/build/libdaisy.a(usbd_ctlreq.o)
                0x0000000008010348                USBD_StdEPReq
 .text.USBD_ParseSetupRequest
                0x0000000008010484       0x28 ../../DaisyExamples/libDaisy/build/libdaisy.a(usbd_ctlreq.o)
                0x0000000008010484                USBD_ParseSetupRequest
 .text.USBD_CtlError
                0x00000000080104ac       0x18 ../../DaisyExamples/libDaisy/build/libdaisy.a(usbd_ctlreq.o)
                0x00000000080104ac                USBD_CtlError
 .text.USBD_GetString
                0x00000000080104c4       0x54 ../../DaisyExamples/libDaisy/build/libdaisy.a(usbd_ctlreq.o)
                0x00000000080104c4                USBD_GetString
 .text.USBD_CtlSendData
                0x0000000008010518       0x1c ../../DaisyExamples/libDaisy/build/libdaisy.a(usbd_ioreq.o)
                0x0000000008010518                USBD_CtlSendData
 .text.USBD_CtlContinueSendData