Archive member included to satisfy reference by file (symbol)

../../DaisyExamples/libDaisy/build/libdaisy.a(daisy_pod.o)
                              build/SynthV52.o (daisy::DaisyPod::StartAudio(void (*)(float const*, float*, unsigned int)))
../../DaisyExamples/libDaisy/build/libdaisy.a(daisy_seed.o)
                              ../../DaisyExamples/libDaisy/build/libdaisy.a(daisy_pod.o) (daisy::DaisySeed::Configure())
../../DaisyExamples/libDaisy/build/libdaisy.a(codec_ak4556.o)
                              ../../DaisyExamples/libDaisy/build/libdaisy.a(daisy_seed.o) (daisy::Ak4556::Init(dsy_gpio_pin))
../../DaisyExamples/libDaisy/build/libdaisy.a(codec_wm8731.o)
                              ../../DaisyExamples/libDaisy/build/libdaisy.a(daisy_seed.o) (daisy::Wm8731::Init(daisy::Wm8731::Config const&, daisy::I2CHandle))
../../DaisyExamples/libDaisy/build/libdaisy.a(sdram.o)
                              ../../DaisyExamples/libDaisy/build/libdaisy.a(daisy_seed.o) (SdramHandle::Init())
../../DaisyExamples/libDaisy/build/libdaisy.a(audio.o)
                              ../../DaisyExamples/libDaisy/build/libdaisy.a(daisy_seed.o) (daisy::AudioHandle::Init(daisy::AudioHandle::Config const&, daisy::SaiHandle))
../../DaisyExamples/libDaisy/build/libdaisy.a(ctrl.o)
                              ../../DaisyExamples/libDaisy/build/libdaisy.a(daisy_pod.o) (daisy::AnalogControl::Init(unsigned short*, float, bool, bool, float))
../../DaisyExamples/libDaisy/build/libdaisy.a(encoder.o)
                              ../../DaisyExamples/libDaisy/build/libdaisy.a(daisy_pod.o) (daisy::Encoder::Init(dsy_gpio_pin, dsy_gpio_pin, dsy_gpio_pin, float))
../../DaisyExamples/libDaisy/build/libdaisy.a(midi.o)
                              build/SynthV52.o (daisy::MidiUartTransport::Config::Config())
../../DaisyExamples/libDaisy/build/libdaisy.a(midi_parser.o)
                              build/SynthV52.o (daisy::MidiParser::Parse(unsigned char, daisy::MidiEvent*))
../../DaisyExamples/libDaisy/build/libdaisy.a(parameter.o)
                              build/SynthV52.o (daisy::Parameter::Init(daisy::AnalogControl, float, float, daisy::Parameter::Curve))
../../DaisyExamples/libDaisy/build/libdaisy.a(rgb_led.o)
                              ../../DaisyExamples/libDaisy/build/libdaisy.a(daisy_pod.o) (daisy::RgbLed::Init(dsy_gpio_pin, dsy_gpio_pin, dsy_gpio_pin, bool))
../../DaisyExamples/libDaisy/build/libdaisy.a(switch.o)
                              ../../DaisyExamples/libDaisy/build/libdaisy.a(daisy_pod.o) (daisy::Switch::Init(dsy_gpio_pin, float))
../../DaisyExamples/libDaisy/build/libdaisy.a(usb.o)
                              build/SynthV52.o (daisy::UsbHandle::Init(daisy::UsbHandle::UsbPeriph))
../../DaisyExamples/libDaisy/build/libdaisy.a(usb_midi.o)
                              build/SynthV52.o (daisy::MidiUsbTransport::StartRx(void (*)(unsigned char*, unsigned int, void*), void*))
../../DaisyExamples/libDaisy/build/libdaisy.a(adc.o)
                              ../../DaisyExamples/libDaisy/build/libdaisy.a(daisy_pod.o) (daisy::AdcChannelConfig::InitSingle(dsy_gpio_pin, daisy::AdcChannelConfig::ConversionSpeed))
../../DaisyExamples/libDaisy/build/libdaisy.a(gpio.o)
                              ../../DaisyExamples/libDaisy/build/libdaisy.a(daisy_seed.o) (daisy::GPIO::Init(daisy::Pin, daisy::GPIO::Mode, daisy::GPIO::Pull, daisy::GPIO::Speed))
../../DaisyExamples/libDaisy/build/libdaisy.a(i2c.o)
                              ../../DaisyExamples/libDaisy/build/libdaisy.a(daisy_seed.o) (daisy::I2CHandle::Init(daisy::I2CHandle::Config const&))
../../DaisyExamples/libDaisy/build/libdaisy.a(qspi.o)
                              ../../DaisyExamples/libDaisy/build/libdaisy.a(daisy_seed.o) (daisy::QSPIHandle::Init(daisy::QSPIHandle::Config const&))
../../DaisyExamples/libDaisy/build/libdaisy.a(sai.o)
                              ../../DaisyExamples/libDaisy/build/libdaisy.a(daisy_seed.o) (daisy::SaiHandle::Init(daisy::SaiHandle::Config const&))
../../DaisyExamples/libDaisy/build/libdaisy.a(uart.o)
                              ../../DaisyExamples/libDaisy/build/libdaisy.a(daisy_pod.o) (daisy::UartHandler::Init(daisy::UartHandler::Config const&))
../../DaisyExamples/libDaisy/build/libdaisy.a(dma.o)
                              build/SynthV52.o (dsy_dma_clear_cache_for_buffer)
../../DaisyExamples/libDaisy/build/libdaisy.a(system.o)
                              ../../DaisyExamples/libDaisy/build/libdaisy.a(daisy_seed.o) (daisy::System::DeInit())
../../DaisyExamples/libDaisy/build/libdaisy.a(system_stm32h7xx.o)
                              build/startup_stm32h750xx.o (SystemInit)
../../DaisyExamples/libDaisy/build/libdaisy.a(usbd_cdc_if.o)
                              ../../DaisyExamples/libDaisy/build/libdaisy.a(usb.o) (CDC_Transmit_FS)
../../DaisyExamples/libDaisy/build/libdaisy.a(usbd_conf.o)
                              ../../DaisyExamples/libDaisy/build/libdaisy.a(system.o) (hpcd_USB_OTG_HS)
[...]
Memory Configuration

Name             Origin             Length             Attributes
FLASH            0x0000000008000000 0x0000000000020000 xr
DTCMRAM          0x0000000020000000 0x0000000000020000 xrw
SRAM             0x0000000024000000 0x0000000000080000 xrw
RAM_D2           0x0000000030000000 0x0000000000048000 xrw
RAM_D3           0x0000000038000000 0x0000000000010000 xrw
BACKUP_SRAM      0x0000000038800000 0x0000000000001000 xrw
ITCMRAM          0x0000000000000000 0x0000000000010000 xrw
SDRAM            0x00000000c0000000 0x0000000004000000 xrw
QSPIFLASH        0x0000000090000000 0x0000000000800000 xr
*default*        0x0000000000000000 0xffffffffffffffff

Linker script and memory map

LOAD /Library/DaisyToolchain/0.2.0/arm/bin/../lib/gcc/arm-none-eabi/10.3.1/thumb/v7e-m+dp/hard/crti.o
LOAD /Library/DaisyToolchain/0.2.0/arm/bin/../lib/gcc/arm-none-eabi/10.3.1/thumb/v7e-m+dp/hard/crtbegin.o
LOAD /Library/DaisyToolchain/0.2.0/arm/bin/../lib/gcc/arm-none-eabi/10.3.1/../../../../arm-none-eabi/lib/thumb/v7e-m+dp/hard/crt0.o
LOAD build/startup_stm32h750xx.o
LOAD build/SynthV52.o
LOAD ../../DaisyExamples/libDaisy/build/libdaisy.a
LOAD /Library/DaisyToolchain/0.2.0/arm/bin/../lib/gcc/arm-none-eabi/10.3.1/../../../../arm-none-eabi/lib/thumb/v7e-m+dp/hard/libnosys.a
LOAD ../../DaisyExamples/DaisySP/build/libdaisysp.a
LOAD ../../DaisyExamples/DaisySP/DaisySP-LGPL/build/libdaisysp-lgpl.a
LOAD /Library/DaisyToolchain/0.2.0/arm/bin/../lib/gcc/arm-none-eabi/10.3.1/../../../../arm-none-eabi/lib/thumb/v7e-m+dp/hard/libstdc++_nano.a
LOAD /Library/DaisyToolchain/0.2.0/arm/bin/../lib/gcc/arm-none-eabi/10.3.1/../../../../arm-none-eabi/lib/thumb/v7e-m+dp/hard/libm.a
LOAD /Library/DaisyToolchain/0.2.0/arm/bin/../lib/gcc/arm-none-eabi/10.3.1/../../../../arm-none-eabi/lib/thumb/v7e-m+dp/hard/libc_nano.a
START GROUP
LOAD /Library/DaisyToolchain/0.2.0/arm/bin/../lib/gcc/arm-none-eabi/10.3.1/thumb/v7e-m+dp/hard/libgcc.a
LOAD /Library/DaisyToolchain/0.2.0/arm/bin/../lib/gcc/arm-none-eabi/10.3.1/../../../../arm-none-eabi/lib/thumb/v7e-m+dp/hard/libc_nano.a
END GROUP
START GROUP
LOAD /Library/DaisyToolchain/0.2.0/arm/bin/../lib/gcc/arm-none-eabi/10.3.1/thumb/v7e-m+dp/hard/libgcc.a
LOAD /Library/DaisyToolchain/0.2.0/arm/bin/../lib/gcc/arm-none-eabi/10.3.1/../../../../arm-none-eabi/lib/thumb/v7e-m+dp/hard/libc_nano.a
LOAD /Library/DaisyToolchain/0.2.0/arm/bin/../lib/gcc/arm-none-eabi/10.3.1/../../../../arm-none-eabi/lib/thumb/v7e-m+dp/hard/libnosys.a
END GROUP
START GROUP
LOAD /Library/DaisyToolchain/0.2.0/arm/bin/../lib/gcc/arm-none-eabi/10.3.1/thumb/v7e-m+dp/hard/libgcc.a
LOAD /Library/DaisyToolchain/0.2.0/arm/bin/../lib/gcc/arm-none-eabi/10.3.1/../../../../arm-none-eabi/lib/thumb/v7e-m+dp/hard/libc_nano.a
LOAD /Library/DaisyToolchain/0.2.0/arm/bin/../lib/gcc/arm-none-eabi/10.3.1/../../../../arm-none-eabi/lib/thumb/v7e-m+dp/hard/libnosys.a
END GROUP
LOAD /Library/DaisyToolchain/0.2.0/arm/bin/../lib/gcc/arm-none-eabi/10.3.1/thumb/v7e-m+dp/hard/crtend.o
LOAD /Library/DaisyToolchain/0.2.0/arm/bin/../lib/gcc/arm-none-eabi/10.3.1/thumb/v7e-m+dp/hard/crtn.o
                0x0000000020020000                _estack = 0x20020000

.isr_vector     0x0000000008000000      0x298
                0x0000000008000000                . = ALIGN (0x4)
 *(.isr_vector)
 .isr_vector    0x0000000008000000      0x298 build/startup_stm32h750xx.o
                0x0000000008000000                g_pfnVectors
                0x0000000008000298                . = ALIGN (0x4)

.text           0x00000000080002a0    0x15a60
                0x00000000080002a0                . = ALIGN (0x4)
                0x00000000080002a0                _stext = .
 *(.text)
 .text          0x00000000080002a0       0x40 /Library/DaisyToolchain/0.2.0/arm/bin/../lib/gcc/arm-none-eabi/10.3.1/thumb/v7e-m+dp/hard/crtbegin.o
 .text          0x00000000080002e0       0xa0 /Library/DaisyToolchain/0.2.0/arm/bin/../lib/gcc/arm-none-eabi/10.3.1/../../../../arm-none-eabi/lib/thumb/v7e-m+dp/hard/libc_nano.a(lib_a-memchr.o)
                0x00000000080002e0                memchr
 .text          0x0000000008000380      0x378 /Library/DaisyToolchain/0.2.0/arm/bin/../lib/gcc/arm-none-eabi/10.3.1/thumb/v7e-m+dp/hard/libgcc.a(_arm_addsubdf3.o)
                0x0000000008000380                __aeabi_drsub
                0x0000000008000388                __subdf3
                0x0000000008000388                __aeabi_dsub
                0x000000000800038c                __aeabi_dadd
                0x000000000800038c                __adddf3
                0x0000000008000604                __aeabi_ui2d
                0x0000000008000604                __floatunsidf
                0x0000000008000624                __floatsidf
                0x0000000008000624                __aeabi_i2d
                0x0000000008000648                __extendsfdf2
                0x0000000008000648                __aeabi_f2d
                0x000000000800068c                __aeabi_ul2d
                0x000000000800068c                __floatundidf
                0x000000000800069c                __aeabi_l2d
                0x000000000800069c                __floatdidf
 .text          0x00000000080006f8       0x30 /Library/DaisyToolchain/0.2.0/arm/bin/../lib/gcc/arm-none-eabi/10.3.1/thumb/v7e-m+dp/hard/libgcc.a(_aeabi_uldivmod.o)
                0x00000000080006f8                __aeabi_uldivmod
 .text          0x0000000008000728      0x2d0 /Library/DaisyToolchain/0.2.0/arm/bin/../lib/gcc/arm-none-eabi/10.3.1/thumb/v7e-m+dp/hard/libgcc.a(_udivmoddi4.o)
                0x0000000008000728                __udivmoddi4
 .text          0x00000000080009f8        0x4 /Library/DaisyToolchain/0.2.0/arm/bin/../lib/gcc/arm-none-eabi/10.3.1/thumb/v7e-m+dp/hard/libgcc.a(_dvmd_tls.o)
                0x00000000080009f8                __aeabi_ldiv0
                0x00000000080009f8                __aeabi_idiv0
 *(.text*)
 .text.Default_Handler
                0x00000000080009fc        0x4 build/startup_stm32h750xx.o
                0x00000000080009fc                SAI1_IRQHandler
                0x00000000080009fc                HASH_RNG_IRQHandler
                0x00000000080009fc                EXTI2_IRQHandler
                0x00000000080009fc                TIM8_CC_IRQHandler
                0x00000000080009fc                HRTIM1_Master_IRQHandler
                0x00000000080009fc                DebugMon_Handler
                0x00000000080009fc                TIM1_CC_IRQHandler
                0x00000000080009fc                BDMA_Channel6_IRQHandler
                0x00000000080009fc                DMA2_Stream5_IRQHandler
                0x00000000080009fc                HRTIM1_FLT_IRQHandler
                0x00000000080009fc                JPEG_IRQHandler
                0x00000000080009fc                BDMA_Channel1_IRQHandler
                0x00000000080009fc                HRTIM1_TIMD_IRQHandler
                0x00000000080009fc                TAMP_STAMP_IRQHandler
                0x00000000080009fc                PendSV_Handler
                0x00000000080009fc                NMI_Handler
                0x00000000080009fc                EXTI3_IRQHandler
                0x00000000080009fc                LPTIM4_IRQHandler
                0x00000000080009fc                TIM8_TRG_COM_TIM14_IRQHandler
                0x00000000080009fc                LPTIM2_IRQHandler
                0x00000000080009fc                DFSDM1_FLT1_IRQHandler
                0x00000000080009fc                DMAMUX2_OVR_IRQHandler
                0x00000000080009fc                TIM8_UP_TIM13_IRQHandler
                0x00000000080009fc                I2C3_ER_IRQHandler
                0x00000000080009fc                DFSDM1_FLT2_IRQHandler
                0x00000000080009fc                MDMA_IRQHandler
                0x00000000080009fc                LPTIM3_IRQHandler
                0x00000000080009fc                HSEM1_IRQHandler
                0x00000000080009fc                EXTI0_IRQHandler
                0x00000000080009fc                FPU_IRQHandler
                0x00000000080009fc                OTG_HS_WKUP_IRQHandler
                0x00000000080009fc                FDCAN1_IT1_IRQHandler
                0x00000000080009fc                UsageFault_Handler
                0x00000000080009fc                LTDC_ER_IRQHandler
                0x00000000080009fc                HRTIM1_TIME_IRQHandler
                0x00000000080009fc                TIM6_DAC_IRQHandler
                0x00000000080009fc                DCMI_IRQHandler
                0x00000000080009fc                HRTIM1_TIMC_IRQHandler
                0x00000000080009fc                SAI2_IRQHandler
                0x00000000080009fc                DFSDM1_FLT3_IRQHandler
                0x00000000080009fc                TIM17_IRQHandler
                0x00000000080009fc                CRYP_IRQHandler
                0x00000000080009fc                BDMA_Channel7_IRQHandler
                0x00000000080009fc                LPTIM5_IRQHandler
                0x00000000080009fc                ADC3_IRQHandler
                0x00000000080009fc                DMA2_Stream0_IRQHandler
                0x00000000080009fc                BDMA_Channel2_IRQHandler
                0x00000000080009fc                DMAMUX1_OVR_IRQHandler
                0x00000000080009fc                TIM16_IRQHandler
                0x00000000080009fc                BDMA_Channel5_IRQHandler
                0x00000000080009fc                RCC_IRQHandler
                0x00000000080009fc                TIM8_BRK_TIM12_IRQHandler
                0x00000000080009fc                TIM1_TRG_COM_IRQHandler
                0x00000000080009fc                Default_Handler
                0x00000000080009fc                ECC_IRQHandler
                0x00000000080009fc                CEC_IRQHandler
                0x00000000080009fc                EXTI15_10_IRQHandler
                0x00000000080009fc                BDMA_Channel0_IRQHandler
                0x00000000080009fc                ADC_IRQHandler
                0x00000000080009fc                DMA1_Stream7_IRQHandler
                0x00000000080009fc                HRTIM1_TIMA_IRQHandler
                0x00000000080009fc                TIM7_IRQHandler
                0x00000000080009fc                SDMMC1_IRQHandler
                0x00000000080009fc                DMA2_Stream7_IRQHandler
                0x00000000080009fc                TIM15_IRQHandler
                0x00000000080009fc                PVD_AVD_IRQHandler
                0x00000000080009fc                EXTI9_5_IRQHandler
                0x00000000080009fc                RTC_WKUP_IRQHandler
                0x00000000080009fc                LTDC_IRQHandler
                0x00000000080009fc                SAI3_IRQHandler
                0x00000000080009fc                ETH_WKUP_IRQHandler
                0x00000000080009fc                SPDIF_RX_IRQHandler
                0x00000000080009fc                MemManage_Handler
                0x00000000080009fc                SVC_Handler
                0x00000000080009fc                CRS_IRQHandler
                0x00000000080009fc                EXTI4_IRQHandler
                0x00000000080009fc                HRTIM1_TIMB_IRQHandler
                0x00000000080009fc                FDCAN2_IT1_IRQHandler
                0x00000000080009fc                ETH_IRQHandler
                0x00000000080009fc                TIM1_UP_IRQHandler
                0x00000000080009fc                BDMA_Channel4_IRQHandler
                0x00000000080009fc                WWDG_IRQHandler
                0x00000000080009fc                SPI6_IRQHandler
                0x00000000080009fc                I2C4_EV_IRQHandler
                0x00000000080009fc                MDIOS_IRQHandler
                0x00000000080009fc                FDCAN2_IT0_IRQHandler
                0x00000000080009fc                FDCAN1_IT0_IRQHandler
                0x00000000080009fc                OTG_FS_WKUP_IRQHandler
                0x00000000080009fc                DMA2D_IRQHandler
                0x00000000080009fc                TIM1_BRK_IRQHandler
                0x00000000080009fc                EXTI1_IRQHandler
                0x00000000080009fc                SDMMC2_IRQHandler
                0x00000000080009fc                BDMA_Channel3_IRQHandler
                0x00000000080009fc                MDIOS_WKUP_IRQHandler
                0x00000000080009fc                DFSDM1_FLT0_IRQHandler
                0x00000000080009fc                SAI4_IRQHandler
                0x00000000080009fc                I2C2_ER_IRQHandler
                0x00000000080009fc                DMA2_Stream1_IRQHandler
                0x00000000080009fc                FLASH_IRQHandler
                0x00000000080009fc                BusFault_Handler
                0x00000000080009fc                WAKEUP_PIN_IRQHandler
                0x00000000080009fc                I2C1_ER_IRQHandler
                0x00000000080009fc                FMC_IRQHandler
                0x00000000080009fc                FDCAN_CAL_IRQHandler
                0x00000000080009fc                SWPMI1_IRQHandler
                0x00000000080009fc                COMP1_IRQHandler
                0x00000000080009fc                LPTIM1_IRQHandler
                0x00000000080009fc                I2C4_ER_IRQHandler
                0x00000000080009fc                DMA2_Stream6_IRQHandler
                0x00000000080009fc                RTC_Alarm_IRQHandler
 .text.Reset_Handler
                0x0000000008000a00       0x44 build/startup_stm32h750xx.o
                0x0000000008000a00                Reset_Handler
 .text._ZN5daisy9ParameterD2Ev
                0x0000000008000a44        0x4 build/SynthV52.o
                0x0000000008000a44                daisy::Parameter::~Parameter()
                0x0000000008000a44                daisy::Parameter::~Parameter()
 .text._ZN5daisy5ColorD2Ev
                0x0000000008000a48        0x4 build/SynthV52.o
                0x0000000008000a48                daisy::Color::~Color()
                0x0000000008000a48                daisy::Color::~Color()
 .text._ZN5daisy8DaisyPodD2Ev
                0x0000000008000a4c        0x4 build/SynthV52.o
                0x0000000008000a4c                daisy::DaisyPod::~DaisyPod()
                0x0000000008000a4c                daisy::DaisyPod::~DaisyPod()
 .text._ZN7daisysp5AdEnvD2Ev
                0x0000000008000a50        0x4 build/SynthV52.o
                0x0000000008000a50                daisysp::AdEnv::~AdEnv()
                0x0000000008000a50                daisysp::AdEnv::~AdEnv()
 .text._ZN7daisysp10OscillatorD2Ev
                0x0000000008000a54        0x4 build/SynthV52.o
                0x0000000008000a54                daisysp::Oscillator::~Oscillator()
                0x0000000008000a54                daisysp::Oscillator::~Oscillator()
 .text._ZN5daisy11MidiHandlerINS_16MidiUsbTransportEED2Ev
                0x0000000008000a58        0x4 build/SynthV52.o
                0x0000000008000a58                daisy::MidiHandler<daisy::MidiUsbTransport>::~MidiHandler()
                0x0000000008000a58                daisy::MidiHandler<daisy::MidiUsbTransport>::~MidiHandler()
 *fill*         0x0000000008000a5c        0x4 
 .text._ZL13AudioCallbackPKfPfj
                0x0000000008000a60      0x1c0 build/SynthV52.o
 .text._ZN5daisy17MidiUartTransport10rxCallbackEPhjPvNS_11UartHandler6ResultE
                0x0000000008000c20        0xc build/SynthV52.o
                0x0000000008000c20                daisy::MidiUartTransport::rxCallback(unsigned char*, unsigned int, void*, daisy::UartHandler::Result)
 .text._ZN5daisy11MidiHandlerINS_17MidiUartTransportEE13ParseCallbackEPhjPv
                0x0000000008000c2c       0x74 build/SynthV52.o
                0x0000000008000c2c                daisy::MidiHandler<daisy::MidiUartTransport>::ParseCallback(unsigned char*, unsigned int, void*)
 .text._ZN5daisy11MidiHandlerINS_16MidiUsbTransportEE13ParseCallbackEPhjPv
                0x0000000008000ca0       0x74 build/SynthV52.o
                0x0000000008000ca0                daisy::MidiHandler<daisy::MidiUsbTransport>::ParseCallback(unsigned char*, unsigned int, void*)
 .text.startup.main
                0x0000000008000d14      0x23c build/SynthV52.o
                0x0000000008000d14                main
 .text.startup._GLOBAL__sub_I_color
                0x0000000008000f50       0xe4 build/SynthV52.o
 .text._ZN5daisy8DaisyPod10StartAudioEPFvPKfPfjE
                0x0000000008001034        0x4 ../../DaisyExamples/libDaisy/build/libdaisy.a(daisy_pod.o)
                0x0000000008001034                daisy::DaisyPod::StartAudio(void (*)(float const*, float*, unsigned int))
 .text._ZN5daisy8DaisyPod17SetAudioBlockSizeEj
                0x0000000008001038       0x2c ../../DaisyExamples/libDaisy/build/libdaisy.a(daisy_pod.o)
                0x0000000008001038                daisy::DaisyPod::SetAudioBlockSize(unsigned int)
 .text._ZN5daisy8DaisyPod15AudioSampleRateEv
                0x0000000008001064        0x4 ../../DaisyExamples/libDaisy/build/libdaisy.a(daisy_pod.o)
                0x0000000008001064                daisy::DaisyPod::AudioSampleRate()
 .text._ZN5daisy8DaisyPod8StartAdcEv
                0x0000000008001068        0x8 ../../DaisyExamples/libDaisy/build/libdaisy.a(daisy_pod.o)
                0x0000000008001068                daisy::DaisyPod::StartAdc()
 .text._ZN5daisy8DaisyPod21ProcessAnalogControlsEv
                0x0000000008001070       0x18 ../../DaisyExamples/libDaisy/build/libdaisy.a(daisy_pod.o)
                0x0000000008001070                daisy::DaisyPod::ProcessAnalogControls()
 .text._ZN5daisy8DaisyPod22ProcessDigitalControlsEv
                0x0000000008001088       0x20 ../../DaisyExamples/libDaisy/build/libdaisy.a(daisy_pod.o)
                0x0000000008001088                daisy::DaisyPod::ProcessDigitalControls()
 .text._ZN5daisy8DaisyPod8InitLedsEv
                0x00000000080010a8       0x98 ../../DaisyExamples/libDaisy/build/libdaisy.a(daisy_pod.o)
                0x00000000080010a8                daisy::DaisyPod::InitLeds()
 .text._ZN5daisy8DaisyPod9InitKnobsEv
                0x0000000008001140       0x90 ../../DaisyExamples/libDaisy/build/libdaisy.a(daisy_pod.o)
                0x0000000008001140                daisy::DaisyPod::InitKnobs()
 .text._ZN5daisy8DaisyPod4InitEb
                0x00000000080011d0      0x128 ../../DaisyExamples/libDaisy/build/libdaisy.a(daisy_pod.o)
                0x00000000080011d0                daisy::DaisyPod::Init(bool)
 .text._ZN5daisy9DaisySeed9ConfigureEv
                0x00000000080012f8        0x4 ../../DaisyExamples/libDaisy/build/libdaisy.a(daisy_seed.o)
                0x00000000080012f8                daisy::DaisySeed::Configure()
 .text._ZN5daisy9DaisySeed10StartAudioEPFvPKfPfjE
                0x00000000080012fc        0x8 ../../DaisyExamples/libDaisy/build/libdaisy.a(daisy_seed.o)
                0x00000000080012fc                daisy::DaisySeed::StartAudio(void (*)(float const*, float*, unsigned int))
 .text._ZN5daisy9DaisySeed15AudioSampleRateEv
                0x0000000008001304        0x8 ../../DaisyExamples/libDaisy/build/libdaisy.a(daisy_seed.o)
                0x0000000008001304                daisy::DaisySeed::AudioSampleRate()
 .text._ZN5daisy9DaisySeed17SetAudioBlockSizeEj
                0x000000000800130c       0x38 ../../DaisyExamples/libDaisy/build/libdaisy.a(daisy_seed.o)
                0x000000000800130c                daisy::DaisySeed::SetAudioBlockSize(unsigned int)
 .text._ZNK5daisy9DaisySeed17AudioCallbackRateEv
                0x0000000008001344        0x8 ../../DaisyExamples/libDaisy/build/libdaisy.a(daisy_seed.o)
                0x0000000008001344                daisy::DaisySeed::AudioCallbackRate() const
 .text._ZN5daisy9DaisySeed17CheckBoardVersionEv
                0x000000000800134c       0x6c ../../DaisyExamples/libDaisy/build/libdaisy.a(daisy_seed.o)
                0x000000000800134c                daisy::DaisySeed::CheckBoardVersion()
 .text._ZN5daisy9DaisySeed14ConfigureAudioEv
                0x00000000080013b8      0x10c ../../DaisyExamples/libDaisy/build/libdaisy.a(daisy_seed.o)
                0x00000000080013b8                daisy::DaisySeed::ConfigureAudio()
 .text._ZN5daisy9DaisySeed4InitEb
                0x00000000080014c4      0x108 ../../DaisyExamples/libDaisy/build/libdaisy.a(daisy_seed.o)
                0x00000000080014c4                daisy::DaisySeed::Init(bool)
 .text._ZN5daisy6Ak45564InitE12dsy_gpio_pin
                0x00000000080015cc       0x44 ../../DaisyExamples/libDaisy/build/libdaisy.a(codec_ak4556.o)
                0x00000000080015cc                daisy::Ak4556::Init(dsy_gpio_pin)
 .text._ZN5daisy6Wm873120WriteControlRegisterEht
                0x0000000008001610       0x3c ../../DaisyExamples/libDaisy/build/libdaisy.a(codec_wm8731.o)
                0x0000000008001610                daisy::Wm8731::WriteControlRegister(unsigned char, unsigned short)
 .text._ZN5daisy6Wm87314InitERKNS0_6ConfigENS_9I2CHandleE
                0x000000000800164c      0x1bc ../../DaisyExamples/libDaisy/build/libdaisy.a(codec_wm8731.o)
                0x000000000800164c                daisy::Wm8731::Init(daisy::Wm8731::Config const&, daisy::I2CHandle)
 .text._ZN11SdramHandle10DeviceInitEv
                0x0000000008001808       0x98 ../../DaisyExamples/libDaisy/build/libdaisy.a(sdram.o)
                0x0000000008001808                SdramHandle::DeviceInit()
 .text._ZN11SdramHandle4InitEv
                0x00000000080018a0       0x7c ../../DaisyExamples/libDaisy/build/libdaisy.a(sdram.o)
                0x00000000080018a0                SdramHandle::Init()
 .text.HAL_SDRAM_MspInit
                0x000000000800191c      0x1a8 ../../DaisyExamples/libDaisy/build/libdaisy.a(sdram.o)
                0x000000000800191c                HAL_SDRAM_MspInit
 .text._ZN5daisy11AudioHandle4Impl16InternalCallbackEPlS2_j
                0x0000000008001ac4      0xbbc ../../DaisyExamples/libDaisy/build/libdaisy.a(audio.o)
                0x0000000008001ac4                daisy::AudioHandle::Impl::InternalCallback(long*, long*, unsigned int)
 .text._ZN5daisy11AudioHandle4InitERKNS0_6ConfigENS_9SaiHandleE
                0x0000000008002680       0x70 ../../DaisyExamples/libDaisy/build/libdaisy.a(audio.o)
                0x0000000008002680                daisy::AudioHandle::Init(daisy::AudioHandle::Config const&, daisy::SaiHandle)
 .text._ZNK5daisy11AudioHandle9GetConfigEv
                0x00000000080026f0        0x8 ../../DaisyExamples/libDaisy/build/libdaisy.a(audio.o)
                0x00000000080026f0                daisy::AudioHandle::GetConfig() const
 .text._ZN5daisy11AudioHandle12SetBlockSizeEj
                0x00000000080026f8       0x1c ../../DaisyExamples/libDaisy/build/libdaisy.a(audio.o)
                0x00000000080026f8                daisy::AudioHandle::SetBlockSize(unsigned int)
 .text._ZN5daisy11AudioHandle13GetSampleRateEv
                0x0000000008002714        0x8 ../../DaisyExamples/libDaisy/build/libdaisy.a(audio.o)
                0x0000000008002714                daisy::AudioHandle::GetSampleRate()
 .text._ZN5daisy11AudioHandle5StartEPFvPKfPfjE
                0x000000000800271c       0x2c ../../DaisyExamples/libDaisy/build/libdaisy.a(audio.o)
                0x000000000800271c                daisy::AudioHandle::Start(void (*)(float const*, float*, unsigned int))
 .text.startup._GLOBAL__sub_I__ZN5daisy11AudioHandle4Impl4InitENS0_6ConfigENS_9SaiHandleE
                0x0000000008002748       0x24 ../../DaisyExamples/libDaisy/build/libdaisy.a(audio.o)
 .text._ZN5daisy13AnalogControl4InitEPtfbbf
                0x000000000800276c       0x64 ../../DaisyExamples/libDaisy/build/libdaisy.a(ctrl.o)
                0x000000000800276c                daisy::AnalogControl::Init(unsigned short*, float, bool, bool, float)
 .text._ZN5daisy13AnalogControl7ProcessEv
                0x00000000080027d0       0x48 ../../DaisyExamples/libDaisy/build/libdaisy.a(ctrl.o)
                0x00000000080027d0                daisy::AnalogControl::Process()
 .text._ZN5daisy13AnalogControl13SetSampleRateEf
                0x0000000008002818       0x58 ../../DaisyExamples/libDaisy/build/libdaisy.a(ctrl.o)
                0x0000000008002818                daisy::AnalogControl::SetSampleRate(float)
 .text._ZN5daisy7Encoder4InitE12dsy_gpio_pinS1_S1_f
                0x0000000008002870       0x60 ../../DaisyExamples/libDaisy/build/libdaisy.a(encoder.o)
                0x0000000008002870                daisy::Encoder::Init(dsy_gpio_pin, dsy_gpio_pin, dsy_gpio_pin, float)
 .text._ZN5daisy7Encoder8DebounceEv
                0x00000000080028d0       0x7c ../../DaisyExamples/libDaisy/build/libdaisy.a(encoder.o)
                0x00000000080028d0                daisy::Encoder::Debounce()
 .text._ZN5daisy17MidiUartTransport6ConfigC2Ev
                0x000000000800294c       0x28 ../../DaisyExamples/libDaisy/build/libdaisy.a(midi.o)
                0x000000000800294c                daisy::MidiUartTransport::Config::Config()
                0x000000000800294c                daisy::MidiUartTransport::Config::Config()
 .text._ZN5daisy10MidiParser5ParseEhPNS_9MidiEventE
                0x0000000008002974      0x170 ../../DaisyExamples/libDaisy/build/libdaisy.a(midi_parser.o)
                0x0000000008002974                daisy::MidiParser::Parse(unsigned char, daisy::MidiEvent*)
 .text._ZN5daisy10MidiParser5ResetEv
                0x0000000008002ae4        0xc ../../DaisyExamples/libDaisy/build/libdaisy.a(midi_parser.o)
                0x0000000008002ae4                daisy::MidiParser::Reset()
 .text._ZN5daisy9Parameter4InitENS_13AnalogControlEffNS0_5CurveE
                0x0000000008002af0       0x60 ../../DaisyExamples/libDaisy/build/libdaisy.a(parameter.o)
                0x0000000008002af0                daisy::Parameter::Init(daisy::AnalogControl, float, float, daisy::Parameter::Curve)
 .text._ZN5daisy9Parameter7ProcessEv
                0x0000000008002b50       0xac ../../DaisyExamples/libDaisy/build/libdaisy.a(parameter.o)
                0x0000000008002b50                daisy::Parameter::Process()
 .text._ZN5daisy6RgbLed4InitE12dsy_gpio_pinS1_S1_b
                0x0000000008002bfc       0x50 ../../DaisyExamples/libDaisy/build/libdaisy.a(rgb_led.o)
                0x0000000008002bfc                daisy::RgbLed::Init(dsy_gpio_pin, dsy_gpio_pin, dsy_gpio_pin, bool)
 .text._ZN5daisy6RgbLed8SetColorENS_5ColorE
                0x0000000008002c4c       0x2c ../../DaisyExamples/libDaisy/build/libdaisy.a(rgb_led.o)
                0x0000000008002c4c                daisy::RgbLed::SetColor(daisy::Color)
 .text._ZN5daisy6RgbLed6UpdateEv
                0x0000000008002c78       0x1c ../../DaisyExamples/libDaisy/build/libdaisy.a(rgb_led.o)
                0x0000000008002c78                daisy::RgbLed::Update()
 .text._ZN5daisy6Switch4InitE12dsy_gpio_pinf
                0x0000000008002c94       0x34 ../../DaisyExamples/libDaisy/build/libdaisy.a(switch.o)
                0x0000000008002c94                daisy::Switch::Init(dsy_gpio_pin, float)
 .text._ZN5daisy6Switch8DebounceEv
                0x0000000008002cc8       0x5c ../../DaisyExamples/libDaisy/build/libdaisy.a(switch.o)
                0x0000000008002cc8                daisy::Switch::Debounce()
 .text.DummyRxCallback
                0x0000000008002d24        0x4 ../../DaisyExamples/libDaisy/build/libdaisy.a(usb.o)
                0x0000000008002d24                DummyRxCallback
 .text._ZN5daisy9UsbHandle4InitENS0_9UsbPeriphE
                0x0000000008002d28      0x10c ../../DaisyExamples/libDaisy/build/libdaisy.a(usb.o)
                0x0000000008002d28                daisy::UsbHandle::Init(daisy::UsbHandle::UsbPeriph)
 .text.OTG_FS_EP1_OUT_IRQHandler
                0x0000000008002e34        0xc ../../DaisyExamples/libDaisy/build/libdaisy.a(usb.o)
                0x0000000008002e34                OTG_FS_EP1_OUT_IRQHandler
 .text.OTG_FS_EP1_IN_IRQHandler
                0x0000000008002e40        0xc ../../DaisyExamples/libDaisy/build/libdaisy.a(usb.o)
                0x0000000008002e40                OTG_FS_EP1_IN_IRQHandler
 .text.OTG_FS_IRQHandler
                0x0000000008002e4c        0xc ../../DaisyExamples/libDaisy/build/libdaisy.a(usb.o)
                0x0000000008002e4c                OTG_FS_IRQHandler
 .text._ZN5daisy16MidiUsbTransport4ImplD2Ev
                0x0000000008002e58        0x4 ../../DaisyExamples/libDaisy/build/libdaisy.a(usb_midi.o)
                0x0000000008002e58                daisy::MidiUsbTransport::Impl::~Impl()
                0x0000000008002e58                daisy::MidiUsbTransport::Impl::~Impl()
 .text._ZN5daisy16MidiUsbTransport7StartRxEPFvPhjPvES2_
                0x0000000008002e5c       0x14 ../../DaisyExamples/libDaisy/build/libdaisy.a(usb_midi.o)
                0x0000000008002e5c                daisy::MidiUsbTransport::StartRx(void (*)(unsigned char*, unsigned int, void*), void*)
 .text._ZN5daisy16MidiUsbTransport8RxActiveEv
                0x0000000008002e70        0x8 ../../DaisyExamples/libDaisy/build/libdaisy.a(usb_midi.o)
                0x0000000008002e70                daisy::MidiUsbTransport::RxActive()
 .text._ZN5daisy16MidiUsbTransport7FlushRxEv
                0x0000000008002e78        0xc ../../DaisyExamples/libDaisy/build/libdaisy.a(usb_midi.o)
                0x0000000008002e78                daisy::MidiUsbTransport::FlushRx()
 .text.startup._GLOBAL__sub_I__Z15ReceiveCallbackPhPm
                0x0000000008002e84       0x60 ../../DaisyExamples/libDaisy/build/libdaisy.a(usb_midi.o)
 .text._ZN5daisy16AdcChannelConfig10InitSingleE12dsy_gpio_pinNS0_15ConversionSpeedE
                0x0000000008002ee4       0x28 ../../DaisyExamples/libDaisy/build/libdaisy.a(adc.o)
                0x0000000008002ee4                daisy::AdcChannelConfig::InitSingle(dsy_gpio_pin, daisy::AdcChannelConfig::ConversionSpeed)
 .text._ZN5daisy9AdcHandle4InitEPNS_16AdcChannelConfigEjNS0_12OverSamplingE
                0x0000000008002f0c      0x41c ../../DaisyExamples/libDaisy/build/libdaisy.a(adc.o)
                0x0000000008002f0c                daisy::AdcHandle::Init(daisy::AdcChannelConfig*, unsigned int, daisy::AdcHandle::OverSampling)
 .text._ZN5daisy9AdcHandle5StartEv
                0x0000000008003328       0x2c ../../DaisyExamples/libDaisy/build/libdaisy.a(adc.o)
                0x0000000008003328                daisy::AdcHandle::Start()
 .text._ZNK5daisy9AdcHandle6GetPtrEh
                0x0000000008003354       0x14 ../../DaisyExamples/libDaisy/build/libdaisy.a(adc.o)
                0x0000000008003354                daisy::AdcHandle::GetPtr(unsigned char) const
 .text.HAL_ADC_MspInit
                0x0000000008003368       0x98 ../../DaisyExamples/libDaisy/build/libdaisy.a(adc.o)
                0x0000000008003368                HAL_ADC_MspInit
 .text.DMA1_Stream2_IRQHandler
                0x0000000008003400        0xc ../../DaisyExamples/libDaisy/build/libdaisy.a(adc.o)
                0x0000000008003400                DMA1_Stream2_IRQHandler
 .text.HAL_ADC_ConvCpltCallback
                0x000000000800340c      0x148 ../../DaisyExamples/libDaisy/build/libdaisy.a(adc.o)
                0x000000000800340c                HAL_ADC_ConvCpltCallback
 .text.HAL_ADC_ErrorCallback
                0x0000000008003554        0x4 ../../DaisyExamples/libDaisy/build/libdaisy.a(adc.o)
                0x0000000008003554                HAL_ADC_ErrorCallback
 .text._ZN5daisy4GPIO4InitENS_3PinENS0_4ModeENS0_4PullENS0_5SpeedE
                0x0000000008003558      0x1cc ../../DaisyExamples/libDaisy/build/libdaisy.a(gpio.o)
                0x0000000008003558                daisy::GPIO::Init(daisy::Pin, daisy::GPIO::Mode, daisy::GPIO::Pull, daisy::GPIO::Speed)
 .text._ZN5daisy4GPIO4ReadEv
                0x0000000008003724       0x18 ../../DaisyExamples/libDaisy/build/libdaisy.a(gpio.o)
                0x0000000008003724                daisy::GPIO::Read()
 .text._ZN5daisy4GPIO5WriteEb
                0x000000000800373c       0x14 ../../DaisyExamples/libDaisy/build/libdaisy.a(gpio.o)
                0x000000000800373c                daisy::GPIO::Write(bool)
 .text.dsy_gpio_init
                0x0000000008003750      0x1b8 ../../DaisyExamples/libDaisy/build/libdaisy.a(gpio.o)
                0x0000000008003750                dsy_gpio_init
 .text.dsy_gpio_read
                0x0000000008003908       0x1c ../../DaisyExamples/libDaisy/build/libdaisy.a(gpio.o)
                0x0000000008003908                dsy_gpio_read
 .text.dsy_gpio_write
                0x0000000008003924       0x24 ../../DaisyExamples/libDaisy/build/libdaisy.a(gpio.o)
                0x0000000008003924                dsy_gpio_write
 .text._ZN5daisy9I2CHandle4Impl8InitPinsEv
                0x0000000008003948       0x58 ../../DaisyExamples/libDaisy/build/libdaisy.a(i2c.o)
                0x0000000008003948                daisy::I2CHandle::Impl::InitPins()
 .text.HAL_I2C_MspInit
                0x00000000080039a0      0x1b4 ../../DaisyExamples/libDaisy/build/libdaisy.a(i2c.o)
                0x00000000080039a0                HAL_I2C_MspInit
 .text.dsy_i2c_global_init
                0x0000000008003b54       0x78 ../../DaisyExamples/libDaisy/build/libdaisy.a(i2c.o)
                0x0000000008003b54                dsy_i2c_global_init
 .text.DMA1_Stream6_IRQHandler
                0x0000000008003bcc       0x34 ../../DaisyExamples/libDaisy/build/libdaisy.a(i2c.o)
                0x0000000008003bcc                DMA1_Stream6_IRQHandler
 .text.I2C1_EV_IRQHandler
                0x0000000008003c00        0xc ../../DaisyExamples/libDaisy/build/libdaisy.a(i2c.o)
                0x0000000008003c00                I2C1_EV_IRQHandler
 .text.I2C2_EV_IRQHandler
                0x0000000008003c0c        0xc ../../DaisyExamples/libDaisy/build/libdaisy.a(i2c.o)
                0x0000000008003c0c                I2C2_EV_IRQHandler
 .text.I2C3_EV_IRQHandler
                0x0000000008003c18        0xc ../../DaisyExamples/libDaisy/build/libdaisy.a(i2c.o)
                0x0000000008003c18                I2C3_EV_IRQHandler
 .text._ZN5daisy9I2CHandle4InitERKNS0_6ConfigE
                0x0000000008003c24      0x12c ../../DaisyExamples/libDaisy/build/libdaisy.a(i2c.o)
                0x0000000008003c24                daisy::I2CHandle::Init(daisy::I2CHandle::Config const&)
 .text._ZN5daisy9I2CHandle16TransmitBlockingEtPhtm
                0x0000000008003d50       0x50 ../../DaisyExamples/libDaisy/build/libdaisy.a(i2c.o)
                0x0000000008003d50                daisy::I2CHandle::TransmitBlocking(unsigned short, unsigned char*, unsigned short, unsigned long)
 .text.startup._GLOBAL__sub_I__ZN5daisy9I2CHandle4Impl10GlobalInitEv
                0x0000000008003da0       0x18 ../../DaisyExamples/libDaisy/build/libdaisy.a(i2c.o)
 .text._ZN5daisy10QSPIHandle4Impl11WriteEnableEv
                0x0000000008003db8       0x8c ../../DaisyExamples/libDaisy/build/libdaisy.a(qspi.o)
                0x0000000008003db8                daisy::QSPIHandle::Impl::WriteEnable()
 *fill*         0x0000000008003e44        0x4 
 .text._ZN5daisy10QSPIHandle4Impl17DummyCyclesConfigENS0_6Config6DeviceE
                0x0000000008003e48      0x118 ../../DaisyExamples/libDaisy/build/libdaisy.a(qspi.o)
                0x0000000008003e48                daisy::QSPIHandle::Impl::DummyCyclesConfig(daisy::QSPIHandle::Config::Device)
 .text._ZN5daisy10QSPIHandle4Impl10QuadEnableEv
                0x0000000008003f60      0x158 ../../DaisyExamples/libDaisy/build/libdaisy.a(qspi.o)
                0x0000000008003f60                daisy::QSPIHandle::Impl::QuadEnable()
 .text._ZN5daisy10QSPIHandle4InitERKNS0_6ConfigE
                0x00000000080040b8      0x198 ../../DaisyExamples/libDaisy/build/libdaisy.a(qspi.o)
                0x00000000080040b8                daisy::QSPIHandle::Init(daisy::QSPIHandle::Config const&)
 .text.HAL_QSPI_MspInit
                0x0000000008004250      0x11c ../../DaisyExamples/libDaisy/build/libdaisy.a(qspi.o)
                0x0000000008004250                HAL_QSPI_MspInit
 .text.HAL_QSPI_MspDeInit
                0x000000000800436c       0x54 ../../DaisyExamples/libDaisy/build/libdaisy.a(qspi.o)
                0x000000000800436c                HAL_QSPI_MspDeInit
 .text.QUADSPI_IRQHandler
                0x00000000080043c0        0xc ../../DaisyExamples/libDaisy/build/libdaisy.a(qspi.o)
                0x00000000080043c0                QUADSPI_IRQHandler
 .text.startup._GLOBAL__sub_I__ZN5daisy10QSPIHandle4Impl4InitERKNS0_6ConfigE
                0x00000000080043cc       0x28 ../../DaisyExamples/libDaisy/build/libdaisy.a(qspi.o)
 .text._ZN5daisy9SaiHandle4Impl7InitDmaENS1_15PeripheralBlockE
                0x00000000080043f4       0xa0 ../../DaisyExamples/libDaisy/build/libdaisy.a(sai.o)
                0x00000000080043f4                daisy::SaiHandle::Impl::InitDma(daisy::SaiHandle::Impl::PeripheralBlock)
 .text._ZN5daisy9SaiHandle4Impl8InitPinsEv
                0x0000000008004494       0xa8 ../../DaisyExamples/libDaisy/build/libdaisy.a(sai.o)
                0x0000000008004494                daisy::SaiHandle::Impl::InitPins()
 .text.HAL_SAI_MspInit
                0x000000000800453c      0x164 ../../DaisyExamples/libDaisy/build/libdaisy.a(sai.o)
                0x000000000800453c                HAL_SAI_MspInit
 .text.DMA1_Stream0_IRQHandler
                0x00000000080046a0        0xc ../../DaisyExamples/libDaisy/build/libdaisy.a(sai.o)
                0x00000000080046a0                DMA1_Stream0_IRQHandler
 .text.DMA1_Stream1_IRQHandler
                0x00000000080046ac        0xc ../../DaisyExamples/libDaisy/build/libdaisy.a(sai.o)
                0x00000000080046ac                DMA1_Stream1_IRQHandler
 .text.DMA1_Stream3_IRQHandler
                0x00000000080046b8        0xc ../../DaisyExamples/libDaisy/build/libdaisy.a(sai.o)
                0x00000000080046b8                DMA1_Stream3_IRQHandler
 .text.DMA1_Stream4_IRQHandler
                0x00000000080046c4        0xc ../../DaisyExamples/libDaisy/build/libdaisy.a(sai.o)
                0x00000000080046c4                DMA1_Stream4_IRQHandler
 .text.HAL_SAI_RxHalfCpltCallback
                0x00000000080046d0       0x78 ../../DaisyExamples/libDaisy/build/libdaisy.a(sai.o)
                0x00000000080046d0                HAL_SAI_RxHalfCpltCallback
 .text.HAL_SAI_RxCpltCallback
                0x0000000008004748       0x70 ../../DaisyExamples/libDaisy/build/libdaisy.a(sai.o)
                0x0000000008004748                HAL_SAI_RxCpltCallback
 .text._ZN5daisy9SaiHandle4InitERKNS0_6ConfigE
                0x00000000080047b8      0x1f0 ../../DaisyExamples/libDaisy/build/libdaisy.a(sai.o)
                0x00000000080047b8                daisy::SaiHandle::Init(daisy::SaiHandle::Config const&)
 .text._ZNK5daisy9SaiHandle9GetConfigEv
                0x00000000080049a8        0x4 ../../DaisyExamples/libDaisy/build/libdaisy.a(sai.o)
                0x00000000080049a8                daisy::SaiHandle::GetConfig() const
 .text._ZN5daisy9SaiHandle8StartDmaEPlS1_jPFvS1_S1_jE
                0x00000000080049ac       0xbc ../../DaisyExamples/libDaisy/build/libdaisy.a(sai.o)
                0x00000000080049ac                daisy::SaiHandle::StartDma(long*, long*, unsigned int, void (*)(long*, long*, unsigned int))
 .text._ZN5daisy9SaiHandle13GetSampleRateEv
                0x0000000008004a68       0x24 ../../DaisyExamples/libDaisy/build/libdaisy.a(sai.o)
                0x0000000008004a68                daisy::SaiHandle::GetSampleRate()
 .text._ZNK5daisy9SaiHandle9GetOffsetEv
                0x0000000008004a8c        0x8 ../../DaisyExamples/libDaisy/build/libdaisy.a(sai.o)
                0x0000000008004a8c                daisy::SaiHandle::GetOffset() const
 .text._ZL20UART_CheckRxListenerPN5daisy11UartHandler4ImplE
                0x0000000008004a94       0x84 ../../DaisyExamples/libDaisy/build/libdaisy.a(uart.o)
 .text._ZN5daisy11UartHandler4Impl10StartDmaTxEPhjPFvPvEPFvS3_NS0_6ResultEES3_
                0x0000000008004b18      0x184 ../../DaisyExamples/libDaisy/build/libdaisy.a(uart.o)
                0x0000000008004b18                daisy::UartHandler::Impl::StartDmaTx(unsigned char*, unsigned int, void (*)(void*), void (*)(void*, daisy::UartHandler::Result), void*)
 .text._ZN5daisy11UartHandler4Impl10StartDmaRxEPhjPFvPvEPFvS3_NS0_6ResultEES3_
                0x0000000008004c9c      0x184 ../../DaisyExamples/libDaisy/build/libdaisy.a(uart.o)
                0x0000000008004c9c                daisy::UartHandler::Impl::StartDmaRx(unsigned char*, unsigned int, void (*)(void*), void (*)(void*, daisy::UartHandler::Result), void*)
 .text._ZN5daisy11UartHandler4Impl19DmaTransferFinishedEP20__UART_HandleTypeDefNS0_6ResultE
                0x0000000008004e20       0xc0 ../../DaisyExamples/libDaisy/build/libdaisy.a(uart.o)
                0x0000000008004e20                daisy::UartHandler::Impl::DmaTransferFinished(__UART_HandleTypeDef*, daisy::UartHandler::Result)
 .text._ZN5daisy11UartHandler4Impl8InitPinsEv
                0x0000000008004ee0      0x154 ../../DaisyExamples/libDaisy/build/libdaisy.a(uart.o)
                0x0000000008004ee0                daisy::UartHandler::Impl::InitPins()
 .text.HAL_UART_MspInit
                0x0000000008005034      0x210 ../../DaisyExamples/libDaisy/build/libdaisy.a(uart.o)
                0x0000000008005034                HAL_UART_MspInit
 .text.dsy_uart_global_init
                0x0000000008005244       0xfc ../../DaisyExamples/libDaisy/build/libdaisy.a(uart.o)
                0x0000000008005244                dsy_uart_global_init
 .text.USART1_IRQHandler
                0x0000000008005340       0x2c ../../DaisyExamples/libDaisy/build/libdaisy.a(uart.o)
                0x0000000008005340                USART1_IRQHandler
 .text.USART2_IRQHandler
                0x000000000800536c       0x34 ../../DaisyExamples/libDaisy/build/libdaisy.a(uart.o)
                0x000000000800536c                USART2_IRQHandler
 .text.USART3_IRQHandler
                0x00000000080053a0       0x34 ../../DaisyExamples/libDaisy/build/libdaisy.a(uart.o)
                0x00000000080053a0                USART3_IRQHandler
 .text.UART4_IRQHandler
                0x00000000080053d4       0x34 ../../DaisyExamples/libDaisy/build/libdaisy.a(uart.o)
                0x00000000080053d4                UART4_IRQHandler
 .text.UART5_IRQHandler
                0x0000000008005408       0x34 ../../DaisyExamples/libDaisy/build/libdaisy.a(uart.o)
                0x0000000008005408                UART5_IRQHandler
 .text.USART6_IRQHandler
                0x000000000800543c       0x34 ../../DaisyExamples/libDaisy/build/libdaisy.a(uart.o)
                0x000000000800543c                USART6_IRQHandler
 .text.UART7_IRQHandler
                0x0000000008005470       0x34 ../../DaisyExamples/libDaisy/build/libdaisy.a(uart.o)
                0x0000000008005470                UART7_IRQHandler
 .text.UART8_IRQHandler
                0x00000000080054a4       0x34 ../../DaisyExamples/libDaisy/build/libdaisy.a(uart.o)
                0x00000000080054a4                UART8_IRQHandler
 .text.LPUART1_IRQHandler
                0x00000000080054d8       0x34 ../../DaisyExamples/libDaisy/build/libdaisy.a(uart.o)
                0x00000000080054d8                LPUART1_IRQHandler
 .text.DMA1_Stream5_IRQHandler
                0x000000000800550c       0x34 ../../DaisyExamples/libDaisy/build/libdaisy.a(uart.o)
                0x000000000800550c                DMA1_Stream5_IRQHandler
 .text.DMA2_Stream4_IRQHandler
                0x0000000008005540       0x38 ../../DaisyExamples/libDaisy/build/libdaisy.a(uart.o)
                0x0000000008005540                DMA2_Stream4_IRQHandler
 .text.HAL_UART_TxCpltCallback
                0x0000000008005578        0x8 ../../DaisyExamples/libDaisy/build/libdaisy.a(uart.o)
                0x0000000008005578                HAL_UART_TxCpltCallback
 .text.HAL_UART_RxCpltCallback
                0x0000000008005580       0x94 ../../DaisyExamples/libDaisy/build/libdaisy.a(uart.o)
                0x0000000008005580                HAL_UART_RxCpltCallback
 .text.HAL_UART_RxHalfCpltCallback
                0x0000000008005614       0x90 ../../DaisyExamples/libDaisy/build/libdaisy.a(uart.o)
                0x0000000008005614                HAL_UART_RxHalfCpltCallback
 .text.HAL_UART_ErrorCallback
                0x00000000080056a4        0x8 ../../DaisyExamples/libDaisy/build/libdaisy.a(uart.o)
                0x00000000080056a4                HAL_UART_ErrorCallback
 .text._ZN5daisy11UartHandler4InitERKNS0_6ConfigE
                0x00000000080056ac       0xd4 ../../DaisyExamples/libDaisy/build/libdaisy.a(uart.o)
                0x00000000080056ac                daisy::UartHandler::Init(daisy::UartHandler::Config const&)
 .text._ZN5daisy11UartHandler14DmaListenStartEPhjPFvS1_jPvNS0_6ResultEES2_
                0x0000000008005780      0x114 ../../DaisyExamples/libDaisy/build/libdaisy.a(uart.o)
                0x0000000008005780                daisy::UartHandler::DmaListenStart(unsigned char*, unsigned int, void (*)(unsigned char*, unsigned int, void*, daisy::UartHandler::Result), void*)
 .text.startup._GLOBAL__sub_I__Z19MapInstanceToHandleP13USART_TypeDef
                0x0000000008005894      0x194 ../../DaisyExamples/libDaisy/build/libdaisy.a(uart.o)
 .text.dsy_dma_init
                0x0000000008005a28      0x100 ../../DaisyExamples/libDaisy/build/libdaisy.a(dma.o)
                0x0000000008005a28                dsy_dma_init
 .text.dsy_dma_clear_cache_for_buffer
                0x0000000008005b28       0x2c ../../DaisyExamples/libDaisy/build/libdaisy.a(dma.o)
                0x0000000008005b28                dsy_dma_clear_cache_for_buffer
 .text.dsy_dma_invalidate_cache_for_buffer
                0x0000000008005b54       0x2c ../../DaisyExamples/libDaisy/build/libdaisy.a(dma.o)
                0x0000000008005b54                dsy_dma_invalidate_cache_for_buffer
 .text._ZN5daisy11TimerHandleD2Ev
                0x0000000008005b80        0x4 ../../DaisyExamples/libDaisy/build/libdaisy.a(system.o)
                0x0000000008005b80                daisy::TimerHandle::~TimerHandle()
                0x0000000008005b80                daisy::TimerHandle::~TimerHandle()
 .text.SysTick_Handler
                0x0000000008005b84       0x10 ../../DaisyExamples/libDaisy/build/libdaisy.a(system.o)
                0x0000000008005b84                SysTick_Handler
 .text.OTG_HS_EP1_OUT_IRQHandler
                0x0000000008005b94       0x24 ../../DaisyExamples/libDaisy/build/libdaisy.a(system.o)
                0x0000000008005b94                OTG_HS_EP1_OUT_IRQHandler
 .text.OTG_HS_EP1_IN_IRQHandler
                0x0000000008005bb8       0x24 ../../DaisyExamples/libDaisy/build/libdaisy.a(system.o)
                0x0000000008005bb8                OTG_HS_EP1_IN_IRQHandler
 .text.OTG_HS_IRQHandler
                0x0000000008005bdc       0x24 ../../DaisyExamples/libDaisy/build/libdaisy.a(system.o)
                0x0000000008005bdc                OTG_HS_IRQHandler
 .text.HardFault_Handler
                0x0000000008005c00       0xe0 ../../DaisyExamples/libDaisy/build/libdaisy.a(system.o)
                0x0000000008005c00                HardFault_Handler
 .text._ZN5daisy6System6GetNowEv
                0x0000000008005ce0        0x4 ../../DaisyExamples/libDaisy/build/libdaisy.a(system.o)
                0x0000000008005ce0                daisy::System::GetNow()
 .text._ZN5daisy6System5DelayEm
                0x0000000008005ce4        0x4 ../../DaisyExamples/libDaisy/build/libdaisy.a(system.o)
                0x0000000008005ce4                daisy::System::Delay(unsigned long)
 .text._ZN5daisy6System20GetBootloaderVersionEv
                0x0000000008005ce8       0x34 ../../DaisyExamples/libDaisy/build/libdaisy.a(system.o)
                0x0000000008005ce8                daisy::System::GetBootloaderVersion()
 .text._ZN5daisy6System15ConfigureClocksEv
                0x0000000008005d1c      0x194 ../../DaisyExamples/libDaisy/build/libdaisy.a(system.o)
                0x0000000008005d1c                daisy::System::ConfigureClocks()
 .text._ZN5daisy6System12ConfigureMpuEv
                0x0000000008005eb0       0x7c ../../DaisyExamples/libDaisy/build/libdaisy.a(system.o)
                0x0000000008005eb0                daisy::System::ConfigureMpu()
 .text._ZN5daisy6System4InitERKNS0_6ConfigE
                0x0000000008005f2c       0xec ../../DaisyExamples/libDaisy/build/libdaisy.a(system.o)
                0x0000000008005f2c                daisy::System::Init(daisy::System::Config const&)
 .text._ZN5daisy6System12GetPClk1FreqEv
                0x0000000008006018        0x4 ../../DaisyExamples/libDaisy/build/libdaisy.a(system.o)
                0x0000000008006018                daisy::System::GetPClk1Freq()
 .text._ZN5daisy6System22GetProgramMemoryRegionEv
                0x000000000800601c       0x78 ../../DaisyExamples/libDaisy/build/libdaisy.a(system.o)
                0x000000000800601c                daisy::System::GetProgramMemoryRegion()
 .text.startup._GLOBAL__sub_I__ZN5daisy9boot_infoE
                0x0000000008006094       0x1c ../../DaisyExamples/libDaisy/build/libdaisy.a(system.o)
 .text.SystemInit
                0x00000000080060b0       0x9c ../../DaisyExamples/libDaisy/build/libdaisy.a(system_stm32h7xx.o)
                0x00000000080060b0                SystemInit
 .text.dummy_rx_callback
                0x000000000800614c        0x4 ../../DaisyExamples/libDaisy/build/libdaisy.a(usbd_cdc_if.o)
                0x000000000800614c                dummy_rx_callback
 .text.CDC_DeInit_FS
                0x0000000008006150        0x4 ../../DaisyExamples/libDaisy/build/libdaisy.a(usbd_cdc_if.o)
 .text.CDC_Receive_FS
                0x0000000008006154       0x2c ../../DaisyExamples/libDaisy/build/libdaisy.a(usbd_cdc_if.o)
 .text.CDC_Receive_HS
                0x0000000008006180       0x2c ../../DaisyExamples/libDaisy/build/libdaisy.a(usbd_cdc_if.o)
 .text.CDC_Init_FS
                0x00000000080061ac       0x3c ../../DaisyExamples/libDaisy/build/libdaisy.a(usbd_cdc_if.o)
 .text.CDC_Init_HS
                0x00000000080061e8       0x3c ../../DaisyExamples/libDaisy/build/libdaisy.a(usbd_cdc_if.o)
 .text.CDC_Control_FS
                0x0000000008006224       0x34 ../../DaisyExamples/libDaisy/build/libdaisy.a(usbd_cdc_if.o)
 .text.CDC_Control_HS
                0x0000000008006258       0x34 ../../DaisyExamples/libDaisy/build/libdaisy.a(usbd_cdc_if.o)
 .text.CDC_DeInit_HS
                0x000000000800628c        0x4 ../../DaisyExamples/libDaisy/build/libdaisy.a(usbd_cdc_if.o)
 .text.HAL_PCD_MspInit
                0x0000000008006290      0x144 ../../DaisyExamples/libDaisy/build/libdaisy.a(usbd_conf.o)
                0x0000000008006290                HAL_PCD_MspInit
 .text.HAL_PCD_SetupStageCallback
                0x00000000080063d4        0xc ../../DaisyExamples/libDaisy/build/libdaisy.a(usbd_conf.o)
                0x00000000080063d4                HAL_PCD_SetupStageCallback
 .text.HAL_PCD_DataOutStageCallback
                0x00000000080063e0       0x14 ../../DaisyExamples/libDaisy/build/libdaisy.a(usbd_conf.o)
                0x00000000080063e0                HAL_PCD_DataOutStageCallback
 .text.HAL_PCD_DataInStageCallback
                0x00000000080063f4       0x14 ../../DaisyExamples/libDaisy/build/libdaisy.a(usbd_conf.o)
                0x00000000080063f4                HAL_PCD_DataInStageCallback
 .text.HAL_PCD_SOFCallback
                0x0000000008006408        0x8 ../../DaisyExamples/libDaisy/build/libdaisy.a(usbd_conf.o)
                0x0000000008006408                HAL_PCD_SOFCallback
 .text.HAL_PCD_ResetCallback
                0x0000000008006410       0x24 ../../DaisyExamples/libDaisy/build/libdaisy.a(usbd_conf.o)
                0x0000000008006410                HAL_PCD_ResetCallback
 .text.HAL_PCD_SuspendCallback
                0x0000000008006434       0x30 ../../DaisyExamples/libDaisy/build/libdaisy.a(usbd_conf.o)
                0x0000000008006434                HAL_PCD_SuspendCallback
 .text.HAL_PCD_ResumeCallback
                0x0000000008006464        0x8 ../../DaisyExamples/libDaisy/build/libdaisy.a(usbd_conf.o)
                0x0000000008006464                HAL_PCD_ResumeCallback
 .text.HAL_PCD_ISOOUTIncompleteCallback
                0x000000000800646c        0x8 ../../DaisyExamples/libDaisy/build/libdaisy.a(usbd_conf.o)
                0x000000000800646c                HAL_PCD_ISOOUTIncompleteCallback
 .text.HAL_PCD_ISOINIncompleteCallback
                0x0000000008006474        0x8 ../../DaisyExamples/libDaisy/build/libdaisy.a(usbd_conf.o)
                0x0000000008006474                HAL_PCD_ISOINIncompleteCallback
 .text.HAL_PCD_ConnectCallback
                0x000000000800647c        0x8 ../../DaisyExamples/libDaisy/build/libdaisy.a(usbd_conf.o)
                0x000000000800647c                HAL_PCD_ConnectCallback
 .text.HAL_PCD_DisconnectCallback
                0x0000000008006484        0x8 ../../DaisyExamples/libDaisy/build/libdaisy.a(usbd_conf.o)
                0x0000000008006484                HAL_PCD_DisconnectCallback
 .text.USBD_LL_Init
                0x000000000800648c       0xe4 ../../DaisyExamples/libDaisy/build/libdaisy.a(usbd_conf.o)
                0x000000000800648c                USBD_LL_Init
 .text.USBD_LL_Start
                0x0000000008006570       0x1c ../../DaisyExamples/libDaisy/build/libdaisy.a(usbd_conf.o)
                0x0000000008006570                USBD_LL_Start
 .text.USBD_LL_OpenEP
                0x000000000800658c       0x24 ../../DaisyExamples/libDaisy/build/libdaisy.a(usbd_conf.o)
                0x000000000800658c                USBD_LL_OpenEP
 .text.USBD_LL_CloseEP
                0x00000000080065b0       0x1c ../../DaisyExamples/libDaisy/build/libdaisy.a(usbd_conf.o)
                0x00000000080065b0                USBD_LL_CloseEP
 .text.USBD_LL_StallEP
                0x00000000080065cc       0x1c ../../DaisyExamples/libDaisy/build/libdaisy.a(usbd_conf.o)
                0x00000000080065cc                USBD_LL_StallEP
 .text.USBD_LL_ClearStallEP
                0x00000000080065e8       0x1c ../../DaisyExamples/libDaisy/build/libdaisy.a(usbd_conf.o)
                0x00000000080065e8                USBD_LL_ClearStallEP
 .text.USBD_LL_IsStallEP
                0x0000000008006604       0x28 ../../DaisyExamples/libDaisy/build/libdaisy.a(usbd_conf.o)
                0x0000000008006604                USBD_LL_IsStallEP
 .text.USBD_LL_SetUSBAddress
                0x000000000800662c       0x1c ../../DaisyExamples/libDaisy/build/libdaisy.a(usbd_conf.o)
                0x000000000800662c                USBD_LL_SetUSBAddress
 .text.USBD_LL_Transmit
                0x0000000008006648       0x1c ../../DaisyExamples/libDaisy/build/libdaisy.a(usbd_conf.o)
                0x0000000008006648                USBD_LL_Transmit
 .text.USBD_LL_PrepareReceive
                0x0000000008006664       0x1c ../../DaisyExamples/libDaisy/build/libdaisy.a(usbd_conf.o)
                0x0000000008006664                USBD_LL_PrepareReceive
 .text.USBD_LL_GetRxDataSize
                0x0000000008006680        0x8 ../../DaisyExamples/libDaisy/build/libdaisy.a(usbd_conf.o)
                0x0000000008006680                USBD_LL_GetRxDataSize
 .text.USBD_HS_DeviceDescriptor
                0x0000000008006688        0xc ../../DaisyExamples/libDaisy/build/libdaisy.a(usbd_desc.o)
                0x0000000008006688                USBD_HS_DeviceDescriptor
 .text.USBD_FS_DeviceDescriptor
                0x0000000008006694        0xc ../../DaisyExamples/libDaisy/build/libdaisy.a(usbd_desc.o)
                0x0000000008006694                USBD_FS_DeviceDescriptor
 .text.USBD_FS_LangIDStrDescriptor
                0x00000000080066a0        0xc ../../DaisyExamples/libDaisy/build/libdaisy.a(usbd_desc.o)
                0x00000000080066a0                USBD_FS_LangIDStrDescriptor
 .text.USBD_FS_ManufacturerStrDescriptor
                0x00000000080066ac       0x1c ../../DaisyExamples/libDaisy/build/libdaisy.a(usbd_desc.o)
                0x00000000080066ac                USBD_FS_ManufacturerStrDescriptor
 .text.USBD_HS_ProductStrDescriptor
                0x00000000080066c8       0x1c ../../DaisyExamples/libDaisy/build/libdaisy.a(usbd_desc.o)
                0x00000000080066c8                USBD_HS_ProductStrDescriptor
 .text.USBD_FS_ConfigStrDescriptor
                0x00000000080066e4       0x1c ../../DaisyExamples/libDaisy/build/libdaisy.a(usbd_desc.o)
                0x00000000080066e4                USBD_FS_ConfigStrDescriptor
 .text.USBD_FS_InterfaceStrDescriptor
                0x0000000008006700       0x1c ../../DaisyExamples/libDaisy/build/libdaisy.a(usbd_desc.o)
                0x0000000008006700                USBD_FS_InterfaceStrDescriptor
 .text.USBD_FS_ProductStrDescriptor
                0x000000000800671c       0x1c ../../DaisyExamples/libDaisy/build/libdaisy.a(usbd_desc.o)
                0x000000000800671c                USBD_FS_ProductStrDescriptor
 .text.USBD_HS_LangIDStrDescriptor
                0x0000000008006738        0xc ../../DaisyExamples/libDaisy/build/libdaisy.a(usbd_desc.o)
                0x0000000008006738                USBD_HS_LangIDStrDescriptor
 .text.USBD_HS_ManufacturerStrDescriptor
                0x0000000008006744       0x1c ../../DaisyExamples/libDaisy/build/libdaisy.a(usbd_desc.o)
                0x0000000008006744                USBD_HS_ManufacturerStrDescriptor
 .text.USBD_FS_SerialStrDescriptor
                0x0000000008006760      0x124 ../../DaisyExamples/libDaisy/build/libdaisy.a(usbd_desc.o)
                0x0000000008006760                USBD_FS_SerialStrDescriptor
 .text.USBD_HS_SerialStrDescriptor
                0x0000000008006884      0x124 ../../DaisyExamples/libDaisy/build/libdaisy.a(usbd_desc.o)
                0x0000000008006884                USBD_HS_SerialStrDescriptor
 .text.USBD_HS_InterfaceStrDescriptor
                0x00000000080069a8       0x1c ../../DaisyExamples/libDaisy/build/libdaisy.a(usbd_desc.o)
                0x00000000080069a8                USBD_HS_InterfaceStrDescriptor
 .text.USBD_HS_ConfigStrDescriptor
                0x00000000080069c4       0x1c ../../DaisyExamples/libDaisy/build/libdaisy.a(usbd_desc.o)
                0x00000000080069c4                USBD_HS_ConfigStrDescriptor
 .text.HAL_HCD_SOF_Callback
                0x00000000080069e0        0x8 ../../DaisyExamples/libDaisy/build/libdaisy.a(usbh_conf.o)
                0x00000000080069e0                HAL_HCD_SOF_Callback
 .text.HAL_HCD_Connect_Callback
                0x00000000080069e8        0x8 ../../DaisyExamples/libDaisy/build/libdaisy.a(usbh_conf.o)
                0x00000000080069e8                HAL_HCD_Connect_Callback
 .text.HAL_HCD_Disconnect_Callback
                0x00000000080069f0        0x8 ../../DaisyExamples/libDaisy/build/libdaisy.a(usbh_conf.o)
                0x00000000080069f0                HAL_HCD_Disconnect_Callback
 .text.HAL_HCD_HC_NotifyURBChange_Callback
                0x00000000080069f8        0x4 ../../DaisyExamples/libDaisy/build/libdaisy.a(usbh_conf.o)
                0x00000000080069f8                HAL_HCD_HC_NotifyURBChange_Callback
 .text.HAL_HCD_PortEnabled_Callback
                0x00000000080069fc        0x8 ../../DaisyExamples/libDaisy/build/libdaisy.a(usbh_conf.o)
                0x00000000080069fc                HAL_HCD_PortEnabled_Callback
 .text.HAL_HCD_PortDisabled_Callback
                0x0000000008006a04        0x8 ../../DaisyExamples/libDaisy/build/libdaisy.a(usbh_conf.o)
                0x0000000008006a04                HAL_HCD_PortDisabled_Callback
 .text.USBH_LL_Stop
                0x0000000008006a0c       0x1c ../../DaisyExamples/libDaisy/build/libdaisy.a(usbh_conf.o)
                0x0000000008006a0c                USBH_LL_Stop
 .text._ZN5daisy5Color4InitENS0_11PresetColorE
                0x0000000008006a28       0x20 ../../DaisyExamples/libDaisy/build/libdaisy.a(color.o)
                0x0000000008006a28                daisy::Color::Init(daisy::Color::PresetColor)
 .text.dsy_hal_map_get_port
                0x0000000008006a48       0x10 ../../DaisyExamples/libDaisy/build/libdaisy.a(hal_map.o)
                0x0000000008006a48                dsy_hal_map_get_port
 .text.dsy_hal_map_get_pin
                0x0000000008006a58       0x10 ../../DaisyExamples/libDaisy/build/libdaisy.a(hal_map.o)
                0x0000000008006a58                dsy_hal_map_get_pin
 .text.dsy_hal_map_gpio_clk_enable
                0x0000000008006a68      0x150 ../../DaisyExamples/libDaisy/build/libdaisy.a(hal_map.o)
                0x0000000008006a68                dsy_hal_map_gpio_clk_enable
 .text.HAL_MspInit
                0x0000000008006bb8        0x4 ../../DaisyExamples/libDaisy/build/libdaisy.a(stm32h7xx_hal.o)
                0x0000000008006bb8                HAL_MspInit
 .text.HAL_InitTick
                0x0000000008006bbc       0x4c ../../DaisyExamples/libDaisy/build/libdaisy.a(stm32h7xx_hal.o)
                0x0000000008006bbc                HAL_InitTick
 .text.HAL_Init
                0x0000000008006c08       0x60 ../../DaisyExamples/libDaisy/build/libdaisy.a(stm32h7xx_hal.o)
                0x0000000008006c08                HAL_Init
 .text.HAL_IncTick
                0x0000000008006c68       0x18 ../../DaisyExamples/libDaisy/build/libdaisy.a(stm32h7xx_hal.o)
                0x0000000008006c68                HAL_IncTick
 .text.HAL_GetTick
                0x0000000008006c80        0xc ../../DaisyExamples/libDaisy/build/libdaisy.a(stm32h7xx_hal.o)
                0x0000000008006c80                HAL_GetTick
 .text.HAL_Delay
                0x0000000008006c8c       0x24 ../../DaisyExamples/libDaisy/build/libdaisy.a(stm32h7xx_hal.o)
                0x0000000008006c8c                HAL_Delay
 .text.HAL_GetREVID
                0x0000000008006cb0        0xc ../../DaisyExamples/libDaisy/build/libdaisy.a(stm32h7xx_hal.o)
                0x0000000008006cb0                HAL_GetREVID
 .text.HAL_ADC_ConvHalfCpltCallback
                0x0000000008006cbc        0x4 ../../DaisyExamples/libDaisy/build/libdaisy.a(stm32h7xx_hal_adc.o)
                0x0000000008006cbc                HAL_ADC_ConvHalfCpltCallback
 .text.ADC_DMAHalfConvCplt
                0x0000000008006cc0        0xc ../../DaisyExamples/libDaisy/build/libdaisy.a(stm32h7xx_hal_adc.o)
                0x0000000008006cc0                ADC_DMAHalfConvCplt
 .text.ADC_DMAConvCplt
                0x0000000008006ccc       0x6c ../../DaisyExamples/libDaisy/build/libdaisy.a(stm32h7xx_hal_adc.o)
                0x0000000008006ccc                ADC_DMAConvCplt
 .text.ADC_DMAError
                0x0000000008006d38       0x1c ../../DaisyExamples/libDaisy/build/libdaisy.a(stm32h7xx_hal_adc.o)
                0x0000000008006d38                ADC_DMAError
 .text.HAL_ADC_ConfigChannel
                0x0000000008006d54      0x3fc ../../DaisyExamples/libDaisy/build/libdaisy.a(stm32h7xx_hal_adc.o)
                0x0000000008006d54                HAL_ADC_ConfigChannel
 .text.ADC_Enable
                0x0000000008007150       0xac ../../DaisyExamples/libDaisy/build/libdaisy.a(stm32h7xx_hal_adc.o)
                0x0000000008007150                ADC_Enable
 .text.HAL_ADC_Start_DMA
                0x00000000080071fc      0x114 ../../DaisyExamples/libDaisy/build/libdaisy.a(stm32h7xx_hal_adc.o)
                0x00000000080071fc                HAL_ADC_Start_DMA
 .text.ADC_Disable
                0x0000000008007310       0x68 ../../DaisyExamples/libDaisy/build/libdaisy.a(stm32h7xx_hal_adc.o)
                0x0000000008007310                ADC_Disable
 .text.ADC_ConfigureBoostMode
                0x0000000008007378      0x184 ../../DaisyExamples/libDaisy/build/libdaisy.a(stm32h7xx_hal_adc.o)
                0x0000000008007378                ADC_ConfigureBoostMode
 .text.HAL_ADC_Init
                0x00000000080074fc      0x218 ../../DaisyExamples/libDaisy/build/libdaisy.a(stm32h7xx_hal_adc.o)
                0x00000000080074fc                HAL_ADC_Init
 .text.HAL_ADCEx_Calibration_Start
                0x0000000008007714       0xa4 ../../DaisyExamples/libDaisy/build/libdaisy.a(stm32h7xx_hal_adc_ex.o)
                0x0000000008007714                HAL_ADCEx_Calibration_Start
 .text.HAL_ADCEx_MultiModeConfigChannel
                0x00000000080077b8       0xc4 ../../DaisyExamples/libDaisy/build/libdaisy.a(stm32h7xx_hal_adc_ex.o)
                0x00000000080077b8                HAL_ADCEx_MultiModeConfigChannel
 .text.HAL_NVIC_SetPriorityGrouping
                0x000000000800787c       0x24 ../../DaisyExamples/libDaisy/build/libdaisy.a(stm32h7xx_hal_cortex.o)
                0x000000000800787c                HAL_NVIC_SetPriorityGrouping
 .text.HAL_NVIC_SetPriority
                0x00000000080078a0       0x7c ../../DaisyExamples/libDaisy/build/libdaisy.a(stm32h7xx_hal_cortex.o)
                0x00000000080078a0                HAL_NVIC_SetPriority
 .text.HAL_NVIC_EnableIRQ
                0x000000000800791c       0x1c ../../DaisyExamples/libDaisy/build/libdaisy.a(stm32h7xx_hal_cortex.o)
                0x000000000800791c                HAL_NVIC_EnableIRQ
 .text.HAL_NVIC_DisableIRQ
                0x0000000008007938       0x28 ../../DaisyExamples/libDaisy/build/libdaisy.a(stm32h7xx_hal_cortex.o)
                0x0000000008007938                HAL_NVIC_DisableIRQ
 .text.HAL_SYSTICK_Config
                0x0000000008007960       0x2c ../../DaisyExamples/libDaisy/build/libdaisy.a(stm32h7xx_hal_cortex.o)
                0x0000000008007960                HAL_SYSTICK_Config
 .text.HAL_MPU_Disable
                0x000000000800798c       0x1c ../../DaisyExamples/libDaisy/build/libdaisy.a(stm32h7xx_hal_cortex.o)
                0x000000000800798c                HAL_MPU_Disable
 .text.HAL_MPU_Enable
                0x00000000080079a8       0x20 ../../DaisyExamples/libDaisy/build/libdaisy.a(stm32h7xx_hal_cortex.o)
                0x00000000080079a8                HAL_MPU_Enable
 .text.HAL_MPU_ConfigRegion
                0x00000000080079c8       0x64 ../../DaisyExamples/libDaisy/build/libdaisy.a(stm32h7xx_hal_cortex.o)
                0x00000000080079c8                HAL_MPU_ConfigRegion
 .text.HAL_SYSTICK_Callback
                0x0000000008007a2c        0x4 ../../DaisyExamples/libDaisy/build/libdaisy.a(stm32h7xx_hal_cortex.o)
                0x0000000008007a2c                HAL_SYSTICK_Callback
 .text.HAL_SYSTICK_IRQHandler
                0x0000000008007a30        0x8 ../../DaisyExamples/libDaisy/build/libdaisy.a(stm32h7xx_hal_cortex.o)
                0x0000000008007a30                HAL_SYSTICK_IRQHandler
 .text.DMA_CalcBaseAndBitshift
                0x0000000008007a38       0xf4 ../../DaisyExamples/libDaisy/build/libdaisy.a(stm32h7xx_hal_dma.o)
 .text.DMA_CalcDMAMUXChannelBaseAndMask
                0x0000000008007b2c       0xd8 ../../DaisyExamples/libDaisy/build/libdaisy.a(stm32h7xx_hal_dma.o)
 .text.HAL_DMA_Init
                0x0000000008007c04      0x37c ../../DaisyExamples/libDaisy/build/libdaisy.a(stm32h7xx_hal_dma.o)
                0x0000000008007c04                HAL_DMA_Init
 .text.HAL_DMA_Start_IT
                0x0000000008007f80      0x240 ../../DaisyExamples/libDaisy/build/libdaisy.a(stm32h7xx_hal_dma.o)
                0x0000000008007f80                HAL_DMA_Start_IT
 .text.HAL_DMA_Abort_IT
                0x00000000080081c0      0x134 ../../DaisyExamples/libDaisy/build/libdaisy.a(stm32h7xx_hal_dma.o)
                0x00000000080081c0                HAL_DMA_Abort_IT
 .text.HAL_DMA_IRQHandler
                0x00000000080082f4      0x6a0 ../../DaisyExamples/libDaisy/build/libdaisy.a(stm32h7xx_hal_dma.o)
                0x00000000080082f4                HAL_DMA_IRQHandler
 .text.HAL_DMA_GetError
                0x0000000008008994        0x4 ../../DaisyExamples/libDaisy/build/libdaisy.a(stm32h7xx_hal_dma.o)
                0x0000000008008994                HAL_DMA_GetError
 .text.HAL_GPIO_Init
                0x0000000008008998      0x280 ../../DaisyExamples/libDaisy/build/libdaisy.a(stm32h7xx_hal_gpio.o)
                0x0000000008008998                HAL_GPIO_Init
 .text.HAL_GPIO_DeInit
                0x0000000008008c18      0x190 ../../DaisyExamples/libDaisy/build/libdaisy.a(stm32h7xx_hal_gpio.o)
                0x0000000008008c18                HAL_GPIO_DeInit
 .text.HAL_GPIO_ReadPin
                0x0000000008008da8        0xc ../../DaisyExamples/libDaisy/build/libdaisy.a(stm32h7xx_hal_gpio.o)
                0x0000000008008da8                HAL_GPIO_ReadPin
 .text.HAL_GPIO_WritePin
                0x0000000008008db4        0x8 ../../DaisyExamples/libDaisy/build/libdaisy.a(stm32h7xx_hal_gpio.o)
                0x0000000008008db4                HAL_GPIO_WritePin
 .text.HAL_HCD_IRQHandler
                0x0000000008008dbc      0x780 ../../DaisyExamples/libDaisy/build/libdaisy.a(stm32h7xx_hal_hcd.o)
                0x0000000008008dbc                HAL_HCD_IRQHandler
 .text.HAL_HCD_Stop
                0x000000000800953c       0x28 ../../DaisyExamples/libDaisy/build/libdaisy.a(stm32h7xx_hal_hcd.o)
                0x000000000800953c                HAL_HCD_Stop
 .text.I2C_WaitOnTXISFlagUntilTimeout
                0x0000000008009564       0xb8 ../../DaisyExamples/libDaisy/build/libdaisy.a(stm32h7xx_hal_i2c.o)
 .text.I2C_WaitOnSTOPFlagUntilTimeout
                0x000000000800961c       0xac ../../DaisyExamples/libDaisy/build/libdaisy.a(stm32h7xx_hal_i2c.o)
 .text.HAL_I2C_Init
                0x00000000080096c8       0xac ../../DaisyExamples/libDaisy/build/libdaisy.a(stm32h7xx_hal_i2c.o)
                0x00000000080096c8                HAL_I2C_Init
 .text.HAL_I2C_Master_Transmit
                0x0000000008009774      0x1a8 ../../DaisyExamples/libDaisy/build/libdaisy.a(stm32h7xx_hal_i2c.o)
                0x0000000008009774                HAL_I2C_Master_Transmit
 .text.HAL_I2C_Slave_Transmit
                0x000000000800991c      0x1c8 ../../DaisyExamples/libDaisy/build/libdaisy.a(stm32h7xx_hal_i2c.o)
                0x000000000800991c                HAL_I2C_Slave_Transmit
 .text.HAL_I2C_EV_IRQHandler
                0x0000000008009ae4       0x10 ../../DaisyExamples/libDaisy/build/libdaisy.a(stm32h7xx_hal_i2c.o)
                0x0000000008009ae4                HAL_I2C_EV_IRQHandler
 .text.HAL_I2C_GetState
                0x0000000008009af4        0x8 ../../DaisyExamples/libDaisy/build/libdaisy.a(stm32h7xx_hal_i2c.o)
                0x0000000008009af4                HAL_I2C_GetState
 .text.HAL_I2CEx_ConfigAnalogFilter
                0x0000000008009afc       0x54 ../../DaisyExamples/libDaisy/build/libdaisy.a(stm32h7xx_hal_i2c_ex.o)
                0x0000000008009afc                HAL_I2CEx_ConfigAnalogFilter
 .text.HAL_I2CEx_ConfigDigitalFilter
                0x0000000008009b50       0x58 ../../DaisyExamples/libDaisy/build/libdaisy.a(stm32h7xx_hal_i2c_ex.o)
                0x0000000008009b50                HAL_I2CEx_ConfigDigitalFilter
 .text.HAL_PCD_Init
                0x0000000008009ba8      0x12c ../../DaisyExamples/libDaisy/build/libdaisy.a(stm32h7xx_hal_pcd.o)
                0x0000000008009ba8                HAL_PCD_Init
 .text.HAL_PCD_Start
                0x0000000008009cd4       0x44 ../../DaisyExamples/libDaisy/build/libdaisy.a(stm32h7xx_hal_pcd.o)
                0x0000000008009cd4                HAL_PCD_Start
 .text.HAL_PCD_IRQHandler
                0x0000000008009d18      0x69c ../../DaisyExamples/libDaisy/build/libdaisy.a(stm32h7xx_hal_pcd.o)
                0x0000000008009d18                HAL_PCD_IRQHandler
 .text.HAL_PCD_SetAddress
                0x000000000800a3b4       0x2c ../../DaisyExamples/libDaisy/build/libdaisy.a(stm32h7xx_hal_pcd.o)
                0x000000000800a3b4                HAL_PCD_SetAddress
 .text.HAL_PCD_EP_Open
                0x000000000800a3e0       0x7c ../../DaisyExamples/libDaisy/build/libdaisy.a(stm32h7xx_hal_pcd.o)
                0x000000000800a3e0                HAL_PCD_EP_Open
 .text.HAL_PCD_EP_Close
                0x000000000800a45c       0x6c ../../DaisyExamples/libDaisy/build/libdaisy.a(stm32h7xx_hal_pcd.o)
                0x000000000800a45c                HAL_PCD_EP_Close
 .text.HAL_PCD_EP_Receive
                0x000000000800a4c8       0x50 ../../DaisyExamples/libDaisy/build/libdaisy.a(stm32h7xx_hal_pcd.o)
                0x000000000800a4c8                HAL_PCD_EP_Receive
 .text.HAL_PCD_EP_GetRxCount
                0x000000000800a518       0x14 ../../DaisyExamples/libDaisy/build/libdaisy.a(stm32h7xx_hal_pcd.o)
                0x000000000800a518                HAL_PCD_EP_GetRxCount
 .text.HAL_PCD_EP_Transmit
                0x000000000800a52c       0x50 ../../DaisyExamples/libDaisy/build/libdaisy.a(stm32h7xx_hal_pcd.o)
                0x000000000800a52c                HAL_PCD_EP_Transmit
 .text.HAL_PCD_EP_SetStall
                0x000000000800a57c       0x88 ../../DaisyExamples/libDaisy/build/libdaisy.a(stm32h7xx_hal_pcd.o)
                0x000000000800a57c                HAL_PCD_EP_SetStall
 .text.HAL_PCD_EP_ClrStall
                0x000000000800a604       0x78 ../../DaisyExamples/libDaisy/build/libdaisy.a(stm32h7xx_hal_pcd.o)
                0x000000000800a604                HAL_PCD_EP_ClrStall
 .text.HAL_PCDEx_SetTxFiFo
                0x000000000800a67c       0x54 ../../DaisyExamples/libDaisy/build/libdaisy.a(stm32h7xx_hal_pcd_ex.o)
                0x000000000800a67c                HAL_PCDEx_SetTxFiFo
 .text.HAL_PCDEx_SetRxFiFo
                0x000000000800a6d0        0xc ../../DaisyExamples/libDaisy/build/libdaisy.a(stm32h7xx_hal_pcd_ex.o)
                0x000000000800a6d0                HAL_PCDEx_SetRxFiFo
 .text.HAL_PCDEx_ActivateLPM
                0x000000000800a6dc       0x30 ../../DaisyExamples/libDaisy/build/libdaisy.a(stm32h7xx_hal_pcd_ex.o)
                0x000000000800a6dc                HAL_PCDEx_ActivateLPM
 .text.HAL_PCDEx_LPM_Callback
                0x000000000800a70c        0x4 ../../DaisyExamples/libDaisy/build/libdaisy.a(stm32h7xx_hal_pcd_ex.o)
                0x000000000800a70c                HAL_PCDEx_LPM_Callback
 .text.HAL_PWREx_ConfigSupply
                0x000000000800a710       0x4c ../../DaisyExamples/libDaisy/build/libdaisy.a(stm32h7xx_hal_pwr_ex.o)
                0x000000000800a710                HAL_PWREx_ConfigSupply
 .text.HAL_PWREx_EnableUSBVoltageDetector
                0x000000000800a75c       0x10 ../../DaisyExamples/libDaisy/build/libdaisy.a(stm32h7xx_hal_pwr_ex.o)
                0x000000000800a75c                HAL_PWREx_EnableUSBVoltageDetector
 .text.QSPI_Config
                0x000000000800a76c      0x174 ../../DaisyExamples/libDaisy/build/libdaisy.a(stm32h7xx_hal_qspi.o)
 .text.HAL_QSPI_Init
                0x000000000800a8e0       0xd8 ../../DaisyExamples/libDaisy/build/libdaisy.a(stm32h7xx_hal_qspi.o)
                0x000000000800a8e0                HAL_QSPI_Init
 .text.HAL_QSPI_DeInit
                0x000000000800a9b8       0x3c ../../DaisyExamples/libDaisy/build/libdaisy.a(stm32h7xx_hal_qspi.o)
                0x000000000800a9b8                HAL_QSPI_DeInit
 .text.HAL_QSPI_Command
                0x000000000800a9f4       0xd4 ../../DaisyExamples/libDaisy/build/libdaisy.a(stm32h7xx_hal_qspi.o)
                0x000000000800a9f4                HAL_QSPI_Command
 .text.HAL_QSPI_Transmit
                0x000000000800aac8       0xfc ../../DaisyExamples/libDaisy/build/libdaisy.a(stm32h7xx_hal_qspi.o)
                0x000000000800aac8                HAL_QSPI_Transmit
 .text.HAL_QSPI_Receive
                0x000000000800abc4      0x108 ../../DaisyExamples/libDaisy/build/libdaisy.a(stm32h7xx_hal_qspi.o)
                0x000000000800abc4                HAL_QSPI_Receive
 .text.HAL_QSPI_AutoPolling
                0x000000000800accc       0xf0 ../../DaisyExamples/libDaisy/build/libdaisy.a(stm32h7xx_hal_qspi.o)
                0x000000000800accc                HAL_QSPI_AutoPolling
 .text.HAL_QSPI_MemoryMapped
                0x000000000800adbc       0xc0 ../../DaisyExamples/libDaisy/build/libdaisy.a(stm32h7xx_hal_qspi.o)
                0x000000000800adbc                HAL_QSPI_MemoryMapped
 .text.HAL_QSPI_ErrorCallback
                0x000000000800ae7c        0x4 ../../DaisyExamples/libDaisy/build/libdaisy.a(stm32h7xx_hal_qspi.o)
                0x000000000800ae7c                HAL_QSPI_ErrorCallback
 .text.QSPI_DMAAbortCplt
                0x000000000800ae80       0x38 ../../DaisyExamples/libDaisy/build/libdaisy.a(stm32h7xx_hal_qspi.o)
 .text.HAL_QSPI_AbortCpltCallback
                0x000000000800aeb8        0x4 ../../DaisyExamples/libDaisy/build/libdaisy.a(stm32h7xx_hal_qspi.o)
                0x000000000800aeb8                HAL_QSPI_AbortCpltCallback
 .text.HAL_QSPI_CmdCpltCallback
                0x000000000800aebc        0x4 ../../DaisyExamples/libDaisy/build/libdaisy.a(stm32h7xx_hal_qspi.o)
                0x000000000800aebc                HAL_QSPI_CmdCpltCallback
 .text.HAL_QSPI_RxCpltCallback
                0x000000000800aec0        0x4 ../../DaisyExamples/libDaisy/build/libdaisy.a(stm32h7xx_hal_qspi.o)
                0x000000000800aec0                HAL_QSPI_RxCpltCallback
 .text.HAL_QSPI_TxCpltCallback
                0x000000000800aec4        0x4 ../../DaisyExamples/libDaisy/build/libdaisy.a(stm32h7xx_hal_qspi.o)
                0x000000000800aec4                HAL_QSPI_TxCpltCallback
 .text.HAL_QSPI_FifoThresholdCallback
                0x000000000800aec8        0x4 ../../DaisyExamples/libDaisy/build/libdaisy.a(stm32h7xx_hal_qspi.o)
                0x000000000800aec8                HAL_QSPI_FifoThresholdCallback
 .text.HAL_QSPI_StatusMatchCallback
                0x000000000800aecc        0x4 ../../DaisyExamples/libDaisy/build/libdaisy.a(stm32h7xx_hal_qspi.o)
                0x000000000800aecc                HAL_QSPI_StatusMatchCallback
 .text.HAL_QSPI_TimeOutCallback
                0x000000000800aed0        0x4 ../../DaisyExamples/libDaisy/build/libdaisy.a(stm32h7xx_hal_qspi.o)
                0x000000000800aed0                HAL_QSPI_TimeOutCallback
 .text.HAL_QSPI_IRQHandler
                0x000000000800aed4      0x210 ../../DaisyExamples/libDaisy/build/libdaisy.a(stm32h7xx_hal_qspi.o)
                0x000000000800aed4                HAL_QSPI_IRQHandler
 .text.HAL_RCC_OscConfig
                0x000000000800b0e4      0x51c ../../DaisyExamples/libDaisy/build/libdaisy.a(stm32h7xx_hal_rcc.o)
                0x000000000800b0e4                HAL_RCC_OscConfig
 .text.HAL_RCC_GetSysClockFreq
                0x000000000800b600      0x140 ../../DaisyExamples/libDaisy/build/libdaisy.a(stm32h7xx_hal_rcc.o)
                0x000000000800b600                HAL_RCC_GetSysClockFreq
 .text.HAL_RCC_ClockConfig
                0x000000000800b740      0x234 ../../DaisyExamples/libDaisy/build/libdaisy.a(stm32h7xx_hal_rcc.o)
                0x000000000800b740                HAL_RCC_ClockConfig
 .text.HAL_RCC_GetHCLKFreq
                0x000000000800b974       0x2c ../../DaisyExamples/libDaisy/build/libdaisy.a(stm32h7xx_hal_rcc.o)
                0x000000000800b974                HAL_RCC_GetHCLKFreq
 .text.HAL_RCC_GetPCLK1Freq
                0x000000000800b9a0       0x38 ../../DaisyExamples/libDaisy/build/libdaisy.a(stm32h7xx_hal_rcc.o)
                0x000000000800b9a0                HAL_RCC_GetPCLK1Freq
 .text.HAL_RCC_GetPCLK2Freq
                0x000000000800b9d8       0x38 ../../DaisyExamples/libDaisy/build/libdaisy.a(stm32h7xx_hal_rcc.o)
                0x000000000800b9d8                HAL_RCC_GetPCLK2Freq
 .text.RCCEx_PLL2_Config
                0x000000000800ba10       0xf4 ../../DaisyExamples/libDaisy/build/libdaisy.a(stm32h7xx_hal_rcc_ex.o)
 .text.RCCEx_PLL3_Config
                0x000000000800bb04       0xf4 ../../DaisyExamples/libDaisy/build/libdaisy.a(stm32h7xx_hal_rcc_ex.o)
 .text.HAL_RCCEx_PeriphCLKConfig
                0x000000000800bbf8      0xa7c ../../DaisyExamples/libDaisy/build/libdaisy.a(stm32h7xx_hal_rcc_ex.o)
                0x000000000800bbf8                HAL_RCCEx_PeriphCLKConfig
 .text.HAL_RCCEx_GetD3PCLK1Freq
                0x000000000800c674       0x24 ../../DaisyExamples/libDaisy/build/libdaisy.a(stm32h7xx_hal_rcc_ex.o)
                0x000000000800c674                HAL_RCCEx_GetD3PCLK1Freq
 .text.HAL_RCCEx_GetPLL2ClockFreq
                0x000000000800c698      0x17c ../../DaisyExamples/libDaisy/build/libdaisy.a(stm32h7xx_hal_rcc_ex.o)
                0x000000000800c698                HAL_RCCEx_GetPLL2ClockFreq
 .text.HAL_RCCEx_GetPLL3ClockFreq
                0x000000000800c814      0x17c ../../DaisyExamples/libDaisy/build/libdaisy.a(stm32h7xx_hal_rcc_ex.o)
                0x000000000800c814                HAL_RCCEx_GetPLL3ClockFreq
 .text.HAL_RCCEx_GetPLL1ClockFreq
                0x000000000800c990      0x17c ../../DaisyExamples/libDaisy/build/libdaisy.a(stm32h7xx_hal_rcc_ex.o)
                0x000000000800c990                HAL_RCCEx_GetPLL1ClockFreq
 .text.HAL_RCCEx_GetPeriphCLKFreq
                0x000000000800cb0c      0x198 ../../DaisyExamples/libDaisy/build/libdaisy.a(stm32h7xx_hal_rcc_ex.o)
                0x000000000800cb0c                HAL_RCCEx_GetPeriphCLKFreq
 .text.HAL_RCCEx_GetD1SysClockFreq
                0x000000000800cca4       0x2c ../../DaisyExamples/libDaisy/build/libdaisy.a(stm32h7xx_hal_rcc_ex.o)
                0x000000000800cca4                HAL_RCCEx_GetD1SysClockFreq
 .text.HAL_SAI_Init.part.0
                0x000000000800ccd0      0x348 ../../DaisyExamples/libDaisy/build/libdaisy.a(stm32h7xx_hal_sai.o)
 .text.HAL_SAI_InitProtocol
                0x000000000800d018      0x178 ../../DaisyExamples/libDaisy/build/libdaisy.a(stm32h7xx_hal_sai.o)
                0x000000000800d018                HAL_SAI_InitProtocol
 .text.HAL_SAI_Transmit_DMA
                0x000000000800d190      0x124 ../../DaisyExamples/libDaisy/build/libdaisy.a(stm32h7xx_hal_sai.o)
                0x000000000800d190                HAL_SAI_Transmit_DMA
 .text.HAL_SAI_Receive_DMA
                0x000000000800d2b4       0xd0 ../../DaisyExamples/libDaisy/build/libdaisy.a(stm32h7xx_hal_sai.o)
                0x000000000800d2b4                HAL_SAI_Receive_DMA
 .text.HAL_SAI_TxCpltCallback
                0x000000000800d384        0x4 ../../DaisyExamples/libDaisy/build/libdaisy.a(stm32h7xx_hal_sai.o)
                0x000000000800d384                HAL_SAI_TxCpltCallback
 .text.SAI_DMATxCplt
                0x000000000800d388       0x64 ../../DaisyExamples/libDaisy/build/libdaisy.a(stm32h7xx_hal_sai.o)
 .text.HAL_SAI_TxHalfCpltCallback
                0x000000000800d3ec        0x4 ../../DaisyExamples/libDaisy/build/libdaisy.a(stm32h7xx_hal_sai.o)
                0x000000000800d3ec                HAL_SAI_TxHalfCpltCallback
 .text.SAI_DMATxHalfCplt
                0x000000000800d3f0        0xc ../../DaisyExamples/libDaisy/build/libdaisy.a(stm32h7xx_hal_sai.o)
 .text.SAI_DMARxCplt
                0x000000000800d3fc       0x64 ../../DaisyExamples/libDaisy/build/libdaisy.a(stm32h7xx_hal_sai.o)
 .text.SAI_DMARxHalfCplt
                0x000000000800d460        0xc ../../DaisyExamples/libDaisy/build/libdaisy.a(stm32h7xx_hal_sai.o)
 .text.HAL_SAI_ErrorCallback
                0x000000000800d46c        0x4 ../../DaisyExamples/libDaisy/build/libdaisy.a(stm32h7xx_hal_sai.o)
                0x000000000800d46c                HAL_SAI_ErrorCallback
 .text.SAI_DMAError
                0x000000000800d470       0x6c ../../DaisyExamples/libDaisy/build/libdaisy.a(stm32h7xx_hal_sai.o)
 .text.HAL_SDRAM_Init
                0x000000000800d4dc       0x54 ../../DaisyExamples/libDaisy/build/libdaisy.a(stm32h7xx_hal_sdram.o)
                0x000000000800d4dc                HAL_SDRAM_Init
 .text.HAL_SDRAM_SendCommand
                0x000000000800d530       0x40 ../../DaisyExamples/libDaisy/build/libdaisy.a(stm32h7xx_hal_sdram.o)
                0x000000000800d530                HAL_SDRAM_SendCommand
 .text.HAL_SDRAM_ProgramRefreshRate
                0x000000000800d570       0x30 ../../DaisyExamples/libDaisy/build/libdaisy.a(stm32h7xx_hal_sdram.o)
                0x000000000800d570                HAL_SDRAM_ProgramRefreshRate
 .text.HAL_UART_Transmit_DMA
                0x000000000800d5a0       0xa4 ../../DaisyExamples/libDaisy/build/libdaisy.a(stm32h7xx_hal_uart.o)
                0x000000000800d5a0                HAL_UART_Transmit_DMA
 .text.HAL_UART_Receive_DMA
                0x000000000800d644       0xac ../../DaisyExamples/libDaisy/build/libdaisy.a(stm32h7xx_hal_uart.o)
                0x000000000800d644                HAL_UART_Receive_DMA
 .text.UART_DMATransmitCplt
                0x000000000800d6f0       0x2c ../../DaisyExamples/libDaisy/build/libdaisy.a(stm32h7xx_hal_uart.o)
 .text.HAL_UART_TxHalfCpltCallback
                0x000000000800d71c        0x4 ../../DaisyExamples/libDaisy/build/libdaisy.a(stm32h7xx_hal_uart.o)
                0x000000000800d71c                HAL_UART_TxHalfCpltCallback
 .text.UART_DMATxHalfCplt
                0x000000000800d720        0xc ../../DaisyExamples/libDaisy/build/libdaisy.a(stm32h7xx_hal_uart.o)
 .text.UART_DMAReceiveCplt
                0x000000000800d72c       0x38 ../../DaisyExamples/libDaisy/build/libdaisy.a(stm32h7xx_hal_uart.o)
 .text.UART_DMARxHalfCplt
                0x000000000800d764        0xc ../../DaisyExamples/libDaisy/build/libdaisy.a(stm32h7xx_hal_uart.o)
 .text.UART_DMAError
                0x000000000800d770       0x78 ../../DaisyExamples/libDaisy/build/libdaisy.a(stm32h7xx_hal_uart.o)
 .text.HAL_UART_IRQHandler
                0x000000000800d7e8      0x1d0 ../../DaisyExamples/libDaisy/build/libdaisy.a(stm32h7xx_hal_uart.o)
                0x000000000800d7e8                HAL_UART_IRQHandler
 .text.UART_DMAAbortOnError
                0x000000000800d9b8       0x14 ../../DaisyExamples/libDaisy/build/libdaisy.a(stm32h7xx_hal_uart.o)
 .text.HAL_UART_GetState
                0x000000000800d9cc        0xc ../../DaisyExamples/libDaisy/build/libdaisy.a(stm32h7xx_hal_uart.o)
                0x000000000800d9cc                HAL_UART_GetState
 .text.UART_SetConfig
                0x000000000800d9d8     0x14b8 ../../DaisyExamples/libDaisy/build/libdaisy.a(stm32h7xx_hal_uart.o)
                0x000000000800d9d8                UART_SetConfig
 .text.UART_AdvFeatureConfig
                0x000000000800ee90       0xb0 ../../DaisyExamples/libDaisy/build/libdaisy.a(stm32h7xx_hal_uart.o)
                0x000000000800ee90                UART_AdvFeatureConfig
 .text.UART_CheckIdleState
                0x000000000800ef40       0x84 ../../DaisyExamples/libDaisy/build/libdaisy.a(stm32h7xx_hal_uart.o)
                0x000000000800ef40                UART_CheckIdleState
 .text.HAL_UART_Init
                0x000000000800efc4       0x68 ../../DaisyExamples/libDaisy/build/libdaisy.a(stm32h7xx_hal_uart.o)
                0x000000000800efc4                HAL_UART_Init
 .text.HAL_UARTEx_WakeupCallback
                0x000000000800f02c        0x4 ../../DaisyExamples/libDaisy/build/libdaisy.a(stm32h7xx_hal_uart_ex.o)
                0x000000000800f02c                HAL_UARTEx_WakeupCallback
 .text.HAL_UARTEx_RxFifoFullCallback
                0x000000000800f030        0x4 ../../DaisyExamples/libDaisy/build/libdaisy.a(stm32h7xx_hal_uart_ex.o)
                0x000000000800f030                HAL_UARTEx_RxFifoFullCallback
 .text.HAL_UARTEx_TxFifoEmptyCallback
                0x000000000800f034        0x4 ../../DaisyExamples/libDaisy/build/libdaisy.a(stm32h7xx_hal_uart_ex.o)
                0x000000000800f034                HAL_UARTEx_TxFifoEmptyCallback
 .text.HAL_UARTEx_DisableFifoMode
                0x000000000800f038       0x3c ../../DaisyExamples/libDaisy/build/libdaisy.a(stm32h7xx_hal_uart_ex.o)
                0x000000000800f038                HAL_UARTEx_DisableFifoMode
 .text.HAL_UARTEx_SetTxFifoThreshold
                0x000000000800f074       0xa4 ../../DaisyExamples/libDaisy/build/libdaisy.a(stm32h7xx_hal_uart_ex.o)
                0x000000000800f074                HAL_UARTEx_SetTxFifoThreshold
 .text.HAL_UARTEx_SetRxFifoThreshold
                0x000000000800f118       0xa4 ../../DaisyExamples/libDaisy/build/libdaisy.a(stm32h7xx_hal_uart_ex.o)
                0x000000000800f118                HAL_UARTEx_SetRxFifoThreshold
 .text.FMC_SDRAM_Init
                0x000000000800f1bc       0x7c ../../DaisyExamples/libDaisy/build/libdaisy.a(stm32h7xx_ll_fmc.o)
                0x000000000800f1bc                FMC_SDRAM_Init
 .text.FMC_SDRAM_Timing_Init
                0x000000000800f238       0x98 ../../DaisyExamples/libDaisy/build/libdaisy.a(stm32h7xx_ll_fmc.o)
                0x000000000800f238                FMC_SDRAM_Timing_Init
 .text.FMC_SDRAM_SendCommand
                0x000000000800f2d0       0x28 ../../DaisyExamples/libDaisy/build/libdaisy.a(stm32h7xx_ll_fmc.o)
                0x000000000800f2d0                FMC_SDRAM_SendCommand
 .text.FMC_SDRAM_ProgramRefreshRate
                0x000000000800f2f8       0x1c ../../DaisyExamples/libDaisy/build/libdaisy.a(stm32h7xx_ll_fmc.o)
                0x000000000800f2f8                FMC_SDRAM_ProgramRefreshRate
 .text.USB_CoreInit
                0x000000000800f314      0x124 ../../DaisyExamples/libDaisy/build/libdaisy.a(stm32h7xx_ll_usb.o)
                0x000000000800f314                USB_CoreInit
 .text.USB_SetTurnaroundTime
                0x000000000800f438      0x104 ../../DaisyExamples/libDaisy/build/libdaisy.a(stm32h7xx_ll_usb.o)
                0x000000000800f438                USB_SetTurnaroundTime
 .text.USB_EnableGlobalInt
                0x000000000800f53c       0x10 ../../DaisyExamples/libDaisy/build/libdaisy.a(stm32h7xx_ll_usb.o)
                0x000000000800f53c                USB_EnableGlobalInt
 .text.USB_DisableGlobalInt
                0x000000000800f54c       0x10 ../../DaisyExamples/libDaisy/build/libdaisy.a(stm32h7xx_ll_usb.o)
                0x000000000800f54c                USB_DisableGlobalInt
 .text.USB_SetCurrentMode
                0x000000000800f55c       0x30 ../../DaisyExamples/libDaisy/build/libdaisy.a(stm32h7xx_ll_usb.o)
                0x000000000800f55c                USB_SetCurrentMode
 .text.USB_DevInit
                0x000000000800f58c      0x20c ../../DaisyExamples/libDaisy/build/libdaisy.a(stm32h7xx_ll_usb.o)
                0x000000000800f58c                USB_DevInit
 .text.USB_FlushTxFifo
                0x000000000800f798       0x34 ../../DaisyExamples/libDaisy/build/libdaisy.a(stm32h7xx_ll_usb.o)
                0x000000000800f798                USB_FlushTxFifo
 .text.USB_GetDevSpeed
                0x000000000800f7cc       0x24 ../../DaisyExamples/libDaisy/build/libdaisy.a(stm32h7xx_ll_usb.o)
                0x000000000800f7cc                USB_GetDevSpeed
 .text.USB_ActivateEndpoint
                0x000000000800f7f0       0x90 ../../DaisyExamples/libDaisy/build/libdaisy.a(stm32h7xx_ll_usb.o)
                0x000000000800f7f0                USB_ActivateEndpoint
 .text.USB_DeactivateEndpoint
                0x000000000800f880       0x84 ../../DaisyExamples/libDaisy/build/libdaisy.a(stm32h7xx_ll_usb.o)
                0x000000000800f880                USB_DeactivateEndpoint
 .text.USB_EPStartXfer
                0x000000000800f904      0x230 ../../DaisyExamples/libDaisy/build/libdaisy.a(stm32h7xx_ll_usb.o)
                0x000000000800f904                USB_EPStartXfer
 .text.USB_EP0StartXfer
                0x000000000800fb34      0x174 ../../DaisyExamples/libDaisy/build/libdaisy.a(stm32h7xx_ll_usb.o)
                0x000000000800fb34                USB_EP0StartXfer
 .text.USB_WritePacket
                0x000000000800fca8       0x2c ../../DaisyExamples/libDaisy/build/libdaisy.a(stm32h7xx_ll_usb.o)
                0x000000000800fca8                USB_WritePacket
 .text.USB_ReadPacket
                0x000000000800fcd4       0x20 ../../DaisyExamples/libDaisy/build/libdaisy.a(stm32h7xx_ll_usb.o)
                0x000000000800fcd4                USB_ReadPacket
 .text.USB_EPSetStall
                0x000000000800fcf4       0x68 ../../DaisyExamples/libDaisy/build/libdaisy.a(stm32h7xx_ll_usb.o)
                0x000000000800fcf4                USB_EPSetStall
 .text.USB_EPClearStall
                0x000000000800fd5c       0x58 ../../DaisyExamples/libDaisy/build/libdaisy.a(stm32h7xx_ll_usb.o)
                0x000000000800fd5c                USB_EPClearStall
 .text.USB_SetDevAddress
                0x000000000800fdb4       0x24 ../../DaisyExamples/libDaisy/build/libdaisy.a(stm32h7xx_ll_usb.o)
                0x000000000800fdb4                USB_SetDevAddress
 .text.USB_DevConnect
                0x000000000800fdd8       0x1c ../../DaisyExamples/libDaisy/build/libdaisy.a(stm32h7xx_ll_usb.o)
                0x000000000800fdd8                USB_DevConnect
 .text.USB_DevDisconnect
                0x000000000800fdf4       0x1c ../../DaisyExamples/libDaisy/build/libdaisy.a(stm32h7xx_ll_usb.o)
                0x000000000800fdf4                USB_DevDisconnect
 .text.USB_ReadInterrupts
                0x000000000800fe10       0x14 ../../DaisyExamples/libDaisy/build/libdaisy.a(stm32h7xx_ll_usb.o)
                0x000000000800fe10                USB_ReadInterrupts
 .text.USB_ReadDevAllOutEpInterrupt
                0x000000000800fe24       0x1c ../../DaisyExamples/libDaisy/build/libdaisy.a(stm32h7xx_ll_usb.o)
                0x000000000800fe24                USB_ReadDevAllOutEpInterrupt
 .text.USB_ReadDevAllInEpInterrupt
                0x000000000800fe40       0x1c ../../DaisyExamples/libDaisy/build/libdaisy.a(stm32h7xx_ll_usb.o)
                0x000000000800fe40                USB_ReadDevAllInEpInterrupt
 .text.USB_ReadDevOutEPInterrupt
                0x000000000800fe5c       0x1c ../../DaisyExamples/libDaisy/build/libdaisy.a(stm32h7xx_ll_usb.o)
                0x000000000800fe5c                USB_ReadDevOutEPInterrupt
 .text.USB_ReadDevInEPInterrupt
                0x000000000800fe78       0x38 ../../DaisyExamples/libDaisy/build/libdaisy.a(stm32h7xx_ll_usb.o)
                0x000000000800fe78                USB_ReadDevInEPInterrupt
 .text.USB_GetMode
                0x000000000800feb0        0x8 ../../DaisyExamples/libDaisy/build/libdaisy.a(stm32h7xx_ll_usb.o)
                0x000000000800feb0                USB_GetMode